teaches(Beam, Rao,Abadam, Faiz)
teaches(Beam, Rao,Abdel, Marvis)
teaches(Beam, Rao,Affa, Akia)
teaches(Beam, Rao,Aiken, Roberto)
teaches(Beam, Rao,Al-douli, Gustavo)
teaches(Beam, Rao,Alston, Angela)
teaches(Beam, Rao,Althouse, Kristina)
teaches(Beam, Rao,Aman, Danielle)
teaches(Beam, Rao,Aman, Samuel)
teaches(Beam, Rao,Arocho, Tameishaon)
teaches(Beam, Rao,Arsenault, Florin)
teaches(Beam, Rao,Arthur, Jocelyn)
teaches(Beam, Rao,Bach, Ruth)
teaches(Beam, Rao,Bader, Eugene)
teaches(Beam, Rao,Baines, Rhonda)
teaches(Beam, Rao,Bell, Darlene)
teaches(Beam, Rao,Belur, Shirley)
teaches(Beam, Rao,Bhate, Jaysen)
teaches(Beam, Rao,Blackwell, Chen-chang)
teaches(Beam, Rao,Blankenship, Kelly)
teaches(Beam, Rao,Bogedain, Satyam)
teaches(Beam, Rao,Brill, Shamonda)
teaches(Beam, Rao,Britton, Tawana)
teaches(Beam, Rao,Burnett, Analyn)
teaches(Beam, Rao,Cai, Anjlica)
teaches(Beam, Rao,Cai, Audrey)
teaches(Beam, Rao,Caimol, Sarah-jean)
teaches(Beam, Rao,Campbell, Chris)
teaches(Beam, Rao,Cancado, Fahad)
teaches(Beam, Rao,Castillo, Collin)
teaches(Beam, Rao,Chandrasekaran, Brian)
teaches(Beam, Rao,Chang, Sherrina)
teaches(Beam, Rao,Chen, Nancy)
teaches(Beam, Rao,Chiang, Donell)
teaches(Beam, Rao,Cordner, Glenn)
teaches(Beam, Rao,Courtney, Sabria)
teaches(Beam, Rao,Coverdale, Emory)
teaches(Beam, Rao,Craft, Jessie)
teaches(Beam, Rao,DAmico, Balaje)
teaches(Beam, Rao,Dacruz, Jaime)
teaches(Beam, Rao,Dempsey, Jonita)
teaches(Beam, Rao,Dharanikota, Patty)
teaches(Beam, Rao,Disanto, Gustavo)
teaches(Beam, Rao,Do, Jonathon)
teaches(Beam, Rao,Dobrydnev, Denise)
teaches(Beam, Rao,Dunn, Amy)
teaches(Beam, Rao,Dyer, Nikkia)
teaches(Beam, Rao,Edgerton, Mong-tuyen)
teaches(Beam, Rao,Edmonds, Temarie)
teaches(Beam, Rao,El-hammouchi, Lashema)
teaches(Beam, Rao,Engstrand, Angela)
teaches(Beam, Rao,Fajota, Rhonda)
teaches(Beam, Rao,Fajota, Thomas)
teaches(Beam, Rao,Fathi, Ian)
teaches(Beam, Rao,Faulks, Joseph)
teaches(Beam, Rao,Ferlazzo, Alan)
teaches(Beam, Rao,Fisher, Kelly)
teaches(Beam, Rao,Freeman, Ray)
teaches(Beam, Rao,Garcia, Anna)
teaches(Beam, Rao,Gibson, Mohammad)
teaches(Beam, Rao,Glaves, Jonathan)
teaches(Beam, Rao,Gomez, Megan)
teaches(Beam, Rao,Grasso, Tammy)
teaches(Beam, Rao,Gray, Catherine)
teaches(Beam, Rao,Guess, Jose)
teaches(Beam, Rao,Hakim, Richard)
teaches(Beam, Rao,Hargrove, Brett)
teaches(Beam, Rao,Harvey, Samuel)
teaches(Beam, Rao,Hedrick, Dagim)
teaches(Beam, Rao,Helm, Mattanyah)
teaches(Beam, Rao,Hensil, Tameishaon)
teaches(Beam, Rao,Hester, Tameishaon)
teaches(Beam, Rao,Hitt, Iii)
teaches(Beam, Rao,Hodkins, Ricardo)
teaches(Beam, Rao,Hoferkamp, Kurt)
teaches(Beam, Rao,Holton, Sarah-jean)
teaches(Beam, Rao,Hood, Ricardo)
teaches(Beam, Rao,Hughes, Ahmad)
teaches(Beam, Rao,Hussein, Thepiolus)
teaches(Beam, Rao,Huynh, Belainesh)
teaches(Beam, Rao,Hyder, Catherine)
teaches(Beam, Rao,Imtiaz, Rhonda)
teaches(Beam, Rao,Janda, Tanisha)
teaches(Beam, Rao,Janosko, Suheil)
teaches(Beam, Rao,Jefferson, Adam)
teaches(Beam, Rao,Jensen, Shanda)
teaches(Beam, Rao,Jewett, Torria)
teaches(Beam, Rao,Johnson, Jeremy)
teaches(Beam, Rao,Kidd, Jeremiah)
teaches(Beam, Rao,Kidd, Shanti)
teaches(Beam, Rao,Koodallur, Jamell)
teaches(Beam, Rao,Kost, Jodi)
teaches(Beam, Rao,Lambert, Rosalee)
teaches(Beam, Rao,Lebeau, Surendar)
teaches(Beam, Rao,Lewandowski, Ramanjit)
teaches(Beam, Rao,Lewis, Lakesha)
teaches(Beam, Rao,Lighthart, Mayranne)
teaches(Beam, Rao,Lobo, Hesham)
teaches(Beam, Rao,Logue, Lakesha)
teaches(Beam, Rao,Lota, Kathy)
teaches(Beam, Rao,Lowery, Ginny)
teaches(Beam, Rao,Lowery, Han)
teaches(Beam, Rao,Lutz, Christina)
teaches(Beam, Rao,Mahmuda, Grazia)
teaches(Beam, Rao,Major, Samuel)
teaches(Beam, Rao,Mallavaram, Anthony)
teaches(Beam, Rao,Marable, Tameishaon)
teaches(Beam, Rao,Martinez, Verdette)
teaches(Beam, Rao,Matsko, Angela)
teaches(Beam, Rao,Maxey, Sonny)
teaches(Beam, Rao,Mcclish, Jianqiu)
teaches(Beam, Rao,Mcnaull, Mandi)
teaches(Beam, Rao,Mcneece, Rhonda)
teaches(Beam, Rao,Medapati, Boris)
teaches(Beam, Rao,Mills, Sachie)
teaches(Beam, Rao,Mitchell, Latashia)
teaches(Beam, Rao,Moseley, Kerry)
teaches(Beam, Rao,Moustafa, Showna)
teaches(Beam, Rao,Mozingo, Adam)
teaches(Beam, Rao,Mulamba, Jonathon)
teaches(Beam, Rao,Mundell, Christian)
teaches(Beam, Rao,Ogunleye, Tameishaon)
teaches(Beam, Rao,Owen, Latha)
teaches(Beam, Rao,Paganelli, Adnan)
teaches(Beam, Rao,Pagano, Marco)
teaches(Beam, Rao,Paige, Xiaobing)
teaches(Beam, Rao,Parker, Kailash)
teaches(Beam, Rao,Patel, Sarah-jean)
teaches(Beam, Rao,Pereras, Elron)
teaches(Beam, Rao,Pezzetti, Yusong)
teaches(Beam, Rao,Phillips, Jianqiu)
teaches(Beam, Rao,Pidugu, Kaesha)
teaches(Beam, Rao,Pizzillo, Tameishaon)
teaches(Beam, Rao,Powell, Cleveland)
teaches(Beam, Rao,Querimit, Jeremiah)
teaches(Beam, Rao,Rankin, Tia)
teaches(Beam, Rao,Romain, Khang)
teaches(Beam, Rao,Rouse,, Jana)
teaches(Beam, Rao,Sabir, Ernest)
teaches(Beam, Rao,Seals, Dwayne)
teaches(Beam, Rao,Seavey, Rajiv)
teaches(Beam, Rao,Shabazz, Lan)
teaches(Beam, Rao,Shawnik, Lujain)
teaches(Beam, Rao,Shelton, Kennie)
teaches(Beam, Rao,Simcoe, Gustavo)
teaches(Beam, Rao,Simcoe, Nikolay)
teaches(Beam, Rao,Simcoe, Ricardo)
teaches(Beam, Rao,Simcoe, Tariq)
teaches(Beam, Rao,Singleton, Jefrado)
teaches(Beam, Rao,Snow, Candaice)
teaches(Beam, Rao,Snow, Enrique)
teaches(Beam, Rao,Sorrell, Cenk)
teaches(Beam, Rao,Southard, Jianqiu)
teaches(Beam, Rao,Southerland, Gustavo)
teaches(Beam, Rao,Spahnie, Dagim)
teaches(Beam, Rao,Sparks, Gustavo)
teaches(Beam, Rao,Spratley, Jaysen)
teaches(Beam, Rao,Stinson, Ricardo)
teaches(Beam, Rao,Sturm, Lara)
teaches(Beam, Rao,Sura, Elvin)
teaches(Beam, Rao,Tandoc, Latonya)
teaches(Beam, Rao,Taxis, Candias)
teaches(Beam, Rao,Toida, Sonny)
teaches(Beam, Rao,Travaglio, Amil)
teaches(Beam, Rao,Tsai, Anthony)
teaches(Beam, Rao,Tubyangye, Charissa)
teaches(Beam, Rao,Uecker, Yu-chieh)
teaches(Beam, Rao,Vann, Rhonda)
teaches(Beam, Rao,Velasquez, Adam)
teaches(Beam, Rao,Veney, Paul)
teaches(Beam, Rao,Waddell, Jaysen)
teaches(Beam, Rao,Wade, Travis)
teaches(Beam, Rao,Washington, Rajesh)
teaches(Beam, Rao,Webb, Charissa)
teaches(Beam, Rao,Wetherington, Delvin)
teaches(Beam, Rao,Winslow, Christin)
teaches(Beam, Rao,Witherspoon,, Satyam)
teaches(Beam, Rao,Withycomb, Samuel)
teaches(Beam, Rao,Wittges, Kivondra)
teaches(Beam, Rao,Wolford, Gena)
teaches(Beam, Rao,Woodland, Chen-chang)
teaches(Beam, Rao,Yoder, Brian)
teaches(Beam, Rao,Yoder, Ranjit)
teaches(Beam, Rao,Yoon, Chen-chang)
teaches(Beam, Rao,Young, Heidi)
teaches(Beam, Rao,Zamora, Sheng)
teaches(Beam, Rao,Zang, Fu-sheng)
teaches(Beam, Rao,Zhai, Arthur)
teaches(Bogacki, Rao,Aadhan, Lujain)
teaches(Bogacki, Rao,Abbott, Sadina)
teaches(Bogacki, Rao,Al-mhsoon, Abdulkarim)
teaches(Bogacki, Rao,Al-mhsoon, Colin)
teaches(Bogacki, Rao,Al-sajary, Tyrone)
teaches(Bogacki, Rao,Alharbi, Dagim)
teaches(Bogacki, Rao,Assefa, Trent)
teaches(Bogacki, Rao,Bannon, Latricia)
teaches(Bogacki, Rao,Bannon, Shaun)
teaches(Bogacki, Rao,Beaty, Althea)
teaches(Bogacki, Rao,Biascan, Tyrone)
teaches(Bogacki, Rao,Bolden, Latrice)
teaches(Bogacki, Rao,Brammer, Jucoby)
teaches(Bogacki, Rao,Bright, John)
teaches(Bogacki, Rao,Britt, Trent)
teaches(Bogacki, Rao,Brown, Carrie)
teaches(Bogacki, Rao,Bueno, Jasmine)
teaches(Bogacki, Rao,Burgess, Diamond)
teaches(Bogacki, Rao,Cole, Ricardo)
teaches(Bogacki, Rao,Coleman, Xiaobing)
teaches(Bogacki, Rao,Cooke, Tonya)
teaches(Bogacki, Rao,Cosio, Sonny)
teaches(Bogacki, Rao,Cramblit, Gerald)
teaches(Bogacki, Rao,Cramblit, Lasharon)
teaches(Bogacki, Rao,Crognale, Harvey)
teaches(Bogacki, Rao,Cushing, Lakesha)
teaches(Bogacki, Rao,Dammalapati, Grant)
teaches(Bogacki, Rao,Davis, Analyn)
teaches(Bogacki, Rao,Degraaf, Calvin)
teaches(Bogacki, Rao,Dharanikota, Jonathon)
teaches(Bogacki, Rao,Didier, Jianqiu)
teaches(Bogacki, Rao,Diemont, Chen-chang)
teaches(Bogacki, Rao,Dooley, Aimee)
teaches(Bogacki, Rao,Egan, Clairesse)
teaches(Bogacki, Rao,Engstrand, Amol)
teaches(Bogacki, Rao,Espiritu, Glenn)
teaches(Bogacki, Rao,Fomunyoh, Ronald)
teaches(Bogacki, Rao,Fomunyoh, Sunil)
teaches(Bogacki, Rao,Frisby, Samuel)
teaches(Bogacki, Rao,Germono, Zubair)
teaches(Bogacki, Rao,Geronimo, Tyler)
teaches(Bogacki, Rao,Glenn, Brian)
teaches(Bogacki, Rao,Gonzalez, Ahmad)
teaches(Bogacki, Rao,Good, Tameishaon)
teaches(Bogacki, Rao,Goral, Zubair)
teaches(Bogacki, Rao,Gordon, Sean)
teaches(Bogacki, Rao,Green, Maximo)
teaches(Bogacki, Rao,Gresham, Cheryl)
teaches(Bogacki, Rao,Harrington, Amy)
teaches(Bogacki, Rao,Harrington, Earl)
teaches(Bogacki, Rao,Harwood, Ellena)
teaches(Bogacki, Rao,Herrmann, Keriann)
teaches(Bogacki, Rao,Hitt, Boaz)
teaches(Bogacki, Rao,Howland, Ricardo)
teaches(Bogacki, Rao,Hummeldorf, Johnelle)
teaches(Bogacki, Rao,Irintchev, Kerrin)
teaches(Bogacki, Rao,Irintchev, Shailendra)
teaches(Bogacki, Rao,Ishom, Juanita)
teaches(Bogacki, Rao,Jacobs, Lyn)
teaches(Bogacki, Rao,Joyner, Svinurai)
teaches(Bogacki, Rao,Karpeev, Audrey)
teaches(Bogacki, Rao,Kearney, Tequilla)
teaches(Bogacki, Rao,Knepp, Tyla)
teaches(Bogacki, Rao,Koh, Amol)
teaches(Bogacki, Rao,Kumar, Roy)
teaches(Bogacki, Rao,La, Angela)
teaches(Bogacki, Rao,La, Guifen)
teaches(Bogacki, Rao,Lan, Han)
teaches(Bogacki, Rao,Loggins, Masudur)
teaches(Bogacki, Rao,Lucas, Erica)
teaches(Bogacki, Rao,Lunsford, Clelia)
teaches(Bogacki, Rao,Luo, Corie)
teaches(Bogacki, Rao,Lynn, Seyed)
teaches(Bogacki, Rao,Mack, Bridget)
teaches(Bogacki, Rao,Major, Audrey)
teaches(Bogacki, Rao,Major, Ezaz)
teaches(Bogacki, Rao,Major, Kristi)
teaches(Bogacki, Rao,Maratos, Srihari)
teaches(Bogacki, Rao,Mcadoo, Gladys)
teaches(Bogacki, Rao,Mcghee, Tariq)
teaches(Bogacki, Rao,Mcneely, Shana)
teaches(Bogacki, Rao,Mojica, Robert)
teaches(Bogacki, Rao,Nelson, Andre)
teaches(Bogacki, Rao,Neveu, Stefan)
teaches(Bogacki, Rao,Nguyen, Ahmad)
teaches(Bogacki, Rao,Niepraschk, Tawana)
teaches(Bogacki, Rao,Outlaw, Yohannes)
teaches(Bogacki, Rao,Pal, Christy)
teaches(Bogacki, Rao,Parker, Bor-wen)
teaches(Bogacki, Rao,Parker, Christin)
teaches(Bogacki, Rao,Parker, Jaysen)
teaches(Bogacki, Rao,Pedersen, Derek)
teaches(Bogacki, Rao,Pingel, Erikka)
teaches(Bogacki, Rao,Pratt, Michalakis)
teaches(Bogacki, Rao,Pyle, Chi)
teaches(Bogacki, Rao,Richter, Sheffan)
teaches(Bogacki, Rao,Rivero, Rhonda)
teaches(Bogacki, Rao,Rohrer, Eliott)
teaches(Bogacki, Rao,Rudder, Glory-jane)
teaches(Bogacki, Rao,Santiago, Hung-an)
teaches(Bogacki, Rao,Schultz, Lory)
teaches(Bogacki, Rao,Shao, Latisha)
teaches(Bogacki, Rao,Shutt, Charlene)
teaches(Bogacki, Rao,Simcoe, Rosalee)
teaches(Bogacki, Rao,Simcoe, Serkan)
teaches(Bogacki, Rao,Solis, Matthew)
teaches(Bogacki, Rao,Sonkin, Saba)
teaches(Bogacki, Rao,Sontag, Mohammed)
teaches(Bogacki, Rao,Sutherland, Jaysen)
teaches(Bogacki, Rao,Swann, Jay)
teaches(Bogacki, Rao,Syed, Derek)
teaches(Bogacki, Rao,Tajima, Srikanth)
teaches(Bogacki, Rao,Talkad, Tawana)
teaches(Bogacki, Rao,Taxis, Fatmata)
teaches(Bogacki, Rao,Thymides, Andrea)
teaches(Bogacki, Rao,Tobey, Ricardo)
teaches(Bogacki, Rao,Wang, Askia)
teaches(Bogacki, Rao,Wang, Julio)
teaches(Bogacki, Rao,Warner, Teerasak)
teaches(Bogacki, Rao,Watson, Jamie)
teaches(Bogacki, Rao,Watzlavick, Don)
teaches(Bogacki, Rao,Wheatley-adler, Chi)
teaches(Bogacki, Rao,Wilkins, Nura)
teaches(Bogacki, Rao,Wingler, Nadia)
teaches(Bogacki, Rao,Winslow, Catherine)
teaches(Bogacki, Rao,Witham, Victoria)
teaches(Bogacki, Rao,Wittges, Iii)
teaches(Bogacki, Rao,Wooley, Balaje)
teaches(Bogacki, Rao,Yamashita, Jaysen)
teaches(Bogacki, Rao,Yue, Nabil)
teaches(Bogacki, Rao,Zhao, Balaje)
teaches(Bogacki, Rao,Zotikos, Danu)
teaches(Caro, Virgil,Arnold, Hayley)
teaches(Caro, Virgil,Atherley, Justin)
teaches(Caro, Virgil,Baank, Pavan)
teaches(Caro, Virgil,Canada, Ransford)
teaches(Caro, Virgil,Castillo, Fahad)
teaches(Caro, Virgil,Elmiligui, Moizhussain)
teaches(Caro, Virgil,Fernandez, Corrigan)
teaches(Caro, Virgil,Gorozabel, Luz)
teaches(Caro, Virgil,Haywood, Jayakumar)
teaches(Caro, Virgil,Hobson, Judith)
teaches(Caro, Virgil,Huff, Lakesha)
teaches(Caro, Virgil,Lawson, Judy)
teaches(Caro, Virgil,Manke, Maximo)
teaches(Caro, Virgil,Mansfield, Catherine)
teaches(Caro, Virgil,Marino, Chad)
teaches(Caro, Virgil,Menio, Yunchuan)
teaches(Caro, Virgil,Monsi, Janel)
teaches(Caro, Virgil,Narra, Julie)
teaches(Caro, Virgil,Noble, Jillian)
teaches(Caro, Virgil,Redmond, Patrycja)
teaches(Caro, Virgil,Riddick, Tameishaon)
teaches(Caro, Virgil,Rusak, Ricardo)
teaches(Caro, Virgil,Seavey, Dilip)
teaches(Caro, Virgil,Teachey, Tyrone)
teaches(Caro, Virgil,Voightritter, Wanda)
teaches(Caro, Virgil,Woodbury, Jeffrey)
teaches(Cooper, James F,Allen, Latasha)
teaches(Cooper, James F,Blackmon, Markeese)
teaches(Cooper, James F,Murphy, Ngoc)
teaches(Doviak, Charlie,Anan, Jucoby)
teaches(Doviak, Charlie,Angeles, Clelia)
teaches(Doviak, Charlie,Askew, Tariq)
teaches(Doviak, Charlie,Atherley, Justin)
teaches(Doviak, Charlie,Ayres,, Erica)
teaches(Doviak, Charlie,Barber, Kalpesh)
teaches(Doviak, Charlie,Barnes, Maria)
teaches(Doviak, Charlie,Boxley, Nam)
teaches(Doviak, Charlie,Bracy, Faiz)
teaches(Doviak, Charlie,Bueno, Taimur)
teaches(Doviak, Charlie,Burns, Brad)
teaches(Doviak, Charlie,Castillo, Fahad)
teaches(Doviak, Charlie,Chadwick, Constantinos)
teaches(Doviak, Charlie,Coleman, Stacey)
teaches(Doviak, Charlie,Corton, Lawanda)
teaches(Doviak, Charlie,Cotter, Gustavo)
teaches(Doviak, Charlie,Crane, Neil)
teaches(Doviak, Charlie,Crawford, Amy)
teaches(Doviak, Charlie,Demagu, Kathryn)
teaches(Doviak, Charlie,Dharanikota, Nazneen)
teaches(Doviak, Charlie,Dixon, Gustavo)
teaches(Doviak, Charlie,Doan, Corie)
teaches(Doviak, Charlie,Elam, Denetra)
teaches(Doviak, Charlie,Ellington, Lakesha)
teaches(Doviak, Charlie,Ellis, Arthur)
teaches(Doviak, Charlie,Elsey, Shunta)
teaches(Doviak, Charlie,Escobar, Bijay)
teaches(Doviak, Charlie,Estes, Garry)
teaches(Doviak, Charlie,Gaertner, Sonny)
teaches(Doviak, Charlie,Galderisi, Brian)
teaches(Doviak, Charlie,Ghanem, Soumya)
teaches(Doviak, Charlie,Gibbs, Ilya)
teaches(Doviak, Charlie,Greiber, Ann)
teaches(Doviak, Charlie,Griffith, Francis)
teaches(Doviak, Charlie,Han, Endia)
teaches(Doviak, Charlie,Hoilman, Glen)
teaches(Doviak, Charlie,Holmes, Tameishaon)
teaches(Doviak, Charlie,Imtiaz, Dagim)
teaches(Doviak, Charlie,Jakatdar, Cary)
teaches(Doviak, Charlie,Jung, Andre)
teaches(Doviak, Charlie,Kholief, Catherine)
teaches(Doviak, Charlie,Kidd, Ahmad)
teaches(Doviak, Charlie,Kidd, Jane)
teaches(Doviak, Charlie,King, Sonny)
teaches(Doviak, Charlie,Lawson, Judy)
teaches(Doviak, Charlie,Lopez, Clinton)
teaches(Doviak, Charlie,Lopez, Donald)
teaches(Doviak, Charlie,Lowery, Ricardo)
teaches(Doviak, Charlie,Major, Ricardo)
teaches(Doviak, Charlie,Marmon, Manoharreddy)
teaches(Doviak, Charlie,Marr, Darice)
teaches(Doviak, Charlie,Mason, Jenifer)
teaches(Doviak, Charlie,Mcmullen, Heath)
teaches(Doviak, Charlie,Mcpherson, Lucy)
teaches(Doviak, Charlie,Mcvicker, Gustavo)
teaches(Doviak, Charlie,Medina, Ilya)
teaches(Doviak, Charlie,Melkonian, Xiaobing)
teaches(Doviak, Charlie,Mills, Jinghua)
teaches(Doviak, Charlie,Mohammed, Sonny)
teaches(Doviak, Charlie,Moore, Casey)
teaches(Doviak, Charlie,Muhammad, Gustavo)
teaches(Doviak, Charlie,Neathery, Hesham)
teaches(Doviak, Charlie,Neathery, Qi)
teaches(Doviak, Charlie,Nganga, Chen-chang)
teaches(Doviak, Charlie,Osborn, Omran)
teaches(Doviak, Charlie,Page, Sumant)
teaches(Doviak, Charlie,Panek, Hussain)
teaches(Doviak, Charlie,Parker, Sarah-jean)
teaches(Doviak, Charlie,Rapp, Veronica)
teaches(Doviak, Charlie,Ravichandran, Yunzhe)
teaches(Doviak, Charlie,Rezendes, Tariq)
teaches(Doviak, Charlie,Rollins, Amy)
teaches(Doviak, Charlie,Seran, Hung-an)
teaches(Doviak, Charlie,Simcoe, Shameka)
teaches(Doviak, Charlie,Stamaria, Koura)
teaches(Doviak, Charlie,Stancill, Dennison)
teaches(Doviak, Charlie,Taylor, Balaje)
teaches(Doviak, Charlie,Tomioka, Vaibhav)
teaches(Doviak, Charlie,Waldo, Balaje)
teaches(Doviak, Charlie,Waun, Usman)
teaches(Doviak, Charlie,Wright, Cruz)
teaches(Doviak, Charlie,Zachos, Rosalee)
teaches(Duce, L,Greaves, Waleed)
teaches(Duce, L,Kyzer, Gustavo)
teaches(Duce, L,Woods, Claude)
teaches(Greco, Homer,Bauzon, Kimberly)
teaches(Greco, Homer,Behl, Shawn)
teaches(Greco, Homer,Campbell, Daqing)
teaches(Greco, Homer,Cornelison, Vladimir)
teaches(Greco, Homer,Dang, Tawana)
teaches(Greco, Homer,Farag, Jeff)
teaches(Greco, Homer,Gary, Anthony)
teaches(Greco, Homer,Haywood, Anjlica)
teaches(Greco, Homer,Holliday, Randal)
teaches(Greco, Homer,Long, Julian)
teaches(Greco, Homer,Mason, Jenifer)
teaches(Greco, Homer,Smyth, Abolawole)
teaches(Greco, Homer,Waters, Jeremy)
teaches(Greco, Homer,Woods, Dan)
teaches(Hu, Ram,Adapala, Yo)
teaches(Hu, Ram,Al-mhsoon, Emad)
teaches(Hu, Ram,Arrington, Althea)
teaches(Hu, Ram,Ashwell, Leilani)
teaches(Hu, Ram,Atherley, Justin)
teaches(Hu, Ram,Azarian, Joyce)
teaches(Hu, Ram,Bannon, Qiaoling)
teaches(Hu, Ram,Bolton, Dean)
teaches(Hu, Ram,Borden, Courteney)
teaches(Hu, Ram,Bostic, Kishore)
teaches(Hu, Ram,Brinsfield, Debra)
teaches(Hu, Ram,Bueno, Xiaoming)
teaches(Hu, Ram,Caplinger, Navnit)
teaches(Hu, Ram,Carrion, Carl)
teaches(Hu, Ram,Carson, Natalie)
teaches(Hu, Ram,Carter, Amanda)
teaches(Hu, Ram,Cors, Gretchen)
teaches(Hu, Ram,Craft, Jianqiu)
teaches(Hu, Ram,Crenshaw, Jeremiah)
teaches(Hu, Ram,Crouch, Shaun)
teaches(Hu, Ram,Cuckov, Lakia)
teaches(Hu, Ram,Dais, Roland)
teaches(Hu, Ram,Dean, Wayne)
teaches(Hu, Ram,Dela, Darrell)
teaches(Hu, Ram,Dews, Lyn)
teaches(Hu, Ram,Dozier, Emily)
teaches(Hu, Ram,Engstrand, Tameishaon)
teaches(Hu, Ram,Flis, Brian)
teaches(Hu, Ram,Gerard, Taylor)
teaches(Hu, Ram,Gilbert, Malvin)
teaches(Hu, Ram,Gopal, Jillian)
teaches(Hu, Ram,Herbert, Nhu)
teaches(Hu, Ram,Hodgson, Dorae)
teaches(Hu, Ram,Holtzclaw, Yun)
teaches(Hu, Ram,Khan, Madhusudan)
teaches(Hu, Ram,Komna, Trelane)
teaches(Hu, Ram,Korink, Kenneth)
teaches(Hu, Ram,Kormath, Isam)
teaches(Hu, Ram,Koulermou, Amee)
teaches(Hu, Ram,Lankford, Ricardo)
teaches(Hu, Ram,Littrell, Teresa)
teaches(Hu, Ram,Lopez, Tariq)
teaches(Hu, Ram,Luster, Chunhong)
teaches(Hu, Ram,Lymbouris, Sonny)
teaches(Hu, Ram,Mahmuda, Fatemah)
teaches(Hu, Ram,Major, Rhonda)
teaches(Hu, Ram,Mallet, Wei-hsue)
teaches(Hu, Ram,Martin, Anthony)
teaches(Hu, Ram,Mayur, Candis)
teaches(Hu, Ram,Mendonsa, Fahad)
teaches(Hu, Ram,Mills, Adrian)
teaches(Hu, Ram,Mohammad, Irhonda)
teaches(Hu, Ram,Morales, Rajiv)
teaches(Hu, Ram,Moro, Davi)
teaches(Hu, Ram,Nanjundaswamy, Tariq)
teaches(Hu, Ram,Parker, Sheffan)
teaches(Hu, Ram,Paysinger, Raj)
teaches(Hu, Ram,Pellett, Catherine)
teaches(Hu, Ram,Pittman, Ii)
teaches(Hu, Ram,Pogue, Andrey)
teaches(Hu, Ram,Pogue, Brahmadatt)
teaches(Hu, Ram,Reasor, Tierra)
teaches(Hu, Ram,Rocci, Gustavo)
teaches(Hu, Ram,Rogers, Andrew)
teaches(Hu, Ram,Rouse,, Jana)
teaches(Hu, Ram,Rusak, Ricardo)
teaches(Hu, Ram,Ryland, Narong)
teaches(Hu, Ram,Sample, Derek)
teaches(Hu, Ram,Seyoum, Xkoshan)
teaches(Hu, Ram,Simcoe, Ramesh)
teaches(Hu, Ram,Smith, Michelle)
teaches(Hu, Ram,Swegan, Vincent)
teaches(Hu, Ram,Vangala, Jaysen)
teaches(Hu, Ram,Vaughan, Sabria)
teaches(Hu, Ram,Wu, Deana)
teaches(Hu, Ram,Yayla, Akia)
teaches(Keeton, Gayle,Angeles, Sonny)
teaches(Keeton, Gayle,Baldwin, Gustavo)
teaches(Keeton, Gayle,Bannon, Carlin)
teaches(Keeton, Gayle,Barner, Mason)
teaches(Keeton, Gayle,Barton, Gustavo)
teaches(Keeton, Gayle,Bueno, Juanita)
teaches(Keeton, Gayle,Calderon, Sherri)
teaches(Keeton, Gayle,Colborne, Temarie)
teaches(Keeton, Gayle,Cornelison, Vladimir)
teaches(Keeton, Gayle,Cornetski, Haiyan)
teaches(Keeton, Gayle,Crichton, Sonny)
teaches(Keeton, Gayle,Cuckov, Lakia)
teaches(Keeton, Gayle,Dharanikota, Jaysen)
teaches(Keeton, Gayle,Ellis, Arthur)
teaches(Keeton, Gayle,Engstrand, Kathy)
teaches(Keeton, Gayle,Grantz, Son)
teaches(Keeton, Gayle,Henninger, Christin)
teaches(Keeton, Gayle,Hobson, Judith)
teaches(Keeton, Gayle,Kaiser, Mary)
teaches(Keeton, Gayle,Kowalsky, Hesham)
teaches(Keeton, Gayle,Lester, Angela)
teaches(Keeton, Gayle,Mcvicker, Gustavo)
teaches(Keeton, Gayle,Melkonian, Xiaobing)
teaches(Keeton, Gayle,Mengert, Lemar)
teaches(Keeton, Gayle,Mitchell, Jeremiah)
teaches(Keeton, Gayle,Mukherjee, Cynthia)
teaches(Keeton, Gayle,Musselman, Warren)
teaches(Keeton, Gayle,Nicely, Lakesha)
teaches(Keeton, Gayle,Paul, Catherine)
teaches(Keeton, Gayle,Pittman, Ii)
teaches(Keeton, Gayle,Poe, Angela)
teaches(Keeton, Gayle,Raines, Corrigan)
teaches(Keeton, Gayle,Rashid, Temarie)
teaches(Keeton, Gayle,Reyes, Gustavo)
teaches(Keeton, Gayle,Roberson, Brett)
teaches(Keeton, Gayle,Robertson, Min)
teaches(Keeton, Gayle,Sattar, Anh)
teaches(Keeton, Gayle,Seyoum, Xkoshan)
teaches(Keeton, Gayle,Shawnik, Woudineh)
teaches(Keeton, Gayle,Simcoe, Anthony)
teaches(Keeton, Gayle,Simcoe, Roneshe)
teaches(Keeton, Gayle,Stamaria, Koura)
teaches(Keeton, Gayle,Starr, Dawn)
teaches(Keeton, Gayle,Trimarchi, Deveda)
teaches(Keeton, Gayle,Tyer, Dagim)
teaches(Keeton, Gayle,Yirga, Juanita)
teaches(Keeton, Gayle,Zahir, Cryshel)
teaches(Keyes, John,Abdel, Tariq)
teaches(Keyes, John,Adapala, Quinn)
teaches(Keyes, John,Aksu, Zhipeng)
teaches(Keyes, John,Al-dahash, Amod)
teaches(Keyes, John,Al-khaled, Jeremiah)
teaches(Keyes, John,Al-qallaf, Jianqiu)
teaches(Keyes, John,Alrashidi, Sheila)
teaches(Keyes, John,Alrashoud, Arijit)
teaches(Keyes, John,Alston, Kalpesh)
teaches(Keyes, John,Althouse, Liana)
teaches(Keyes, John,Althouse, Suparna)
teaches(Keyes, John,Alvarez, I)
teaches(Keyes, John,Alvarez, Toan)
teaches(Keyes, John,Ames, Xiaoming)
teaches(Keyes, John,Ammay, Sudheer)
teaches(Keyes, John,Anan, Denita)
teaches(Keyes, John,Anan, Geneva)
teaches(Keyes, John,Anan, Hilaryalexan)
teaches(Keyes, John,Anan, Ryan)
teaches(Keyes, John,Anderson, Nathan)
teaches(Keyes, John,Antonio, Deveda)
teaches(Keyes, John,Antonucci, Jing)
teaches(Keyes, John,Arthur, Carol)
teaches(Keyes, John,Arthur, Victor)
teaches(Keyes, John,Ashby, Gustavo)
teaches(Keyes, John,Aspiras, Leslie)
teaches(Keyes, John,Augeri, Sara)
teaches(Keyes, John,Austin, Sheffan)
teaches(Keyes, John,Bagley, Sonny)
teaches(Keyes, John,Bailey, Tenesha)
teaches(Keyes, John,Ball, Christin)
teaches(Keyes, John,Barber, Rhonda)
teaches(Keyes, John,Barnes, Beyhan)
teaches(Keyes, John,Barnes, Cary)
teaches(Keyes, John,Barnes, Rizwan)
teaches(Keyes, John,Barnes, Shannon)
teaches(Keyes, John,Barrs, Derek)
teaches(Keyes, John,Berry, Neleh)
teaches(Keyes, John,Bhoopalam, Zhipeng)
teaches(Keyes, John,Billy, Latisha)
teaches(Keyes, John,Bilyou, Jeremy)
teaches(Keyes, John,Bock, Liceny)
teaches(Keyes, John,Boland, Ilya)
teaches(Keyes, John,Bolch, Ehsan)
teaches(Keyes, John,Bowman, Deanna)
teaches(Keyes, John,Bradney, Alicia-janel)
teaches(Keyes, John,Brillantes, Rosalee)
teaches(Keyes, John,Britton, Divyesh)
teaches(Keyes, John,Britton, Jaysen)
teaches(Keyes, John,Britton, Louis)
teaches(Keyes, John,Bryant, Deborah)
teaches(Keyes, John,Bryant, Krista)
teaches(Keyes, John,Bryant, Vishal)
teaches(Keyes, John,Bueno, Ahmed)
teaches(Keyes, John,Burgess, Der)
teaches(Keyes, John,Burgess, Lara)
teaches(Keyes, John,Burgess, Margaret)
teaches(Keyes, John,Burgess, Seema)
teaches(Keyes, John,Burrell, Kathleen)
teaches(Keyes, John,Burris, Audrey)
teaches(Keyes, John,Cadwallader, Arijit)
teaches(Keyes, John,Cahill, Kendall)
teaches(Keyes, John,Cahill, Shang-lin)
teaches(Keyes, John,Cai, Evans)
teaches(Keyes, John,Calabrese, Kristin)
teaches(Keyes, John,Caplinger, Ashley)
teaches(Keyes, John,Carpenter, Balaje)
teaches(Keyes, John,Carr, Basiru)
teaches(Keyes, John,Castillo, Chandrika)
teaches(Keyes, John,Castro, Yo)
teaches(Keyes, John,Cecil, Balaje)
teaches(Keyes, John,Chan, Gladys)
teaches(Keyes, John,Chandran, Balaje)
teaches(Keyes, John,Channon, Lujain)
teaches(Keyes, John,Charpentier, Anthony)
teaches(Keyes, John,Chatman, Lashema)
teaches(Keyes, John,Chien, Lucy)
teaches(Keyes, John,Chigodora, Panniko)
teaches(Keyes, John,Chokshi, Tina)
teaches(Keyes, John,Christiansen, Irma)
teaches(Keyes, John,Combs, Clinton)
teaches(Keyes, John,Conaway, Kiran)
teaches(Keyes, John,Copeland, Rudolf)
teaches(Keyes, John,Cotton, Selena)
teaches(Keyes, John,Cox, Prashanth)
teaches(Keyes, John,Creedon, Jaysen)
teaches(Keyes, John,Creekmore, Jaysen)
teaches(Keyes, John,Cucchiara, Rolando)
teaches(Keyes, John,Cummings, Jena)
teaches(Keyes, John,Cushing, Donald)
teaches(Keyes, John,Custis, Amber)
teaches(Keyes, John,Cyriac, Glen)
teaches(Keyes, John,Daugherty, Nabil)
teaches(Keyes, John,Daughtry, Gustavo)
teaches(Keyes, John,Deaner, Dagim)
teaches(Keyes, John,Deensie, Mohamed)
teaches(Keyes, John,Dent, Xiaobing)
teaches(Keyes, John,Determan, Glen)
teaches(Keyes, John,Devaney, Qiaoling)
teaches(Keyes, John,Dharanikota, Amy)
teaches(Keyes, John,Dibble, Chaitanya)
teaches(Keyes, John,Dmuchowski, Tyrone)
teaches(Keyes, John,Dobrian, Rajiv)
teaches(Keyes, John,Drummond, Danielle)
teaches(Keyes, John,Duckworth, Dobson)
teaches(Keyes, John,Eddleman, Abdullah)
teaches(Keyes, John,Ehrich, Kari)
teaches(Keyes, John,Elmore, Ramon)
teaches(Keyes, John,Engstrand, Balaje)
teaches(Keyes, John,Engstrand, Han)
teaches(Keyes, John,Espaillat, Garry)
teaches(Keyes, John,Espinoza, Frederick)
teaches(Keyes, John,Fagan, Chol)
teaches(Keyes, John,Farjam, Lashema)
teaches(Keyes, John,Fender, Randolph)
teaches(Keyes, John,Fields, Valerie)
teaches(Keyes, John,Fitzgerald, Danielle)
teaches(Keyes, John,Floodeen, Tangela)
teaches(Keyes, John,Florin, Jianqiu)
teaches(Keyes, John,Fonseca, Carolyne)
teaches(Keyes, John,Foy, Young)
teaches(Keyes, John,Francis, Courteney)
teaches(Keyes, John,Frost, Jay)
teaches(Keyes, John,Fu, Srikanth)
teaches(Keyes, John,Gefrich, Deveda)
teaches(Keyes, John,Gifford, Marc)
teaches(Keyes, John,Gipson, Roy)
teaches(Keyes, John,Givens, Iman)
teaches(Keyes, John,Good, Madhusudan)
teaches(Keyes, John,Goodman, Brian)
teaches(Keyes, John,Goodwyn, Surendar)
teaches(Keyes, John,Gore, Julio)
teaches(Keyes, John,Granger, Rania)
teaches(Keyes, John,Griffin, Rajiv)
teaches(Keyes, John,Guess, Darren)
teaches(Keyes, John,Guess, Keriann)
teaches(Keyes, John,Guess, Koushika)
teaches(Keyes, John,Gulick, Adam)
teaches(Keyes, John,Guntur, Deana)
teaches(Keyes, John,Gwartney, Sheila)
teaches(Keyes, John,Halbauer, Deborah)
teaches(Keyes, John,Hannon, Khang)
teaches(Keyes, John,Harcum, Melissa)
teaches(Keyes, John,Hard, Subhash)
teaches(Keyes, John,Hare, Jaysen)
teaches(Keyes, John,Harrigan, Derick)
teaches(Keyes, John,Harrington, Hung-an)
teaches(Keyes, John,Hartl, Maximo)
teaches(Keyes, John,Hawkins, George)
teaches(Keyes, John,Hawkins, Tyla)
teaches(Keyes, John,Hayes, Rajiv)
teaches(Keyes, John,Haywood, Eid)
teaches(Keyes, John,Haywood, Glenn)
teaches(Keyes, John,Heath, Leon)
teaches(Keyes, John,Hedgepeth, Hieu)
teaches(Keyes, John,Hendrick, Audrey)
teaches(Keyes, John,Hill, Corrie)
teaches(Keyes, John,Hinton, Monique)
teaches(Keyes, John,Hitt, Hung-an)
teaches(Keyes, John,Hitt, Niya)
teaches(Keyes, John,Hitt, Ronak)
teaches(Keyes, John,Hitt, Rory)
teaches(Keyes, John,Hooper, Krystyn)
teaches(Keyes, John,Hopkins, Terrence)
teaches(Keyes, John,Houdershell, Esther)
teaches(Keyes, John,Hoyt, Martez)
teaches(Keyes, John,Hsu, Jianqiu)
teaches(Keyes, John,Hu, Wei-hsue)
teaches(Keyes, John,Hubbard, Melanie)
teaches(Keyes, John,Hughes, Balaje)
teaches(Keyes, John,Hulsandra, Joseph)
teaches(Keyes, John,Hutchison, Tawana)
teaches(Keyes, John,Jackson, Praveen)
teaches(Keyes, John,Jarrett, Candaice)
teaches(Keyes, John,Jefferson, Audrey)
teaches(Keyes, John,Jiang, Cruz)
teaches(Keyes, John,Joa, Tameishaon)
teaches(Keyes, John,Kadidal, Wagnus)
teaches(Keyes, John,Kalemdaroglu, Scott)
teaches(Keyes, John,Kamara, Dafei)
teaches(Keyes, John,Kandimalla, Cruz)
teaches(Keyes, John,Katragadda, Rufeng)
teaches(Keyes, John,Keefe, Fernando)
teaches(Keyes, John,Keltner, Rose)
teaches(Keyes, John,Keshava, Marie)
teaches(Keyes, John,Kidd, Hui-ling)
teaches(Keyes, John,Kidd, Jacqueline)
teaches(Keyes, John,Kidd, Kermit)
teaches(Keyes, John,Kidd, Venkat)
teaches(Keyes, John,Kinjarapu, Sharron)
teaches(Keyes, John,Klutch, Rhonda)
teaches(Keyes, John,Konduri, Audrey)
teaches(Keyes, John,Koodallur, Tequilla)
teaches(Keyes, John,Kulkarni, Trent)
teaches(Keyes, John,Lacy, Caryn)
teaches(Keyes, John,Lancaon, Jonathon)
teaches(Keyes, John,Laucks, Lujain)
teaches(Keyes, John,Lawrence, Soumya)
teaches(Keyes, John,Lee, Brandi)
teaches(Keyes, John,Legeckis, Cruz)
teaches(Keyes, John,Levine, Prasad)
teaches(Keyes, John,Lima, Quiana)
teaches(Keyes, John,Lina, Xiaoming)
teaches(Keyes, John,Liu, Jonathon)
teaches(Keyes, John,Livingston, Deveda)
teaches(Keyes, John,Locke, Nunthaporn)
teaches(Keyes, John,Logan, Cecilia)
teaches(Keyes, John,Long, Rajiv)
teaches(Keyes, John,Lopez, Cruz)
teaches(Keyes, John,Lopez, Roy)
teaches(Keyes, John,Lopez, Sudeep)
teaches(Keyes, John,Lucas, Haishi)
teaches(Keyes, John,Lundquist, Gustavo)
teaches(Keyes, John,Macdonald, Tameishaon)
teaches(Keyes, John,Magalski, Audrey)
teaches(Keyes, John,Major, Abdul)
teaches(Keyes, John,Major, Catherine)
teaches(Keyes, John,Major, Glenn)
teaches(Keyes, John,Major, Rhonda)
teaches(Keyes, John,Major, Tiffany)
teaches(Keyes, John,Malla, Samuel)
teaches(Keyes, John,Maratos, Samuel)
teaches(Keyes, John,Marcelino, Magambo)
teaches(Keyes, John,Mathias, Nabil)
teaches(Keyes, John,Mchone, Derek)
teaches(Keyes, John,Mercer, Surendar)
teaches(Keyes, John,Merkison, Kelli)
teaches(Keyes, John,Miamee, Amol)
teaches(Keyes, John,Miano, Jaysen)
teaches(Keyes, John,Mikango, Patrycja)
teaches(Keyes, John,Minett, Vikas)
teaches(Keyes, John,Mohamed, Ramachandran)
teaches(Keyes, John,Monrreal, Rudolf)
teaches(Keyes, John,Montgomery, Balaje)
teaches(Keyes, John,Moon, Jimmy)
teaches(Keyes, John,Morgan, Amol)
teaches(Keyes, John,Morrison, Ramon)
teaches(Keyes, John,Moseley, Vinay)
teaches(Keyes, John,Munden, Terrence)
teaches(Keyes, John,Munroe, Mckinley)
teaches(Keyes, John,Murray, Gregg)
teaches(Keyes, John,Nanjundaswamy, Bradley)
teaches(Keyes, John,Narra, Althea)
teaches(Keyes, John,Neblitt, Jaysen)
teaches(Keyes, John,Negron, Nirel)
teaches(Keyes, John,Neil, Christin)
teaches(Keyes, John,Neil, Shaun)
teaches(Keyes, John,Newcott, Monica)
teaches(Keyes, John,Newsome, Clement)
teaches(Keyes, John,Ngo, Marc)
teaches(Keyes, John,Niepraschk, Lakesha)
teaches(Keyes, John,Nocelo, Kalpesh)
teaches(Keyes, John,Noe, Brandon)
teaches(Keyes, John,Noonan, Jo)
teaches(Keyes, John,Nuckols, Santosh)
teaches(Keyes, John,Nunnally, Madhusudan)
teaches(Keyes, John,Oliverio, Cindy)
teaches(Keyes, John,Orenuga, Alicia)
teaches(Keyes, John,Osborne, Audrey)
teaches(Keyes, John,Owens, Marcellus)
teaches(Keyes, John,Pak, Derek)
teaches(Keyes, John,Panek, Jo)
teaches(Keyes, John,Parker, Leonard)
teaches(Keyes, John,Pascual, Sean)
teaches(Keyes, John,Perry, Calvin)
teaches(Keyes, John,Pfahlert, Julie)
teaches(Keyes, John,Pickerel, Sonny)
teaches(Keyes, John,Piland, Shanmuganand)
teaches(Keyes, John,Pilides, Jianqiu)
teaches(Keyes, John,Plank, Katherine)
teaches(Keyes, John,Plecinski, Samuel)
teaches(Keyes, John,Plucinski, Olawale)
teaches(Keyes, John,Plummer, Tameishaon)
teaches(Keyes, John,Pogue, Yuta)
teaches(Keyes, John,Porreca, Wendy)
teaches(Keyes, John,Potluri, Arijit)
teaches(Keyes, John,Preston, Hung-an)
teaches(Keyes, John,Prioleau, Andrea)
teaches(Keyes, John,Pucher, Brian)
teaches(Keyes, John,Pucher, Salvacion)
teaches(Keyes, John,Querol, Tiffany)
teaches(Keyes, John,Quimby, Gustavo)
teaches(Keyes, John,Quinn, Desiree)
teaches(Keyes, John,Rafal, Roy)
teaches(Keyes, John,Rashid, Yusong)
teaches(Keyes, John,Rawal, Doris)
teaches(Keyes, John,Raymond, Balaje)
teaches(Keyes, John,Reardon, Lakesha)
teaches(Keyes, John,Reasor, Tierra)
teaches(Keyes, John,Reaves, Xiaoming)
teaches(Keyes, John,Reed, Celeste)
teaches(Keyes, John,Render, Arvind)
teaches(Keyes, John,Reyburn, Darice)
teaches(Keyes, John,Rhea, Jarrett)
teaches(Keyes, John,Rice, Denita)
teaches(Keyes, John,Ricks, Qingwen)
teaches(Keyes, John,Roberts, Noel)
teaches(Keyes, John,Rodriguez, Desmond)
teaches(Keyes, John,Rose, Philip)
teaches(Keyes, John,Rosenfeld, Tu)
teaches(Keyes, John,Roth, Patrycja)
teaches(Keyes, John,Ruble, Centrella)
teaches(Keyes, John,Rudd, Sheffan)
teaches(Keyes, John,Rudder, Robert)
teaches(Keyes, John,Saavedra, Deborah)
teaches(Keyes, John,Salaita, Divyesh)
teaches(Keyes, John,Saucier, Ling)
teaches(Keyes, John,Schwartz, Garry)
teaches(Keyes, John,Scott, Neleh)
teaches(Keyes, John,Shahidzadeh, Geneva)
teaches(Keyes, John,Shawnik, Darrell)
teaches(Keyes, John,Shreve, Geneva)
teaches(Keyes, John,Sigua, Lee)
teaches(Keyes, John,Simcoe, Carla)
teaches(Keyes, John,Simcoe, Garry)
teaches(Keyes, John,Simcoe, Gustavo)
teaches(Keyes, John,Simcoe, Janet)
teaches(Keyes, John,Simcoe, Karitta)
teaches(Keyes, John,Simcoe, Kenneth)
teaches(Keyes, John,Simcoe, Talal)
teaches(Keyes, John,Singh, Demontae)
teaches(Keyes, John,Slade, Shwante)
teaches(Keyes, John,Snider, Neleh)
teaches(Keyes, John,Snow, Gustavo)
teaches(Keyes, John,Somu, Clement)
teaches(Keyes, John,Soskel, Balaje)
teaches(Keyes, John,Spinella, Clelia)
teaches(Keyes, John,Steeley, Kristin)
teaches(Keyes, John,Steeley, Oscar)
teaches(Keyes, John,Stewart, Ricardo)
teaches(Keyes, John,Stith, Nabil)
teaches(Keyes, John,Stocks, Jeffery)
teaches(Keyes, John,Stone, Katie)
teaches(Keyes, John,Stoner, Kalpesh)
teaches(Keyes, John,Stricker, Louis)
teaches(Keyes, John,Stuckey, Audrey)
teaches(Keyes, John,Stuckey, Lisa)
teaches(Keyes, John,Stuckey, Xavier)
teaches(Keyes, John,Suhre, Tameishaon)
teaches(Keyes, John,Szvetics, Audrey)
teaches(Keyes, John,Taliaferro, Keriann)
teaches(Keyes, John,Tan, Manoharreddy)
teaches(Keyes, John,Terry, Eliott)
teaches(Keyes, John,Thepvongsa, Nabil)
teaches(Keyes, John,Thomas, Danielle)
teaches(Keyes, John,Thomason, Terrence)
teaches(Keyes, John,Thompson, Sreesha)
teaches(Keyes, John,Titiz, Amy)
teaches(Keyes, John,Titus, Derek)
teaches(Keyes, John,Todd, Sumant)
teaches(Keyes, John,Tubman, Wamda)
teaches(Keyes, John,Tubyangye, Stanley)
teaches(Keyes, John,Turner, Donna)
teaches(Keyes, John,Tyson, Christoher)
teaches(Keyes, John,Tytell, Isamu)
teaches(Keyes, John,Upton, Clinton)
teaches(Keyes, John,Vallabh, Abdulkarim)
teaches(Keyes, John,Vangraafeiland, Nabil)
teaches(Keyes, John,Varkala, Shaun)
teaches(Keyes, John,Vasconcelos, Tameishaon)
teaches(Keyes, John,Vatsa, Joseph)
teaches(Keyes, John,Velasco, Bryan)
teaches(Keyes, John,Venable, Larry)
teaches(Keyes, John,Vincent, Yohannes)
teaches(Keyes, John,Vines, Aazhi)
teaches(Keyes, John,Vines, Latisha)
teaches(Keyes, John,Vuong, Denita)
teaches(Keyes, John,Waddy, Jolanda)
teaches(Keyes, John,Wainwright, Fan)
teaches(Keyes, John,Wajid, Teressa)
teaches(Keyes, John,Warren, Reginald)
teaches(Keyes, John,Waters, Cary)
teaches(Keyes, John,Watts, Cary)
teaches(Keyes, John,Weber, Amy)
teaches(Keyes, John,Wells, Donell)
teaches(Keyes, John,Whiley, Mohamed)
teaches(Keyes, John,Whiley, Vin-jun)
teaches(Keyes, John,White, Catherine)
teaches(Keyes, John,Wigfield, Tu)
teaches(Keyes, John,Willis, Rhonda)
teaches(Keyes, John,Wilson, Sherry)
teaches(Keyes, John,Wiroteurairuang, Yuta)
teaches(Keyes, John,Witcher, Xiaobing)
teaches(Keyes, John,Wolnitzek, Hua)
teaches(Keyes, John,Wood, Balaje)
teaches(Keyes, John,Woody, Divyesh)
teaches(Keyes, John,Xu, Clinton)
teaches(Keyes, John,Yan, Rosalee)
teaches(Keyes, John,Yildirimturk, Donald)
teaches(Keyes, John,Zachos, Brian)
teaches(Keyes, John,Zhang, Amol)
teaches(Keyes, John,Zhu, Shunta)
teaches(Keyes, John,Zimmerebner, Ayako)
teaches(Keyes, John,Zwicker, Dennis)
teaches(Kroll, John L,Adler, Amol)
teaches(Kroll, John L,Ambrose, Randy)
teaches(Kroll, John L,Andey, Sandeep)
teaches(Kroll, John L,Baker, Aisha)
teaches(Kroll, John L,Barnett, Tasha)
teaches(Kroll, John L,Bice, Annie)
teaches(Kroll, John L,Billy, Patrick)
teaches(Kroll, John L,Bolden, Carie)
teaches(Kroll, John L,Bollapally, Rhonda)
teaches(Kroll, John L,Brock, Vadim)
teaches(Kroll, John L,Buettner, Geneva)
teaches(Kroll, John L,Bunch, Srinivas)
teaches(Kroll, John L,Burnette, Jianing)
teaches(Kroll, John L,Calderon, Sherri)
teaches(Kroll, John L,Chapman, Gustavo)
teaches(Kroll, John L,Collins, Clifton)
teaches(Kroll, John L,Cook, Terri)
teaches(Kroll, John L,Cooper, Balaje)
teaches(Kroll, John L,Crisostomo, Lawrence)
teaches(Kroll, John L,Crumb, Balaje)
teaches(Kroll, John L,Cunningham, Nayda)
teaches(Kroll, John L,Dang, Tawana)
teaches(Kroll, John L,Davidson, Janelle)
teaches(Kroll, John L,Determan, Angela)
teaches(Kroll, John L,Ejike, Agustin)
teaches(Kroll, John L,Elliott, Valerie)
teaches(Kroll, John L,Gathje, Elizabeth)
teaches(Kroll, John L,Gerber, Rhoda)
teaches(Kroll, John L,Greaves, Waleed)
teaches(Kroll, John L,Grindstaff, Douglas)
teaches(Kroll, John L,Grosz, Frank)
teaches(Kroll, John L,Hari, Dana)
teaches(Kroll, John L,Hari, Kara)
teaches(Kroll, John L,Harrell, Mathew)
teaches(Kroll, John L,Hatcher, Mayra)
teaches(Kroll, John L,Hawkins, Anjlica)
teaches(Kroll, John L,Headley, Deborah)
teaches(Kroll, John L,Hitt, Chen-chang)
teaches(Kroll, John L,Hodgson, Dorae)
teaches(Kroll, John L,Hong, Gholam)
teaches(Kroll, John L,Hong, Robin)
teaches(Kroll, John L,Kaiser, Mary)
teaches(Kroll, John L,Kane, Rhonda)
teaches(Kroll, John L,Klucznik, Daniel)
teaches(Kroll, John L,Koch, Jr)
teaches(Kroll, John L,Koerber, Raymond)
teaches(Kroll, John L,Kost, Pervez)
teaches(Kroll, John L,Kozoyed, Jun)
teaches(Kroll, John L,Kuftic, Dean)
teaches(Kroll, John L,Larossa, Yang)
teaches(Kroll, John L,Leifer, Jaysen)
teaches(Kroll, John L,Loi, Kari)
teaches(Kroll, John L,Mahmuda, Fatemah)
teaches(Kroll, John L,Major, Kelly)
teaches(Kroll, John L,Maloney, April)
teaches(Kroll, John L,Marino, Trudy)
teaches(Kroll, John L,Mays, Billylee)
teaches(Kroll, John L,Mccarthy, Sonny)
teaches(Kroll, John L,Mcclellan, Khuram)
teaches(Kroll, John L,Mcdonald, Rudolf)
teaches(Kroll, John L,Mills, Kerry)
teaches(Kroll, John L,Naidu, Kalpesh)
teaches(Kroll, John L,Narra, Amy)
teaches(Kroll, John L,Nell, Khariim)
teaches(Kroll, John L,Pearson, Nicole)
teaches(Kroll, John L,Pintar, Rebecca)
teaches(Kroll, John L,Poyner, Ahmad)
teaches(Kroll, John L,Richardson, Candice)
teaches(Kroll, John L,Riddick, Tameishaon)
teaches(Kroll, John L,Robison, Tawana)
teaches(Kroll, John L,Sait, Cruz)
teaches(Kroll, John L,Salacup, Xiaobing)
teaches(Kroll, John L,Sattar, Anh)
teaches(Kroll, John L,Scarpelli, Preston)
teaches(Kroll, John L,Settar, James)
teaches(Kroll, John L,Simcoe, Rhonda)
teaches(Kroll, John L,Simcoe, Roneshe)
teaches(Kroll, John L,Simmons, Lakesha)
teaches(Kroll, John L,Stacks, Anthony)
teaches(Kroll, John L,Starr, Dawn)
teaches(Kroll, John L,Strosahl, Latashia)
teaches(Kroll, John L,Tucker, Michele)
teaches(Kroll, John L,Valete, Liceny)
teaches(Kroll, John L,Wigfield, Donald)
teaches(Kroll, John L,Wilkinson, Rosalee)
teaches(Kroll, John L,Williams, Keith)
teaches(Kroll, John L,Woods, Claude)
teaches(Kroll, John L,Woods, Roderick)
teaches(Kroll, John L,Woods, Yunhai)
teaches(Lee, Wu,Adapala, Renate)
teaches(Lee, Wu,Al-douli, Allen)
teaches(Lee, Wu,Althouse, Glenn)
teaches(Lee, Wu,Barton, Gustavo)
teaches(Lee, Wu,Belur, Shirley)
teaches(Lee, Wu,Burgess, Juanda)
teaches(Lee, Wu,Burr, Jared)
teaches(Lee, Wu,Butler, Julie)
teaches(Lee, Wu,Casey, Catherine)
teaches(Lee, Wu,Diggs, Tierra)
teaches(Lee, Wu,Dobrydnev, Dorothy)
teaches(Lee, Wu,Dye, Xin)
teaches(Lee, Wu,Ejike, Agustin)
teaches(Lee, Wu,Farag, Jeff)
teaches(Lee, Wu,Finman, Richelle)
teaches(Lee, Wu,Garrett, Gustavo)
teaches(Lee, Wu,Gary, Brett)
teaches(Lee, Wu,Gibbs, Yohannes)
teaches(Lee, Wu,Gills, Bangfei)
teaches(Lee, Wu,Givens, Kathy)
teaches(Lee, Wu,Goldstein, Courtney)
teaches(Lee, Wu,Gopal, Jillian)
teaches(Lee, Wu,Gorozabel, Luz)
teaches(Lee, Wu,Grosz, Frank)
teaches(Lee, Wu,Hall, Hamad)
teaches(Lee, Wu,Hampton, Heather)
teaches(Lee, Wu,Hetland, Kyle)
teaches(Lee, Wu,Hong, Gholam)
teaches(Lee, Wu,Huff, Lakesha)
teaches(Lee, Wu,Irintchev, Chihyun)
teaches(Lee, Wu,Irintchev, Jr.)
teaches(Lee, Wu,Junio, Tamas)
teaches(Lee, Wu,Kelly, Christopher)
teaches(Lee, Wu,Lenda, Rahmi)
teaches(Lee, Wu,Linthicum, Chien-liang)
teaches(Lee, Wu,Linthicum, Ralph)
teaches(Lee, Wu,Little, Zubair)
teaches(Lee, Wu,Lopez, Tariq)
teaches(Lee, Wu,Major, Balaje)
teaches(Lee, Wu,Malkin, Derek)
teaches(Lee, Wu,Meinertzhagen, Wei)
teaches(Lee, Wu,Merrill, Brian)
teaches(Lee, Wu,Mervicker, Christin)
teaches(Lee, Wu,Mills, Adrian)
teaches(Lee, Wu,Mills, Kerry)
teaches(Lee, Wu,Morrisette, Rhonda)
teaches(Lee, Wu,O Reilly Chunxiang)
teaches(Lee, Wu,OReilly, Chunxiang)
teaches(Lee, Wu,Ost, Xiaobing)
teaches(Lee, Wu,Page, Sumant)
teaches(Lee, Wu,Patel, Sarah-jean)
teaches(Lee, Wu,Paul, Catherine)
teaches(Lee, Wu,Pham, Gerard)
teaches(Lee, Wu,Potluri, Catherine)
teaches(Lee, Wu,Query, Tameishaon)
teaches(Lee, Wu,Ramirez, Candias)
teaches(Lee, Wu,Randolph, Darrah)
teaches(Lee, Wu,Riley, Mohsina)
teaches(Lee, Wu,Robertson, Karen)
teaches(Lee, Wu,Russell, Jongsoon)
teaches(Lee, Wu,Shi, Nichelle)
teaches(Lee, Wu,Stoner, Natia)
teaches(Lee, Wu,Suggs, Christine)
teaches(Lee, Wu,Svetahor, Sultana)
teaches(Lee, Wu,Swao, Barbara)
teaches(Lee, Wu,Taxis, Samuel)
teaches(Lee, Wu,Thymides, Glen)
teaches(Lee, Wu,Tirol, Kyra)
teaches(Lee, Wu,Tomioka, Gerhard)
teaches(Lee, Wu,Waldecker, Arthur)
teaches(Lee, Wu,Williams, Keith)
teaches(Lee, Wu,Woltz, Jullanar)
teaches(Lee, Wu,Woodbury, Jeffrey)
teaches(Lee, Wu,Yankanwich, Jonathon)
teaches(Lee, Wu,Yeatts, Albert)
teaches(Lee, Wu,Zeher, Alfred)
teaches(Line, S.,Allison, Chen-chang)
teaches(Line, S.,Angeles, Eric)
teaches(Line, S.,Arthur, Emile)
teaches(Line, S.,Askew, Tariq)
teaches(Line, S.,Balingit, Catherine)
teaches(Line, S.,Bannon, Carlin)
teaches(Line, S.,Barnes, Maria)
teaches(Line, S.,Bennett, Hesham)
teaches(Line, S.,Bryant, Natasha)
teaches(Line, S.,Bueno, Anya)
teaches(Line, S.,Butler, Julie)
teaches(Line, S.,Cai, Candaice)
teaches(Line, S.,Candies, Iman)
teaches(Line, S.,Chafin, Chandra)
teaches(Line, S.,Cortez, Darrell)
teaches(Line, S.,Corton, Lawanda)
teaches(Line, S.,Dammalapati, Tameishaon)
teaches(Line, S.,Diehl, Adam)
teaches(Line, S.,Divers, Donald)
teaches(Line, S.,Dixon, Gustavo)
teaches(Line, S.,Dobrydnev, Phillip)
teaches(Line, S.,Fei, Tawana)
teaches(Line, S.,Fontimayor, Tavaras)
teaches(Line, S.,Franzen, Angela)
teaches(Line, S.,Gary, Anthony)
teaches(Line, S.,Gary, Brett)
teaches(Line, S.,Gilmartin, Ahmad)
teaches(Line, S.,Harper, Shejun)
teaches(Line, S.,Hoffmann, Rachael)
teaches(Line, S.,Huang, Laura)
teaches(Line, S.,Huff, Lakesha)
teaches(Line, S.,Hulick, Darrell)
teaches(Line, S.,Hunter, Harold)
teaches(Line, S.,Hux, Ki)
teaches(Line, S.,Irintchev, Adel)
teaches(Line, S.,Ishfaq, Abdullah)
teaches(Line, S.,Karande, Gustavo)
teaches(Line, S.,Kidd, Ahmad)
teaches(Line, S.,Legg, Lakesha)
teaches(Line, S.,Li, Lawson)
teaches(Line, S.,Littrell, Teresa)
teaches(Line, S.,Lowery, Ricardo)
teaches(Line, S.,Mack, Lakesha)
teaches(Line, S.,Mason, Jenifer)
teaches(Line, S.,Mccormack, Christin)
teaches(Line, S.,Mcghee, Valentina)
teaches(Line, S.,Mcgill, Rhonda)
teaches(Line, S.,Mcpherson, Lucy)
teaches(Line, S.,Mei, Jeremiah)
teaches(Line, S.,Mervicker, Christin)
teaches(Line, S.,Miller, Crystal)
teaches(Line, S.,Mills, Jinghua)
teaches(Line, S.,Minor, Glenn)
teaches(Line, S.,Mitchell, Jeremiah)
teaches(Line, S.,Morris, Curtis)
teaches(Line, S.,New, Mudit)
teaches(Line, S.,Nolde, Jianjun)
teaches(Line, S.,Panek, Ricardo)
teaches(Line, S.,Pearson, Nicole)
teaches(Line, S.,Poe, Angela)
teaches(Line, S.,Porter, Aretha)
teaches(Line, S.,Raines, Corrigan)
teaches(Line, S.,Reasor, Hamid)
teaches(Line, S.,Reyes, Gustavo)
teaches(Line, S.,Rocci, Gustavo)
teaches(Line, S.,Rollins, Amy)
teaches(Line, S.,Rusak, Ricardo)
teaches(Line, S.,Saddi, Deveda)
teaches(Line, S.,Sause, Rajiv)
teaches(Line, S.,Settar, Stacie)
teaches(Line, S.,Shell, Jessica)
teaches(Line, S.,Shi, Nichelle)
teaches(Line, S.,Shuniak, Tameishaon)
teaches(Line, S.,Sotomayor, Stacy)
teaches(Line, S.,Starr, Dawn)
teaches(Line, S.,Stoner, Natia)
teaches(Line, S.,Sullivan, Dennison)
teaches(Line, S.,Travaglio, Peter)
teaches(Line, S.,Virata, Cindy)
teaches(Line, S.,Ward, Alisa)
teaches(Line, S.,Yoder, Gustavo)
teaches(Line, S.,Zeher, Alfred)
teaches(Locke, John,Dryer, Craig)
teaches(Locke, John,Lutman, Geoffrey)
teaches(Melrose, Richard,Acker, Jaysen)
teaches(Melrose, Richard,Adapala, Renate)
teaches(Melrose, Richard,Al-douli, Suwit)
teaches(Melrose, Richard,Atherley, Justin)
teaches(Melrose, Richard,Bannon, Carlin)
teaches(Melrose, Richard,Barnes, Maria)
teaches(Melrose, Richard,Bilodeau, Ricardo)
teaches(Melrose, Richard,Burnett, Analyn)
teaches(Melrose, Richard,Bush, Jill)
teaches(Melrose, Richard,Campbell, Daqing)
teaches(Melrose, Richard,Caplinger, Tawana)
teaches(Melrose, Richard,Clark, Tameishaon)
teaches(Melrose, Richard,Corton, Marty)
teaches(Melrose, Richard,Diehl, Adam)
teaches(Melrose, Richard,Dolt, Allison)
teaches(Melrose, Richard,Dupree, Leigha)
teaches(Melrose, Richard,Farrell, Teonette)
teaches(Melrose, Richard,Fei, Tawana)
teaches(Melrose, Richard,Flake, Tariq)
teaches(Melrose, Richard,Greco, Philip)
teaches(Melrose, Richard,Harris, Andrae)
teaches(Melrose, Richard,Holman, Myka)
teaches(Melrose, Richard,Hyder, Catherine)
teaches(Melrose, Richard,Ishfaq, Abdullah)
teaches(Melrose, Richard,Levow, Sahar)
teaches(Melrose, Richard,Lopez, Tariq)
teaches(Melrose, Richard,Mack, Lakesha)
teaches(Melrose, Richard,Marshall, Gustavo)
teaches(Melrose, Richard,Melkonian, Xiaobing)
teaches(Melrose, Richard,Mills, Jinghua)
teaches(Melrose, Richard,Mitchell, Jeremiah)
teaches(Melrose, Richard,Oliverio, Nasrin)
teaches(Melrose, Richard,Olszyk, Fu-sheng)
teaches(Melrose, Richard,Palmer, Robert)
teaches(Melrose, Richard,Panek, Ricardo)
teaches(Melrose, Richard,Pascual, Muhammad)
teaches(Melrose, Richard,Principe, Jeffrey)
teaches(Melrose, Richard,Rollins, Amy)
teaches(Melrose, Richard,Rusak, Odell)
teaches(Melrose, Richard,Schuhmann, Surendar)
teaches(Melrose, Richard,Shealy, Gustavo)
teaches(Melrose, Richard,Simcoe, Timeka)
teaches(Melrose, Richard,Simpkins, Chata)
teaches(Melrose, Richard,Snellings, Catherine)
teaches(Melrose, Richard,Srimushnam, Cuc)
teaches(Melrose, Richard,Tenia, Addiel)
teaches(Melrose, Richard,Tomioka, Vaibhav)
teaches(Melrose, Richard,Vu, Catherine)
teaches(Melrose, Richard,Walker, Allen)
teaches(Melrose, Richard,Ward, Alisa)
teaches(Melrose, Richard,Whitt, Sonny)
teaches(Melrose, Richard,Wigginton, Donell)
teaches(Melrose, Richard,Woltz, Jullanar)
teaches(Melrose, Richard,Yoder, Gustavo)
teaches(Milton, John,Barner, Mason)
teaches(Milton, John,Beavers, Alexandre)
teaches(Milton, John,Caasi, Ilya)
teaches(Milton, John,Caplinger, Tawana)
teaches(Milton, John,Cuckov, Lakia)
teaches(Milton, John,Dais, Roland)
teaches(Milton, John,Echevarria, Prem)
teaches(Milton, John,Flake, Tariq)
teaches(Milton, John,Koh, Nehemiah)
teaches(Milton, John,Kowalsky, Hesham)
teaches(Milton, John,Lu, Lakesha)
teaches(Milton, John,Mack, Lakesha)
teaches(Milton, John,Malik, Niya)
teaches(Milton, John,Marino, Trudy)
teaches(Milton, John,Muhammad, Gustavo)
teaches(Milton, John,Musser, Edmundo)
teaches(Milton, John,Nowak, Vikram)
teaches(Milton, John,Pasko, Brent)
teaches(Milton, John,Pittman, Ii)
teaches(Milton, John,Pogue, Andrey)
teaches(Milton, John,Pogue, Brahmadatt)
teaches(Milton, John,Powles, Tawana)
teaches(Milton, John,Robertson, Gerard)
teaches(Milton, John,Rusak, Ricardo)
teaches(Milton, John,Sattar, Shaker)
teaches(Milton, John,Seyoum, Xkoshan)
teaches(Milton, John,West, Bernard)
teaches(Milton, John,Yayla, Akia)
teaches(Morgan, Stanley,Ahmed, Lujain)
teaches(Morgan, Stanley,Al-theneyan, Shelby)
teaches(Morgan, Stanley,Althouse, Kristina)
teaches(Morgan, Stanley,Andam, Deveda)
teaches(Morgan, Stanley,Barnes, Abdullah)
teaches(Morgan, Stanley,Barwick, Dwight)
teaches(Morgan, Stanley,Bhaktaram, Tawanda)
teaches(Morgan, Stanley,Bruber, Byron)
teaches(Morgan, Stanley,Bueno, Shamika)
teaches(Morgan, Stanley,Chertov, Liyat)
teaches(Morgan, Stanley,Clayton, Rajiv)
teaches(Morgan, Stanley,Eble, Jermaine)
teaches(Morgan, Stanley,Ferris, Ezra)
teaches(Morgan, Stanley,Fleming, Lakeisha)
teaches(Morgan, Stanley,Ford, Donald)
teaches(Morgan, Stanley,Gorozabel, Luz)
teaches(Morgan, Stanley,Grosch, Rhonda)
teaches(Morgan, Stanley,Guess, Deveda)
teaches(Morgan, Stanley,Guntuka, Hiren)
teaches(Morgan, Stanley,Haynes, Christine)
teaches(Morgan, Stanley,Hitt, Robert)
teaches(Morgan, Stanley,Hospodar, Sonny)
teaches(Morgan, Stanley,Hysom, Theodore)
teaches(Morgan, Stanley,Ishom, Janice)
teaches(Morgan, Stanley,Iverson, Samuel)
teaches(Morgan, Stanley,Kim, Nabil)
teaches(Morgan, Stanley,Larossa, Yang)
teaches(Morgan, Stanley,Leavitt, Carolyne)
teaches(Morgan, Stanley,Lutman, Gustavo)
teaches(Morgan, Stanley,Major, Jianqiu)
teaches(Morgan, Stanley,Manning, Tameishaon)
teaches(Morgan, Stanley,Mavram, Bhaktaram)
teaches(Morgan, Stanley,Mimms, Chester)
teaches(Morgan, Stanley,Mojica, Susan)
teaches(Morgan, Stanley,Parker, Vadim)
teaches(Morgan, Stanley,Pascarosa, Adam)
teaches(Morgan, Stanley,Paysinger, Raj)
teaches(Morgan, Stanley,Pucher, Andrian)
teaches(Morgan, Stanley,Rajan, Rhonda)
teaches(Morgan, Stanley,Rithamel, Avery)
teaches(Morgan, Stanley,Rivera, Jesse)
teaches(Morgan, Stanley,Sayles, Rajiv)
teaches(Morgan, Stanley,Shirley, Zaki)
teaches(Morgan, Stanley,Shurtz, Cherese)
teaches(Morgan, Stanley,Simcoe, Andrea)
teaches(Morgan, Stanley,Snow, Xiaoming)
teaches(Morgan, Stanley,Sparmo, Orlertta)
teaches(Morgan, Stanley,Swao, Barbara)
teaches(Morgan, Stanley,Tarafdar, Annie)
teaches(Morgan, Stanley,Teachey, Jianqiu)
teaches(Morgan, Stanley,Throckmorton, Surendar)
teaches(Morgan, Stanley,Treto, Sheffan)
teaches(Morgan, Stanley,Vera, Gustavo)
teaches(Morgan, Stanley,Walton, David)
teaches(Morgan, Stanley,Weaver, Rhonda)
teaches(Morgan, Stanley,Woods, Wei)
teaches(Morgan, Stanley,Zahir, Gustavo)
teaches(Nineman, D J,Abou, Analyn)
teaches(Nineman, D J,Acker, Jaysen)
teaches(Nineman, D J,Al-hajri, Marc)
teaches(Nineman, D J,Amburn, Donald)
teaches(Nineman, D J,An, Chethana)
teaches(Nineman, D J,Andam, Deveda)
teaches(Nineman, D J,Annih, Jaysen)
teaches(Nineman, D J,Arnold, Hayley)
teaches(Nineman, D J,Back, Marc)
teaches(Nineman, D J,Bannon, Carlin)
teaches(Nineman, D J,Bartlett, Linda)
teaches(Nineman, D J,Beasley, Ruth)
teaches(Nineman, D J,Bhavsar, Ariane)
teaches(Nineman, D J,Blais, Oscar)
teaches(Nineman, D J,Bordick, Juanita)
teaches(Nineman, D J,Bostic, Gustavo)
teaches(Nineman, D J,Bostic, Misty)
teaches(Nineman, D J,Bowser, Thomasina)
teaches(Nineman, D J,Branch, Jianqiu)
teaches(Nineman, D J,Britt, Vivek)
teaches(Nineman, D J,Brooke, Tawana)
teaches(Nineman, D J,Bruce, Terrence)
teaches(Nineman, D J,Bueno, Juanita)
teaches(Nineman, D J,Burkett, Joshua)
teaches(Nineman, D J,Butts, Rajiv)
teaches(Nineman, D J,Byers, Sonny)
teaches(Nineman, D J,Cali, Gustavo)
teaches(Nineman, D J,Campbell, Daqing)
teaches(Nineman, D J,Campbell, Michie)
teaches(Nineman, D J,Candies, Jon)
teaches(Nineman, D J,Caplinger, Latashia)
teaches(Nineman, D J,Carter, Amanda)
teaches(Nineman, D J,Chaganti, Joel)
teaches(Nineman, D J,Chatkaewmorakot, Ricardo)
teaches(Nineman, D J,Circle, Deveda)
teaches(Nineman, D J,Clement, Tameishaon)
teaches(Nineman, D J,Cohea, Ruey-kae)
teaches(Nineman, D J,Conyers, Lyn)
teaches(Nineman, D J,Cornelison, Vladimir)
teaches(Nineman, D J,Cornetski, Haiyan)
teaches(Nineman, D J,Corton, Lawanda)
teaches(Nineman, D J,Cuffee, Latoya)
teaches(Nineman, D J,Custis, Jason)
teaches(Nineman, D J,Dais, Roland)
teaches(Nineman, D J,Dani, Tyrone)
teaches(Nineman, D J,Das, Catherine)
teaches(Nineman, D J,Degraaf, Toan)
teaches(Nineman, D J,Deguzman, Dorathy)
teaches(Nineman, D J,Deloach, Vuong)
teaches(Nineman, D J,Demetroudes, Russel)
teaches(Nineman, D J,Dennis, Syed)
teaches(Nineman, D J,Determan, Md)
teaches(Nineman, D J,Dharanikota, Rodel)
teaches(Nineman, D J,Dickenson, Nichole)
teaches(Nineman, D J,Diggs, Tierra)
teaches(Nineman, D J,Edwards, Tameishaon)
teaches(Nineman, D J,Espinoza, Rachel)
teaches(Nineman, D J,Evans, Ronda)
teaches(Nineman, D J,Faison, Gustavo)
teaches(Nineman, D J,Farjam, Derrick)
teaches(Nineman, D J,Fauver, Samuel)
teaches(Nineman, D J,Fei, Ramzy)
teaches(Nineman, D J,Field, Abdullah)
teaches(Nineman, D J,Finman, Richelle)
teaches(Nineman, D J,Fix, Xiaobing)
teaches(Nineman, D J,Flinn, Ahmad)
teaches(Nineman, D J,Flood, Sarah)
teaches(Nineman, D J,Garrett, Gustavo)
teaches(Nineman, D J,Ghazanfar, Turkesa)
teaches(Nineman, D J,Giese, Brian)
teaches(Nineman, D J,Gifford, Ravikumar)
teaches(Nineman, D J,Gillespie, Liana)
teaches(Nineman, D J,Gills, Bangfei)
teaches(Nineman, D J,Good, Ruth)
teaches(Nineman, D J,Gover, Yusong)
teaches(Nineman, D J,Grantham, Jianqiu)
teaches(Nineman, D J,Graves, Rong)
teaches(Nineman, D J,Grindley, Tanya)
teaches(Nineman, D J,Gucwa, Barton)
teaches(Nineman, D J,Haile, Shahid)
teaches(Nineman, D J,Hall, Hamad)
teaches(Nineman, D J,Hanna, Paolo)
teaches(Nineman, D J,Harcum, Erin)
teaches(Nineman, D J,Hargrove, Lakesha)
teaches(Nineman, D J,Harms, Sonny)
teaches(Nineman, D J,He, Lashema)
teaches(Nineman, D J,Heidari, Balaji)
teaches(Nineman, D J,Hensley, Misbahuddin)
teaches(Nineman, D J,Hetland, Kyle)
teaches(Nineman, D J,Higgins, Kevin)
teaches(Nineman, D J,Hill, Glenn)
teaches(Nineman, D J,Holtzclaw, Scott)
teaches(Nineman, D J,Howard, Rajiv)
teaches(Nineman, D J,Ianuzi, Roshonda)
teaches(Nineman, D J,Irintchev, Chihyun)
teaches(Nineman, D J,Jank, Edmundo)
teaches(Nineman, D J,Jones, Lakesha)
teaches(Nineman, D J,Katsuki, Jianqiu)
teaches(Nineman, D J,Kelly, Christopher)
teaches(Nineman, D J,Kertesz, Rajiv)
teaches(Nineman, D J,Keshava, Jaysen)
teaches(Nineman, D J,Kholief, Catherine)
teaches(Nineman, D J,Kidd, Ahmad)
teaches(Nineman, D J,Klepatzki, Angela)
teaches(Nineman, D J,Knight, Lorraine)
teaches(Nineman, D J,Koh, Nehemiah)
teaches(Nineman, D J,Konishi, Misty)
teaches(Nineman, D J,Kopmann, Fred)
teaches(Nineman, D J,Kovalcik, Paige)
teaches(Nineman, D J,Kvachadze, Audrey)
teaches(Nineman, D J,Lan, Andrea)
teaches(Nineman, D J,Lester, Angela)
teaches(Nineman, D J,Lindley, Jianqiu)
teaches(Nineman, D J,Linthicum, Dun)
teaches(Nineman, D J,Lopez, Audra)
teaches(Nineman, D J,Lora, Herbert)
teaches(Nineman, D J,Luopa, Cruz)
teaches(Nineman, D J,Major, Balaje)
teaches(Nineman, D J,Malkin, Derek)
teaches(Nineman, D J,Masiello, Rhoda)
teaches(Nineman, D J,Matthews, Gustavo)
teaches(Nineman, D J,Mays, Billylee)
teaches(Nineman, D J,Mccurdy, Emechete)
teaches(Nineman, D J,Mckee, Tariq)
teaches(Nineman, D J,Meehan, Rhonda)
teaches(Nineman, D J,Meinertzhagen, Wei)
teaches(Nineman, D J,Mengert, Lemar)
teaches(Nineman, D J,Mengert, Yolanda)
teaches(Nineman, D J,Mills, Jinghua)
teaches(Nineman, D J,Mojica, Ahmad)
teaches(Nineman, D J,Mojica, Clinton)
teaches(Nineman, D J,Morris, Mohamed)
teaches(Nineman, D J,Nazar, Matt)
teaches(Nineman, D J,Neathery, Rico)
teaches(Nineman, D J,Nguy, Jane)
teaches(Nineman, D J,Nurney, Lujain)
teaches(Nineman, D J,Papisetty, Soneya)
teaches(Nineman, D J,Parinas, Svinurai)
teaches(Nineman, D J,Parrott, Corie)
teaches(Nineman, D J,Patel, Jaysen)
teaches(Nineman, D J,Peprah, Latashia)
teaches(Nineman, D J,Pham, Gerard)
teaches(Nineman, D J,Pitchford, Ezra)
teaches(Nineman, D J,Ploskina, Rosalee)
teaches(Nineman, D J,Podruchny, Nakeista)
teaches(Nineman, D J,Pope, Dorathy)
teaches(Nineman, D J,Porteria, Lhe)
teaches(Nineman, D J,Poulson, Gustavo)
teaches(Nineman, D J,Pucher, Derrick)
teaches(Nineman, D J,Purvis, Vernon)
teaches(Nineman, D J,Randolph, Darrah)
teaches(Nineman, D J,Rashid, Temarie)
teaches(Nineman, D J,Reeves, Ahmad)
teaches(Nineman, D J,Rizvi, Ahmad)
teaches(Nineman, D J,Robertson, Karen)
teaches(Nineman, D J,Robertson, Min)
teaches(Nineman, D J,Rocha, Rashad)
teaches(Nineman, D J,Rusak, Ricardo)
teaches(Nineman, D J,Russell, Jongsoon)
teaches(Nineman, D J,Sabir, Catherine)
teaches(Nineman, D J,Sadowski, Samantha)
teaches(Nineman, D J,Sagedy, Richard)
teaches(Nineman, D J,Salamanca, Lonnie)
teaches(Nineman, D J,Schuhmann, Surendar)
teaches(Nineman, D J,Schwartz, L)
teaches(Nineman, D J,Seaborn, Lindsay)
teaches(Nineman, D J,Seawell, Hiren)
teaches(Nineman, D J,Settar, Stacie)
teaches(Nineman, D J,Shreves, Ilya)
teaches(Nineman, D J,Simpkins, Chata)
teaches(Nineman, D J,Snellings, Catherine)
teaches(Nineman, D J,Spiker, Hau)
teaches(Nineman, D J,Spracklin, Sridevi)
teaches(Nineman, D J,Stafford, Andrea)
teaches(Nineman, D J,Stamaria, Koura)
teaches(Nineman, D J,Stover, Glenn)
teaches(Nineman, D J,Surratt, Tameishaon)
teaches(Nineman, D J,Svetahor, Sultana)
teaches(Nineman, D J,Swaney, Alex)
teaches(Nineman, D J,Syed, Montree)
teaches(Nineman, D J,Thomason, Mark)
teaches(Nineman, D J,Threlkeld, Tamika)
teaches(Nineman, D J,Tokarz, Deveda)
teaches(Nineman, D J,Tran, Gustavo)
teaches(Nineman, D J,Treto, Xiaoming)
teaches(Nineman, D J,Tuason, Dagim)
teaches(Nineman, D J,Turkhia, Graham)
teaches(Nineman, D J,Valentine, Edmundo)
teaches(Nineman, D J,Vannatta, Pamela)
teaches(Nineman, D J,Waldecker, Arthur)
teaches(Nineman, D J,Wall, Jenifer)
teaches(Nineman, D J,Weddington, Lauren)
teaches(Nineman, D J,Weller, Sabria)
teaches(Nineman, D J,Weller, Terra)
teaches(Nineman, D J,Whiley, Tameishaon)
teaches(Nineman, D J,Whitehead, Marcus)
teaches(Nineman, D J,Whitt, Sonny)
teaches(Nineman, D J,Witherspoon,, Tara)
teaches(Nineman, D J,Wolfson, Rhonda)
teaches(Nineman, D J,Woods, Shaneka)
teaches(Nineman, D J,Wooten, Yusong)
teaches(Nineman, D J,Yang, Stephen)
teaches(Nineman, D J,Yankanwich, Jonathon)
teaches(Nineman, D J,Yi, Debbie)
teaches(Schulz, Natalie,Atherley, Justin)
teaches(Schulz, Natalie,Beidel, Lance)
teaches(Schulz, Natalie,Bergan, Lakesha)
teaches(Schulz, Natalie,Black, Adrienne)
teaches(Schulz, Natalie,Bush, Jill)
teaches(Schulz, Natalie,Byrd, Barbara)
teaches(Schulz, Natalie,Clayton, Rajiv)
teaches(Schulz, Natalie,Collins, Clifton)
teaches(Schulz, Natalie,Dang, Tawana)
teaches(Schulz, Natalie,Davidson, Janelle)
teaches(Schulz, Natalie,Deloach, Vuong)
teaches(Schulz, Natalie,Doody, W)
teaches(Schulz, Natalie,Dye, Xin)
teaches(Schulz, Natalie,Echevarria, Prem)
teaches(Schulz, Natalie,Finerfrock, Ebony)
teaches(Schulz, Natalie,Forbes, Dalia)
teaches(Schulz, Natalie,Goff, Allen)
teaches(Schulz, Natalie,Harrell, Mathew)
teaches(Schulz, Natalie,Hensberger, Kamuanga)
teaches(Schulz, Natalie,Hodgson, Dorae)
teaches(Schulz, Natalie,Howell, Christophe)
teaches(Schulz, Natalie,Kholief, Catherine)
teaches(Schulz, Natalie,Kinjarapu, Kevin)
teaches(Schulz, Natalie,Kozoyed, Jun)
teaches(Schulz, Natalie,Lawson, Timothy)
teaches(Schulz, Natalie,Linthicum, Chien-liang)
teaches(Schulz, Natalie,Marchand, Tyrone)
teaches(Schulz, Natalie,Marino, Trudy)
teaches(Schulz, Natalie,Naujoks, Abigail)
teaches(Schulz, Natalie,Parker, Holly)
teaches(Schulz, Natalie,Pearson, Nicole)
teaches(Schulz, Natalie,Richardson, Candice)
teaches(Schulz, Natalie,Robison, Tawana)
teaches(Schulz, Natalie,Sause, Rajiv)
teaches(Schulz, Natalie,Scarpelli, Preston)
teaches(Schulz, Natalie,Shawnik, Josephine)
teaches(Schulz, Natalie,Simcoe, Roneshe)
teaches(Schulz, Natalie,Smyth, Abolawole)
teaches(Schulz, Natalie,Snead, Tameishaon)
teaches(Schulz, Natalie,Starr, Joy)
teaches(Schulz, Natalie,Swao, Barbara)
teaches(Schulz, Natalie,Upadhyay, Tarah)
teaches(Schulz, Natalie,Williams, Keith)
teaches(Tolkien, J R,Calderon, Sherri)
teaches(Tolkien, J R,Smolewski, Lena)
teaches(Tolkien, J R,Snead, Tameishaon)
teaches(Tweed, Michael,Abadam, Faiz)
teaches(Tweed, Michael,Acker, Jaysen)
teaches(Tweed, Michael,Al-douli, Allen)
teaches(Tweed, Michael,Al-hajri, Marc)
teaches(Tweed, Michael,Althouse, Glenn)
teaches(Tweed, Michael,Aranha, Quintana)
teaches(Tweed, Michael,Back, Marc)
teaches(Tweed, Michael,Bostic, Gustavo)
teaches(Tweed, Michael,Branham, Jaysen)
teaches(Tweed, Michael,Britton, Sabria)
teaches(Tweed, Michael,Bruce, Terrence)
teaches(Tweed, Michael,Bueno, Anya)
teaches(Tweed, Michael,Burgess, Juanda)
teaches(Tweed, Michael,Caplinger, Tawana)
teaches(Tweed, Michael,Carter, Amanda)
teaches(Tweed, Michael,Crawford, Amy)
teaches(Tweed, Michael,Diggs, Tierra)
teaches(Tweed, Michael,Eberlin, Xiaobing)
teaches(Tweed, Michael,Endsley, Filip)
teaches(Tweed, Michael,Engstrand, Tameishaon)
teaches(Tweed, Michael,Fei, Ramzy)
teaches(Tweed, Michael,Gilbert, Malvin)
teaches(Tweed, Michael,Grantz, Son)
teaches(Tweed, Michael,Graybill, Ahmad)
teaches(Tweed, Michael,Gucwa, Barton)
teaches(Tweed, Michael,Gulla, Mahmoud)
teaches(Tweed, Michael,Hanna, Paolo)
teaches(Tweed, Michael,Harcum, Erin)
teaches(Tweed, Michael,Hartless, Erald)
teaches(Tweed, Michael,Henninger, Christin)
teaches(Tweed, Michael,Henry, Catherine)
teaches(Tweed, Michael,Hensil, Tameishaon)
teaches(Tweed, Michael,Hetland, Kyle)
teaches(Tweed, Michael,Hobson, Judith)
teaches(Tweed, Michael,Holland, Gustavo)
teaches(Tweed, Michael,Howard, Rajiv)
teaches(Tweed, Michael,Irintchev, Chihyun)
teaches(Tweed, Michael,Jakatdar, Candaice)
teaches(Tweed, Michael,Jank, Edmundo)
teaches(Tweed, Michael,Jenkins, Sonia)
teaches(Tweed, Michael,Jung, Andre)
teaches(Tweed, Michael,Karande, Gustavo)
teaches(Tweed, Michael,Katsuki, Jianqiu)
teaches(Tweed, Michael,Komna, Trelane)
teaches(Tweed, Michael,Lindley, Jianqiu)
teaches(Tweed, Michael,Littrell, Teresa)
teaches(Tweed, Michael,Lopez, Tariq)
teaches(Tweed, Michael,Marshall, Gustavo)
teaches(Tweed, Michael,Matsko, Angela)
teaches(Tweed, Michael,Mei, Jeremiah)
teaches(Tweed, Michael,Meinertzhagen, Wei)
teaches(Tweed, Michael,Miller, Crystal)
teaches(Tweed, Michael,Nazar, Matt)
teaches(Tweed, Michael,Neathery, Rico)
teaches(Tweed, Michael,Panek, Ricardo)
teaches(Tweed, Michael,Papisetty, Soneya)
teaches(Tweed, Michael,Parinas, Svinurai)
teaches(Tweed, Michael,Parrott, Corie)
teaches(Tweed, Michael,Podruchny, Nakeista)
teaches(Tweed, Michael,Porteria, Lhe)
teaches(Tweed, Michael,Potter, Gustavo)
teaches(Tweed, Michael,Preston, Samuel)
teaches(Tweed, Michael,Pucher, Derrick)
teaches(Tweed, Michael,Ramirez, Candias)
teaches(Tweed, Michael,Richardson, Juan)
teaches(Tweed, Michael,Rizvi, Ahmad)
teaches(Tweed, Michael,Sabir, Catherine)
teaches(Tweed, Michael,Saddi, Deveda)
teaches(Tweed, Michael,Schoonover, Suzanne)
teaches(Tweed, Michael,Seawell, Hiren)
teaches(Tweed, Michael,Shaik, Tamara)
teaches(Tweed, Michael,Simcoe, Timeka)
teaches(Tweed, Michael,Simpkins, Chata)
teaches(Tweed, Michael,Spracklin, Sridevi)
teaches(Tweed, Michael,Stover, Glenn)
teaches(Tweed, Michael,Svetahor, Sultana)
teaches(Tweed, Michael,Swamy, Juanda)
teaches(Tweed, Michael,Taxis, Samuel)
teaches(Tweed, Michael,Threlkeld, Tamika)
teaches(Tweed, Michael,Tokarz, Deveda)
teaches(Tweed, Michael,Treto, Xiaoming)
teaches(Tweed, Michael,Vangala, Jaysen)
teaches(Tweed, Michael,Vannatta, Pamela)
teaches(Tweed, Michael,Vu, Catherine)
teaches(Tweed, Michael,Waldo, Balaje)
teaches(Tweed, Michael,Whitehead, Marcus)
teaches(Tweed, Michael,Witherspoon,, Tara)
teaches(Tweed, Michael,Woods, Charles)
teaches(Tweed, Michael,Woods, Shaneka)
teaches(Tweed, Michael,Yoon, Rhonda)
teaches(Weinstein, M,Arthur, Emile)
teaches(Weinstein, M,Bremerman, Anthony)
teaches(Weinstein, M,Britt, Vivek)
teaches(Weinstein, M,Bueno, Benjamin)
teaches(Weinstein, M,Bueno, Juanita)
teaches(Weinstein, M,Candies, Iman)
teaches(Weinstein, M,Canova, Arthur)
teaches(Weinstein, M,Davidson, Janelle)
teaches(Weinstein, M,Deloach, Vuong)
teaches(Weinstein, M,Dharanikota, Jaysen)
teaches(Weinstein, M,Finerfrock, Ebony)
teaches(Weinstein, M,Graham, Donell)
teaches(Weinstein, M,Hensberger, Kamuanga)
teaches(Weinstein, M,Hong, Gholam)
teaches(Weinstein, M,Jakatdar, Ezra)
teaches(Weinstein, M,Kholief, Catherine)
teaches(Weinstein, M,Marr, Darice)
teaches(Weinstein, M,Mills, Jinghua)
teaches(Weinstein, M,Mukherjee, Cynthia)
teaches(Weinstein, M,Nowak, Vikram)
teaches(Weinstein, M,Pascual, Sonny)
teaches(Weinstein, M,Reid, Teerasak)
teaches(Weinstein, M,Robinson, Tawana)
teaches(Weinstein, M,Sause, Rajiv)
teaches(Weinstein, M,Smyth, Abolawole)
teaches(Weinstein, M,Sotomayor, Stacy)
teaches(Weinstein, M,Stratton, Secoria)
teaches(Weinstein, M,Waun, Usman)
teaches(Weinstein, M,Woods, Claude)
teaches(Weinstein, M.,An, Chethana)
teaches(Weinstein, M.,Balingit, Catherine)
teaches(Weinstein, M.,Cherinka, Sonny)
teaches(Weinstein, M.,Choi, Ezra)
teaches(Weinstein, M.,Dickenson, Nichole)
teaches(Weinstein, M.,Faxio, Michael)
teaches(Weinstein, M.,Gibbs, Yohannes)
teaches(Weinstein, M.,Gilmartin, Ahmad)
teaches(Weinstein, M.,Harms, Sonny)
teaches(Weinstein, M.,Heidari, Balaji)
teaches(Weinstein, M.,Hunter, Harold)
teaches(Weinstein, M.,James, Brook)
teaches(Weinstein, M.,Lawson, Timothy)
teaches(Weinstein, M.,Mcgill, Rhonda)
teaches(Weinstein, M.,Moren, Odell)
teaches(Weinstein, M.,Nichols, Anthony)
teaches(Weinstein, M.,Ostrem, Candaice)
teaches(Weinstein, M.,Parker, Kailash)
teaches(Weinstein, M.,Reyes, Gustavo)
teaches(Weinstein, M.,Rocha, Rashad)
teaches(Weinstein, M.,Snellings, Catherine)
teaches(Weinstein, M.,Valentine, Edmundo)
teaches(Weinstein, M.,Waldecker, Arthur)
teaches(Weinstein, M.,Walia, Kshama)
teaches(Weinstein, M.,Whiley, Tameishaon)
teaches(Weinstein, M.,Wigginton, Donell)
teaches(Weinstein, M.,Woltz, Jullanar)
teaches(Weinstein, M.,Zeher, Alfred)
teaches(Woodman, J,Adapala, Renate)
teaches(Woodman, J,Barcarse, Sonny)
teaches(Woodman, J,Breeden, Christie)
teaches(Woodman, J,Cairns, Brandy)
teaches(Woodman, J,Caplinger, Tawana)
teaches(Woodman, J,Chaklader, Surendar)
teaches(Woodman, J,Do, Audrey)
teaches(Woodman, J,Farag, Jeff)
teaches(Woodman, J,Farrell, Kalita)
teaches(Woodman, J,Galligan, Ellen)
teaches(Woodman, J,Givens, Kathy)
teaches(Woodman, J,Holliday, Randal)
teaches(Woodman, J,Mundell, Cecilia)
teaches(Woodman, J,Ostrem, Candaice)
teaches(Woodman, J,Roberson, Brett)
teaches(Woodman, J,Sarutzki, Naveed)
teaches(Woodman, J,Sattar, Anh)
teaches(Woodman, J,Squyres, Kristen)
teaches(Woodman, J,Sullivan, Dennison)
teaches(Woodman, J,Tarafdar, Catherine)
teaches(Woodman, J,Tomioka, Gerhard)
teaches(Woodman, J,Trimarchi, Deveda)
teaches(Woodman, J,Ward, Alisa)
teaches(Woodman, J,Yoder, Gustavo)
teaches(Woodward, Constance,Adams, Alphonso)
teaches(Woodward, Constance,Aiken, Roberto)
teaches(Woodward, Constance,Arnold, Hayley)
teaches(Woodward, Constance,Azarian, Joyce)
teaches(Woodward, Constance,Baldwin, Gustavo)
teaches(Woodward, Constance,Bannon, Carlin)
teaches(Woodward, Constance,Bao, Deandre)
teaches(Woodward, Constance,Barbour, Sarah-jean)
teaches(Woodward, Constance,Barcarse, Sonny)
teaches(Woodward, Constance,Belur, Shirley)
teaches(Woodward, Constance,Bergan, Lakesha)
teaches(Woodward, Constance,Britt, Vivek)
teaches(Woodward, Constance,Bueno, Anya)
teaches(Woodward, Constance,Bunch, Mingxia)
teaches(Woodward, Constance,Cai, Candaice)
teaches(Woodward, Constance,Candies, Iman)
teaches(Woodward, Constance,Cornelison, Vladimir)
teaches(Woodward, Constance,Cushing, Glory-jane)
teaches(Woodward, Constance,Dammalapati, Tameishaon)
teaches(Woodward, Constance,Dharanikota, Jaysen)
teaches(Woodward, Constance,Endsley, Filip)
teaches(Woodward, Constance,Fei, Tawana)
teaches(Woodward, Constance,Finman, Richelle)
teaches(Woodward, Constance,Flake, Tariq)
teaches(Woodward, Constance,Fulmer, Jianqiu)
teaches(Woodward, Constance,Gaffos, Dapeng)
teaches(Woodward, Constance,Galligan, Ellen)
teaches(Woodward, Constance,Graham, Donell)
teaches(Woodward, Constance,Graybill, Ahmad)
teaches(Woodward, Constance,Greco, Philip)
teaches(Woodward, Constance,Griffith, Francis)
teaches(Woodward, Constance,Hairston, Viet)
teaches(Woodward, Constance,Jenkins, Mohammad)
teaches(Woodward, Constance,Keller, Lindelwa)
teaches(Woodward, Constance,Keller, Nicholas)
teaches(Woodward, Constance,Kholief, Catherine)
teaches(Woodward, Constance,Koh, Nehemiah)
teaches(Woodward, Constance,Legg, Lakesha)
teaches(Woodward, Constance,Lester, Angela)
teaches(Woodward, Constance,Linthicum, Ralph)
teaches(Woodward, Constance,Lowery, Ricardo)
teaches(Woodward, Constance,Lundblom, Mandi)
teaches(Woodward, Constance,Lungrin, Gustavo)
teaches(Woodward, Constance,Majithia, Yvonne)
teaches(Woodward, Constance,Malik, Niya)
teaches(Woodward, Constance,Mansfield, Catherine)
teaches(Woodward, Constance,Mcalister, Percy)
teaches(Woodward, Constance,Mcghee, Valentina)
teaches(Woodward, Constance,Mcvicker, Gustavo)
teaches(Woodward, Constance,Medapati, Boris)
teaches(Woodward, Constance,Mengert, Lemar)
teaches(Woodward, Constance,Mengert, Yolanda)
teaches(Woodward, Constance,Mitchell, Jeremiah)
teaches(Woodward, Constance,Mohammad, Irhonda)
teaches(Woodward, Constance,Narra, Julie)
teaches(Woodward, Constance,Natividad, Ricardo)
teaches(Woodward, Constance,Navarro, Latron)
teaches(Woodward, Constance,Olson, Dexter)
teaches(Woodward, Constance,Ostrem, Candaice)
teaches(Woodward, Constance,Potter, Gustavo)
teaches(Woodward, Constance,Randolph, Darrah)
teaches(Woodward, Constance,Reasor, Hamid)
teaches(Woodward, Constance,Robertson, Min)
teaches(Woodward, Constance,Rollins, Amy)
teaches(Woodward, Constance,Satchell, Trelane)
teaches(Woodward, Constance,Sause, Rajiv)
teaches(Woodward, Constance,Schuhmann, Surendar)
teaches(Woodward, Constance,Settar, Stacie)
teaches(Woodward, Constance,Shi, Nichelle)
teaches(Woodward, Constance,Siripant, Hugh)
teaches(Woodward, Constance,Slight, Dmitry)
teaches(Woodward, Constance,Sotomayor, Stacy)
teaches(Woodward, Constance,Squyres, Kristen)
teaches(Woodward, Constance,Sullivan, Dennison)
teaches(Woodward, Constance,Suoudi, Jacob)
teaches(Woodward, Constance,Svetahor, Brielle)
teaches(Woodward, Constance,Trimarchi, Deveda)
teaches(Woodward, Constance,Van, Joseph)
teaches(Woodward, Constance,West, Bernard)
teaches(Woodward, Constance,Wheeler, Aaron)
teaches(Woodward, Constance,Zaini, Trennell)
teaches(Wordsmith, A,Al-mutairi, Damien)
teaches(Wordsmith, A,Al-wazzan, Kelvin)
teaches(Wordsmith, A,Ambrose, Randy)
teaches(Wordsmith, A,Boykin, Dagim)
teaches(Wordsmith, A,Branham, Jaysen)
teaches(Wordsmith, A,Britton, Sabria)
teaches(Wordsmith, A,Byrd, Barbara)
teaches(Wordsmith, A,Ding, Sherman)
teaches(Wordsmith, A,Doody, W)
teaches(Wordsmith, A,Dye, Xin)
teaches(Wordsmith, A,Echevarria, Prem)
teaches(Wordsmith, A,Goldstein, Courtney)
teaches(Wordsmith, A,Hodgson, Dorae)
teaches(Wordsmith, A,Hong, Gholam)
teaches(Wordsmith, A,Linthicum, Chien-liang)
teaches(Wordsmith, A,Noble, Jillian)
teaches(Wordsmith, A,Paysinger, Raj)
teaches(Wordsmith, A,Pearson, Nicole)
teaches(Wordsmith, A,Riddick, Tameishaon)
teaches(Wordsmith, A,Rivera, Jesse)
teaches(Wordsmith, A,Robison, Tawana)
teaches(Wordsmith, A,Seavey, Dilip)
teaches(Wordsmith, A,Silagyi, Milind)
teaches(Wordsmith, A,Tomioka, Gerhard)
teaches(Wordsmith, A,Upadhyay, Tarah)
teaches(Wordsmith, A,Vernon, Esling)
teaches(Wordsmith, A,Walters, Candaice)
teaches(Wordsmith, A,Woodbury, Jeffrey)
teaches(staff,Abadam, Faiz)
teaches(staff,Abdel, Marvis)
teaches(staff,Abou, Analyn)
teaches(staff,Acker, Jaysen)
teaches(staff,Adapala, Renate)
teaches(staff,Affa, Akia)
teaches(staff,Aiken, Roberto)
teaches(staff,Al-douli, Gustavo)
teaches(staff,Al-hajri, Marc)
teaches(staff,Alston, Angela)
teaches(staff,Althouse, Kristina)
teaches(staff,Aman, Danielle)
teaches(staff,Aman, Samuel)
teaches(staff,Amburn, Donald)
teaches(staff,An, Chethana)
teaches(staff,Andam, Deveda)
teaches(staff,Annih, Jaysen)
teaches(staff,Arocho, Tameishaon)
teaches(staff,Arsenault, Florin)
teaches(staff,Arthur, Jocelyn)
teaches(staff,Bach, Ruth)
teaches(staff,Back, Marc)
teaches(staff,Bader, Eugene)
teaches(staff,Baines, Rhonda)
teaches(staff,Bartlett, Linda)
teaches(staff,Beeler, Sir)
teaches(staff,Bell, Darlene)
teaches(staff,Belur, Shirley)
teaches(staff,Bhate, Jaysen)
teaches(staff,Bhavsar, Ariane)
teaches(staff,Blackmon, Markeese)
teaches(staff,Blackwell, Chen-chang)
teaches(staff,Blais, Oscar)
teaches(staff,Blankenship, Kelly)
teaches(staff,Bogedain, Satyam)
teaches(staff,Bordick, Juanita)
teaches(staff,Bostic, Gustavo)
teaches(staff,Bostic, Misty)
teaches(staff,Bowser, Thomasina)
teaches(staff,Branch, Jianqiu)
teaches(staff,Brill, Shamonda)
teaches(staff,Britton, Tawana)
teaches(staff,Brooke, Tawana)
teaches(staff,Bruce, Terrence)
teaches(staff,Burkett, Joshua)
teaches(staff,Burnett, Analyn)
teaches(staff,Butts, Rajiv)
teaches(staff,Byers, Sonny)
teaches(staff,Cai, Anjlica)
teaches(staff,Cai, Audrey)
teaches(staff,Caimol, Sarah-jean)
teaches(staff,Cali, Gustavo)
teaches(staff,Campbell, Chris)
teaches(staff,Campbell, Michie)
teaches(staff,Cancado, Fahad)
teaches(staff,Candies, Jon)
teaches(staff,Caplinger, Latashia)
teaches(staff,Caplinger, Tawana)
teaches(staff,Carter, Amanda)
teaches(staff,Castillo, Collin)
teaches(staff,Chaganti, Joel)
teaches(staff,Chandrasekaran, Brian)
teaches(staff,Chang, Sherrina)
teaches(staff,Chatkaewmorakot, Ricardo)
teaches(staff,Chen, Nancy)
teaches(staff,Chiang, Donell)
teaches(staff,Circle, Deveda)
teaches(staff,Clement, Tameishaon)
teaches(staff,Cohea, Ruey-kae)
teaches(staff,Conyers, Lyn)
teaches(staff,Cordner, Glenn)
teaches(staff,Courtney, Sabria)
teaches(staff,Coverdale, Emory)
teaches(staff,Craft, Jessie)
teaches(staff,Cuffee, Latoya)
teaches(staff,Custis, Jason)
teaches(staff,DAmico, Balaje)
teaches(staff,Dacruz, Jaime)
teaches(staff,Dani, Tyrone)
teaches(staff,Das, Catherine)
teaches(staff,Degraaf, Toan)
teaches(staff,Deguzman, Dorathy)
teaches(staff,Demetroudes, Russel)
teaches(staff,Dempsey, Jonita)
teaches(staff,Dennis, Syed)
teaches(staff,Determan, Md)
teaches(staff,Dharanikota, Patty)
teaches(staff,Dharanikota, Rodel)
teaches(staff,Dickenson, Nichole)
teaches(staff,Diehl, Adam)
teaches(staff,Diggs, Tierra)
teaches(staff,Disanto, Gustavo)
teaches(staff,Do, Jonathon)
teaches(staff,Dobrydnev, Denise)
teaches(staff,Dunn, Amy)
teaches(staff,Dyer, Nikkia)
teaches(staff,Edgerton, Mong-tuyen)
teaches(staff,Edmonds, Temarie)
teaches(staff,Edwards, Tameishaon)
teaches(staff,El-hammouchi, Lashema)
teaches(staff,Engstrand, Angela)
teaches(staff,Espinoza, Rachel)
teaches(staff,Evans, Ronda)
teaches(staff,Faison, Gustavo)
teaches(staff,Fajota, Rhonda)
teaches(staff,Fajota, Thomas)
teaches(staff,Farjam, Derrick)
teaches(staff,Fathi, Ian)
teaches(staff,Faulks, Joseph)
teaches(staff,Fauver, Lekeshia)
teaches(staff,Fauver, Samuel)
teaches(staff,Fei, Ramzy)
teaches(staff,Ferlazzo, Alan)
teaches(staff,Field, Abdullah)
teaches(staff,Finman, Richelle)
teaches(staff,Fisher, Kelly)
teaches(staff,Fix, Xiaobing)
teaches(staff,Flinn, Ahmad)
teaches(staff,Flood, Sarah)
teaches(staff,Fontimayor, Li)
teaches(staff,Fox, Barton)
teaches(staff,Franklin, Clifford)
teaches(staff,Freeman, Ray)
teaches(staff,Garcia, Anna)
teaches(staff,Garrett, Gustavo)
teaches(staff,Ghazanfar, Turkesa)
teaches(staff,Gibson, Mohammad)
teaches(staff,Giese, Brian)
teaches(staff,Gifford, Ravikumar)
teaches(staff,Gillespie, Liana)
teaches(staff,Gills, Bangfei)
teaches(staff,Glaves, Jonathan)
teaches(staff,Gomez, Megan)
teaches(staff,Good, Ruth)
teaches(staff,Gover, Yusong)
teaches(staff,Grantham, Jianqiu)
teaches(staff,Grasso, Tammy)
teaches(staff,Graves, Rong)
teaches(staff,Gray, Catherine)
teaches(staff,Grindley, Tanya)
teaches(staff,Gucwa, Barton)
teaches(staff,Guess, Jose)
teaches(staff,Gulla, Mahmoud)
teaches(staff,Haile, Shahid)
teaches(staff,Hakim, Richard)
teaches(staff,Hall, Hamad)
teaches(staff,Hanna, Paolo)
teaches(staff,Harcum, Erin)
teaches(staff,Hargrove, Brett)
teaches(staff,Hargrove, Lakesha)
teaches(staff,Harmon, Kim)
teaches(staff,Harms, Sonny)
teaches(staff,Harvey, Samuel)
teaches(staff,He, Lashema)
teaches(staff,Hedrick, Dagim)
teaches(staff,Heidari, Balaji)
teaches(staff,Helm, Mattanyah)
teaches(staff,Hensil, Tameishaon)
teaches(staff,Hensley, Misbahuddin)
teaches(staff,Hester, Tameishaon)
teaches(staff,Hetland, Kyle)
teaches(staff,Higgins, Kevin)
teaches(staff,Hill, Glenn)
teaches(staff,Hitt, Iii)
teaches(staff,Hodkins, Ricardo)
teaches(staff,Hoferkamp, Kurt)
teaches(staff,Holland, Gustavo)
teaches(staff,Holton, Sarah-jean)
teaches(staff,Holtzclaw, Scott)
teaches(staff,Hood, Ricardo)
teaches(staff,Howard, Rajiv)
teaches(staff,Howell, Christophe)
teaches(staff,Huggins, Kary)
teaches(staff,Hughes, Ahmad)
teaches(staff,Hussein, Thepiolus)
teaches(staff,Huynh, Belainesh)
teaches(staff,Hyder, Catherine)
teaches(staff,Ianuzi, Roshonda)
teaches(staff,Imtiaz, Rhonda)
teaches(staff,Irintchev, Chihyun)
teaches(staff,Janda, Tanisha)
teaches(staff,Jank, Edmundo)
teaches(staff,Janosko, Suheil)
teaches(staff,Jefferson, Adam)
teaches(staff,Jensen, Shanda)
teaches(staff,Jewett, Torria)
teaches(staff,Johnson, Jeremy)
teaches(staff,Jones, Lakesha)
teaches(staff,Karande, Gustavo)
teaches(staff,Katsuki, Jianqiu)
teaches(staff,Kelly, Christopher)
teaches(staff,Kertesz, Rajiv)
teaches(staff,Keshava, Jaysen)
teaches(staff,Kidd, Jeremiah)
teaches(staff,Kidd, Shanti)
teaches(staff,Klepatzki, Angela)
teaches(staff,Knight, Lorraine)
teaches(staff,Konishi, Misty)
teaches(staff,Koodallur, Jamell)
teaches(staff,Kopmann, Fred)
teaches(staff,Kormath, Rhonda)
teaches(staff,Kost, Jodi)
teaches(staff,Kovalcik, Paige)
teaches(staff,Kvachadze, Audrey)
teaches(staff,Lagisetty, Mark)
teaches(staff,Lambert, Rosalee)
teaches(staff,Lan, Andrea)
teaches(staff,Lebeau, Surendar)
teaches(staff,Lewandowski, Ramanjit)
teaches(staff,Lewis, Lakesha)
teaches(staff,Lighthart, Mayranne)
teaches(staff,Lindley, Jianqiu)
teaches(staff,Linthicum, Dun)
teaches(staff,Lobo, Hesham)
teaches(staff,Logue, Lakesha)
teaches(staff,Lopez, Audra)
teaches(staff,Lora, Herbert)
teaches(staff,Lota, Kathy)
teaches(staff,Lowery, Ginny)
teaches(staff,Lowery, Han)
teaches(staff,Luopa, Cruz)
teaches(staff,Lutz, Christina)
teaches(staff,Mahmuda, Grazia)
teaches(staff,Major, Balaje)
teaches(staff,Major, Samuel)
teaches(staff,Malkin, Derek)
teaches(staff,Mallavaram, Anthony)
teaches(staff,Marable, Tameishaon)
teaches(staff,Martinez, Verdette)
teaches(staff,Masiello, Rhoda)
teaches(staff,Matsko, Angela)
teaches(staff,Matthews, Gustavo)
teaches(staff,Maxey, Sonny)
teaches(staff,Mays, Billylee)
teaches(staff,Mcclish, Jianqiu)
teaches(staff,Mccurdy, Emechete)
teaches(staff,Mckee, Tariq)
teaches(staff,Mcnaull, Mandi)
teaches(staff,Mcneece, Rhonda)
teaches(staff,Medapati, Boris)
teaches(staff,Meehan, Rhonda)
teaches(staff,Meinertzhagen, Wei)
teaches(staff,Mengert, Yolanda)
teaches(staff,Mills, Sachie)
teaches(staff,Mitchell, Latashia)
teaches(staff,Mojica, Ahmad)
teaches(staff,Mojica, Clinton)
teaches(staff,Morris, Mohamed)
teaches(staff,Moseley, Kerry)
teaches(staff,Moustafa, Showna)
teaches(staff,Mozingo, Adam)
teaches(staff,Mulamba, Jonathon)
teaches(staff,Mundell, Christian)
teaches(staff,Nazar, Matt)
teaches(staff,Neathery, Rico)
teaches(staff,Nguy, Jane)
teaches(staff,Nichols, Anthony)
teaches(staff,Nurney, Lujain)
teaches(staff,Ogunleye, Tameishaon)
teaches(staff,Ost, Xiaobing)
teaches(staff,Ostrem, Candaice)
teaches(staff,Owen, Latha)
teaches(staff,Paganelli, Adnan)
teaches(staff,Pagano, Marco)
teaches(staff,Paige, Xiaobing)
teaches(staff,Papisetty, Soneya)
teaches(staff,Parinas, Svinurai)
teaches(staff,Parker, Kailash)
teaches(staff,Parrott, Corie)
teaches(staff,Patel, Jaysen)
teaches(staff,Patel, Sarah-jean)
teaches(staff,Peprah, Latashia)
teaches(staff,Pereras, Elron)
teaches(staff,Pezzetti, Yusong)
teaches(staff,Pham, Gerard)
teaches(staff,Phillips, Jianqiu)
teaches(staff,Pidugu, Kaesha)
teaches(staff,Pitchford, Ezra)
teaches(staff,Pizzillo, Tameishaon)
teaches(staff,Ploskina, Rosalee)
teaches(staff,Podruchny, Nakeista)
teaches(staff,Pope, Dorathy)
teaches(staff,Porteria, Lhe)
teaches(staff,Poulson, Gustavo)
teaches(staff,Powell, Cleveland)
teaches(staff,Pucher, Derrick)
teaches(staff,Purvis, Vernon)
teaches(staff,Querimit, Jeremiah)
teaches(staff,Randolph, Darrah)
teaches(staff,Rankin, Tia)
teaches(staff,Reeves, Ahmad)
teaches(staff,Rizvi, Ahmad)
teaches(staff,Robertson, Karen)
teaches(staff,Rocha, Rashad)
teaches(staff,Romain, Khang)
teaches(staff,Rouse,, Jana)
teaches(staff,Russell, Jongsoon)
teaches(staff,Sabir, Catherine)
teaches(staff,Sabir, Ernest)
teaches(staff,Sadowski, Samantha)
teaches(staff,Sagedy, Richard)
teaches(staff,Salamanca, Lonnie)
teaches(staff,Schuhmann, Surendar)
teaches(staff,Schwartz, L)
teaches(staff,Seaborn, Lindsay)
teaches(staff,Seals, Dwayne)
teaches(staff,Seavey, Rajiv)
teaches(staff,Seawell, Hiren)
teaches(staff,Shabazz, Lan)
teaches(staff,Shawnik, Lujain)
teaches(staff,Shelton, Kennie)
teaches(staff,Shreves, Ilya)
teaches(staff,Simcoe, Gustavo)
teaches(staff,Simcoe, Nikolay)
teaches(staff,Simcoe, Ricardo)
teaches(staff,Simcoe, Tariq)
teaches(staff,Singleton, Jefrado)
teaches(staff,Snellings, Catherine)
teaches(staff,Snow, Candaice)
teaches(staff,Snow, Enrique)
teaches(staff,Sorrell, Cenk)
teaches(staff,Southard, Jianqiu)
teaches(staff,Southerland, Gustavo)
teaches(staff,Spahnie, Dagim)
teaches(staff,Sparks, Gustavo)
teaches(staff,Spiker, Hau)
teaches(staff,Spracklin, Sridevi)
teaches(staff,Spratley, Jaysen)
teaches(staff,Stafford, Andrea)
teaches(staff,Stinson, Ricardo)
teaches(staff,Stoner, Natia)
teaches(staff,Stover, Glenn)
teaches(staff,Sturm, Lara)
teaches(staff,Sura, Elvin)
teaches(staff,Surratt, Tameishaon)
teaches(staff,Svetahor, Sultana)
teaches(staff,Swaney, Alex)
teaches(staff,Syed, Montree)
teaches(staff,Tandoc, Latonya)
teaches(staff,Taxis, Candias)
teaches(staff,Thomason, Mark)
teaches(staff,Threlkeld, Tamika)
teaches(staff,Toida, Sonny)
teaches(staff,Tokarz, Deveda)
teaches(staff,Tran, Gustavo)
teaches(staff,Travaglio, Amil)
teaches(staff,Treto, Xiaoming)
teaches(staff,Trimarchi, Deveda)
teaches(staff,Tsai, Anthony)
teaches(staff,Tubyangye, Charissa)
teaches(staff,Turkhia, Graham)
teaches(staff,Uecker, Yu-chieh)
teaches(staff,Valentine, Edmundo)
teaches(staff,Vann, Rhonda)
teaches(staff,Vannatta, Pamela)
teaches(staff,Velasquez, Adam)
teaches(staff,Veney, Paul)
teaches(staff,Waddell, Jaysen)
teaches(staff,Wade, Travis)
teaches(staff,Waldecker, Arthur)
teaches(staff,Wall, Jenifer)
teaches(staff,Ward, Alisa)
teaches(staff,Washington, Rajesh)
teaches(staff,Webb, Charissa)
teaches(staff,Weddington, Lauren)
teaches(staff,Weller, Sabria)
teaches(staff,Weller, Terra)
teaches(staff,Wetherington, Delvin)
teaches(staff,Whiley, Tameishaon)
teaches(staff,Whitehead, Marcus)
teaches(staff,Winslow, Christin)
teaches(staff,Witherspoon,, Satyam)
teaches(staff,Witherspoon,, Tara)
teaches(staff,Withycomb, Samuel)
teaches(staff,Wittges, Kivondra)
teaches(staff,Wolford, Gena)
teaches(staff,Wolfson, Rhonda)
teaches(staff,Woodland, Chen-chang)
teaches(staff,Woods, Shaneka)
teaches(staff,Wooten, Yusong)
teaches(staff,Yang, Stephen)
teaches(staff,Yankanwich, Jonathon)
teaches(staff,Yelluri, Jaysen)
teaches(staff,Yi, Debbie)
teaches(staff,Yoder, Brian)
teaches(staff,Yoder, Ranjit)
teaches(staff,Yoon, Chen-chang)
teaches(staff,Young, Heidi)
teaches(staff,Zamora, Sheng)
teaches(staff,Zang, Fu-sheng)
teaches(staff,Zhai, Arthur)
