teachesTwice(Doviak, Charlie,Hoilman, Glen)
teachesTwice(Doviak, Charlie,Wright, Cruz)
teachesTwice(Line, S.,Hoffmann, Rachael)
teachesTwice(Line, S.,Irintchev, Adel)
teachesTwice(Line, S.,Ishfaq, Abdullah)
teachesTwice(Line, S.,Reasor, Hamid)
teachesTwice(Line, S.,Rollins, Amy)
teachesTwice(Line, S.,Shi, Nichelle)
teachesTwice(Melrose, Richard,Adapala, Renate)
teachesTwice(Melrose, Richard,Atherley, Justin)
teachesTwice(Melrose, Richard,Bannon, Carlin)
teachesTwice(Melrose, Richard,Campbell, Daqing)
teachesTwice(Melrose, Richard,Caplinger, Tawana)
teachesTwice(Melrose, Richard,Greco, Philip)
teachesTwice(Melrose, Richard,Mack, Lakesha)
teachesTwice(Melrose, Richard,Melkonian, Xiaobing)
teachesTwice(Melrose, Richard,Simcoe, Timeka)
teachesTwice(Melrose, Richard,Simpkins, Chata)
teachesTwice(Melrose, Richard,Ward, Alisa)
teachesTwice(Melrose, Richard,Whitt, Sonny)
teachesTwice(Melrose, Richard,Yoder, Gustavo)
teachesTwice(Morgan, Stanley,Fleming, Lakeisha)
teachesTwice(Nineman, D J,Mengert, Yolanda)
teachesTwice(Schulz, Natalie,Harrell, Mathew)
teachesTwice(Schulz, Natalie,Richardson, Candice)
teachesTwice(Schulz, Natalie,Simcoe, Roneshe)
teachesTwice(Schulz, Natalie,Upadhyay, Tarah)
teachesTwice(Schulz, Natalie,Williams, Keith)
teachesTwice(Woodward, Constance,Malik, Niya)
teachesTwice(Woodward, Constance,Potter, Gustavo)
teachesTwice(Woodward, Constance,Sause, Rajiv)
teachesTwice(Wordsmith, A,Britton, Sabria)
teachesTwice(staff,Abadam, Faiz)
teachesTwice(staff,Abdel, Marvis)
teachesTwice(staff,Abou, Analyn)
teachesTwice(staff,Acker, Jaysen)
teachesTwice(staff,Affa, Akia)
teachesTwice(staff,Aiken, Roberto)
teachesTwice(staff,Al-douli, Gustavo)
teachesTwice(staff,Al-hajri, Marc)
teachesTwice(staff,Alston, Angela)
teachesTwice(staff,Althouse, Kristina)
teachesTwice(staff,Aman, Danielle)
teachesTwice(staff,Aman, Samuel)
teachesTwice(staff,Amburn, Donald)
teachesTwice(staff,An, Chethana)
teachesTwice(staff,Andam, Deveda)
teachesTwice(staff,Annih, Jaysen)
teachesTwice(staff,Arocho, Tameishaon)
teachesTwice(staff,Arsenault, Florin)
teachesTwice(staff,Arthur, Jocelyn)
teachesTwice(staff,Bach, Ruth)
teachesTwice(staff,Back, Marc)
teachesTwice(staff,Bader, Eugene)
teachesTwice(staff,Baines, Rhonda)
teachesTwice(staff,Bartlett, Linda)
teachesTwice(staff,Bell, Darlene)
teachesTwice(staff,Belur, Shirley)
teachesTwice(staff,Bhate, Jaysen)
teachesTwice(staff,Bhavsar, Ariane)
teachesTwice(staff,Blackwell, Chen-chang)
teachesTwice(staff,Blais, Oscar)
teachesTwice(staff,Blankenship, Kelly)
teachesTwice(staff,Bogedain, Satyam)
teachesTwice(staff,Bordick, Juanita)
teachesTwice(staff,Bostic, Gustavo)
teachesTwice(staff,Bostic, Misty)
teachesTwice(staff,Bowser, Thomasina)
teachesTwice(staff,Branch, Jianqiu)
teachesTwice(staff,Brill, Shamonda)
teachesTwice(staff,Britton, Tawana)
teachesTwice(staff,Brooke, Tawana)
teachesTwice(staff,Bruce, Terrence)
teachesTwice(staff,Burkett, Joshua)
teachesTwice(staff,Burnett, Analyn)
teachesTwice(staff,Butts, Rajiv)
teachesTwice(staff,Byers, Sonny)
teachesTwice(staff,Cai, Anjlica)
teachesTwice(staff,Cai, Audrey)
teachesTwice(staff,Caimol, Sarah-jean)
teachesTwice(staff,Cali, Gustavo)
teachesTwice(staff,Campbell, Chris)
teachesTwice(staff,Cancado, Fahad)
teachesTwice(staff,Candies, Jon)
teachesTwice(staff,Caplinger, Latashia)
teachesTwice(staff,Castillo, Collin)
teachesTwice(staff,Chaganti, Joel)
teachesTwice(staff,Chandrasekaran, Brian)
teachesTwice(staff,Chang, Sherrina)
teachesTwice(staff,Chatkaewmorakot, Ricardo)
teachesTwice(staff,Chen, Nancy)
teachesTwice(staff,Chiang, Donell)
teachesTwice(staff,Circle, Deveda)
teachesTwice(staff,Clement, Tameishaon)
teachesTwice(staff,Cohea, Ruey-kae)
teachesTwice(staff,Conyers, Lyn)
teachesTwice(staff,Cordner, Glenn)
teachesTwice(staff,Courtney, Sabria)
teachesTwice(staff,Coverdale, Emory)
teachesTwice(staff,Craft, Jessie)
teachesTwice(staff,Cuffee, Latoya)
teachesTwice(staff,Custis, Jason)
teachesTwice(staff,DAmico, Balaje)
teachesTwice(staff,Dacruz, Jaime)
teachesTwice(staff,Dani, Tyrone)
teachesTwice(staff,Das, Catherine)
teachesTwice(staff,Degraaf, Toan)
teachesTwice(staff,Deguzman, Dorathy)
teachesTwice(staff,Demetroudes, Russel)
teachesTwice(staff,Dempsey, Jonita)
teachesTwice(staff,Dennis, Syed)
teachesTwice(staff,Determan, Md)
teachesTwice(staff,Dharanikota, Patty)
teachesTwice(staff,Dharanikota, Rodel)
teachesTwice(staff,Dickenson, Nichole)
teachesTwice(staff,Diggs, Tierra)
teachesTwice(staff,Do, Jonathon)
teachesTwice(staff,Dobrydnev, Denise)
teachesTwice(staff,Dunn, Amy)
teachesTwice(staff,Dyer, Nikkia)
teachesTwice(staff,Edgerton, Mong-tuyen)
teachesTwice(staff,Edmonds, Temarie)
teachesTwice(staff,Edwards, Tameishaon)
teachesTwice(staff,El-hammouchi, Lashema)
teachesTwice(staff,Engstrand, Angela)
teachesTwice(staff,Espinoza, Rachel)
teachesTwice(staff,Evans, Ronda)
teachesTwice(staff,Fajota, Rhonda)
teachesTwice(staff,Fajota, Thomas)
teachesTwice(staff,Farjam, Derrick)
teachesTwice(staff,Fathi, Ian)
teachesTwice(staff,Faulks, Joseph)
teachesTwice(staff,Fauver, Samuel)
teachesTwice(staff,Fei, Ramzy)
teachesTwice(staff,Ferlazzo, Alan)
teachesTwice(staff,Field, Abdullah)
teachesTwice(staff,Finman, Richelle)
teachesTwice(staff,Fisher, Kelly)
teachesTwice(staff,Fix, Xiaobing)
teachesTwice(staff,Flinn, Ahmad)
teachesTwice(staff,Flood, Sarah)
teachesTwice(staff,Freeman, Ray)
teachesTwice(staff,Garcia, Anna)
teachesTwice(staff,Garrett, Gustavo)
teachesTwice(staff,Ghazanfar, Turkesa)
teachesTwice(staff,Gibson, Mohammad)
teachesTwice(staff,Giese, Brian)
teachesTwice(staff,Gifford, Ravikumar)
teachesTwice(staff,Gillespie, Liana)
teachesTwice(staff,Gills, Bangfei)
teachesTwice(staff,Glaves, Jonathan)
teachesTwice(staff,Gomez, Megan)
teachesTwice(staff,Good, Ruth)
teachesTwice(staff,Gover, Yusong)
teachesTwice(staff,Grantham, Jianqiu)
teachesTwice(staff,Grasso, Tammy)
teachesTwice(staff,Graves, Rong)
teachesTwice(staff,Gray, Catherine)
teachesTwice(staff,Grindley, Tanya)
teachesTwice(staff,Gucwa, Barton)
teachesTwice(staff,Guess, Jose)
teachesTwice(staff,Haile, Shahid)
teachesTwice(staff,Hakim, Richard)
teachesTwice(staff,Hall, Hamad)
teachesTwice(staff,Hanna, Paolo)
teachesTwice(staff,Harcum, Erin)
teachesTwice(staff,Hargrove, Brett)
teachesTwice(staff,Hargrove, Lakesha)
teachesTwice(staff,Harms, Sonny)
teachesTwice(staff,Harvey, Samuel)
teachesTwice(staff,He, Lashema)
teachesTwice(staff,Hedrick, Dagim)
teachesTwice(staff,Heidari, Balaji)
teachesTwice(staff,Helm, Mattanyah)
teachesTwice(staff,Hensil, Tameishaon)
teachesTwice(staff,Hensley, Misbahuddin)
teachesTwice(staff,Hester, Tameishaon)
teachesTwice(staff,Hetland, Kyle)
teachesTwice(staff,Higgins, Kevin)
teachesTwice(staff,Hill, Glenn)
teachesTwice(staff,Hitt, Iii)
teachesTwice(staff,Hodkins, Ricardo)
teachesTwice(staff,Hoferkamp, Kurt)
teachesTwice(staff,Holton, Sarah-jean)
teachesTwice(staff,Holtzclaw, Scott)
teachesTwice(staff,Hood, Ricardo)
teachesTwice(staff,Howard, Rajiv)
teachesTwice(staff,Hughes, Ahmad)
teachesTwice(staff,Hussein, Thepiolus)
teachesTwice(staff,Huynh, Belainesh)
teachesTwice(staff,Hyder, Catherine)
teachesTwice(staff,Ianuzi, Roshonda)
teachesTwice(staff,Imtiaz, Rhonda)
teachesTwice(staff,Irintchev, Chihyun)
teachesTwice(staff,Janda, Tanisha)
teachesTwice(staff,Janosko, Suheil)
teachesTwice(staff,Jefferson, Adam)
teachesTwice(staff,Jensen, Shanda)
teachesTwice(staff,Jewett, Torria)
teachesTwice(staff,Johnson, Jeremy)
teachesTwice(staff,Jones, Lakesha)
teachesTwice(staff,Katsuki, Jianqiu)
teachesTwice(staff,Kelly, Christopher)
teachesTwice(staff,Kertesz, Rajiv)
teachesTwice(staff,Keshava, Jaysen)
teachesTwice(staff,Kidd, Jeremiah)
teachesTwice(staff,Kidd, Shanti)
teachesTwice(staff,Klepatzki, Angela)
teachesTwice(staff,Knight, Lorraine)
teachesTwice(staff,Konishi, Misty)
teachesTwice(staff,Koodallur, Jamell)
teachesTwice(staff,Kopmann, Fred)
teachesTwice(staff,Kost, Jodi)
teachesTwice(staff,Kovalcik, Paige)
teachesTwice(staff,Kvachadze, Audrey)
teachesTwice(staff,Lagisetty, Mark)
teachesTwice(staff,Lambert, Rosalee)
teachesTwice(staff,Lan, Andrea)
teachesTwice(staff,Lebeau, Surendar)
teachesTwice(staff,Lewandowski, Ramanjit)
teachesTwice(staff,Lewis, Lakesha)
teachesTwice(staff,Lighthart, Mayranne)
teachesTwice(staff,Lindley, Jianqiu)
teachesTwice(staff,Linthicum, Dun)
teachesTwice(staff,Lobo, Hesham)
teachesTwice(staff,Logue, Lakesha)
teachesTwice(staff,Lopez, Audra)
teachesTwice(staff,Lora, Herbert)
teachesTwice(staff,Lota, Kathy)
teachesTwice(staff,Lowery, Ginny)
teachesTwice(staff,Lowery, Han)
teachesTwice(staff,Luopa, Cruz)
teachesTwice(staff,Lutz, Christina)
teachesTwice(staff,Mahmuda, Grazia)
teachesTwice(staff,Major, Balaje)
teachesTwice(staff,Major, Samuel)
teachesTwice(staff,Malkin, Derek)
teachesTwice(staff,Mallavaram, Anthony)
teachesTwice(staff,Marable, Tameishaon)
teachesTwice(staff,Martinez, Verdette)
teachesTwice(staff,Masiello, Rhoda)
teachesTwice(staff,Matsko, Angela)
teachesTwice(staff,Matthews, Gustavo)
teachesTwice(staff,Maxey, Sonny)
teachesTwice(staff,Mays, Billylee)
teachesTwice(staff,Mcclish, Jianqiu)
teachesTwice(staff,Mccurdy, Emechete)
teachesTwice(staff,Mckee, Tariq)
teachesTwice(staff,Mcnaull, Mandi)
teachesTwice(staff,Mcneece, Rhonda)
teachesTwice(staff,Medapati, Boris)
teachesTwice(staff,Meehan, Rhonda)
teachesTwice(staff,Meinertzhagen, Wei)
teachesTwice(staff,Mengert, Yolanda)
teachesTwice(staff,Mills, Sachie)
teachesTwice(staff,Mitchell, Latashia)
teachesTwice(staff,Mojica, Ahmad)
teachesTwice(staff,Mojica, Clinton)
teachesTwice(staff,Morris, Mohamed)
teachesTwice(staff,Moseley, Kerry)
teachesTwice(staff,Moustafa, Showna)
teachesTwice(staff,Mozingo, Adam)
teachesTwice(staff,Mulamba, Jonathon)
teachesTwice(staff,Mundell, Christian)
teachesTwice(staff,Nazar, Matt)
teachesTwice(staff,Neathery, Rico)
teachesTwice(staff,Nguy, Jane)
teachesTwice(staff,Nurney, Lujain)
teachesTwice(staff,Ogunleye, Tameishaon)
teachesTwice(staff,Owen, Latha)
teachesTwice(staff,Paganelli, Adnan)
teachesTwice(staff,Pagano, Marco)
teachesTwice(staff,Paige, Xiaobing)
teachesTwice(staff,Papisetty, Soneya)
teachesTwice(staff,Parinas, Svinurai)
teachesTwice(staff,Parker, Kailash)
teachesTwice(staff,Parrott, Corie)
teachesTwice(staff,Patel, Jaysen)
teachesTwice(staff,Patel, Sarah-jean)
teachesTwice(staff,Peprah, Latashia)
teachesTwice(staff,Pereras, Elron)
teachesTwice(staff,Pezzetti, Yusong)
teachesTwice(staff,Pham, Gerard)
teachesTwice(staff,Phillips, Jianqiu)
teachesTwice(staff,Pidugu, Kaesha)
teachesTwice(staff,Pitchford, Ezra)
teachesTwice(staff,Pizzillo, Tameishaon)
teachesTwice(staff,Ploskina, Rosalee)
teachesTwice(staff,Podruchny, Nakeista)
teachesTwice(staff,Pope, Dorathy)
teachesTwice(staff,Porteria, Lhe)
teachesTwice(staff,Poulson, Gustavo)
teachesTwice(staff,Powell, Cleveland)
teachesTwice(staff,Pucher, Derrick)
teachesTwice(staff,Purvis, Vernon)
teachesTwice(staff,Querimit, Jeremiah)
teachesTwice(staff,Randolph, Darrah)
teachesTwice(staff,Rankin, Tia)
teachesTwice(staff,Reeves, Ahmad)
teachesTwice(staff,Rizvi, Ahmad)
teachesTwice(staff,Robertson, Karen)
teachesTwice(staff,Rocha, Rashad)
teachesTwice(staff,Romain, Khang)
teachesTwice(staff,Rouse,, Jana)
teachesTwice(staff,Russell, Jongsoon)
teachesTwice(staff,Sabir, Catherine)
teachesTwice(staff,Sabir, Ernest)
teachesTwice(staff,Sadowski, Samantha)
teachesTwice(staff,Sagedy, Richard)
teachesTwice(staff,Salamanca, Lonnie)
teachesTwice(staff,Schuhmann, Surendar)
teachesTwice(staff,Schwartz, L)
teachesTwice(staff,Seaborn, Lindsay)
teachesTwice(staff,Seals, Dwayne)
teachesTwice(staff,Seavey, Rajiv)
teachesTwice(staff,Seawell, Hiren)
teachesTwice(staff,Shabazz, Lan)
teachesTwice(staff,Shawnik, Lujain)
teachesTwice(staff,Shelton, Kennie)
teachesTwice(staff,Shreves, Ilya)
teachesTwice(staff,Simcoe, Gustavo)
teachesTwice(staff,Simcoe, Nikolay)
teachesTwice(staff,Simcoe, Ricardo)
teachesTwice(staff,Simcoe, Tariq)
teachesTwice(staff,Singleton, Jefrado)
teachesTwice(staff,Snellings, Catherine)
teachesTwice(staff,Snow, Candaice)
teachesTwice(staff,Snow, Enrique)
teachesTwice(staff,Sorrell, Cenk)
teachesTwice(staff,Southard, Jianqiu)
teachesTwice(staff,Southerland, Gustavo)
teachesTwice(staff,Spahnie, Dagim)
teachesTwice(staff,Sparks, Gustavo)
teachesTwice(staff,Spiker, Hau)
teachesTwice(staff,Spracklin, Sridevi)
teachesTwice(staff,Spratley, Jaysen)
teachesTwice(staff,Stafford, Andrea)
teachesTwice(staff,Stinson, Ricardo)
teachesTwice(staff,Stover, Glenn)
teachesTwice(staff,Sturm, Lara)
teachesTwice(staff,Sura, Elvin)
teachesTwice(staff,Surratt, Tameishaon)
teachesTwice(staff,Svetahor, Sultana)
teachesTwice(staff,Swaney, Alex)
teachesTwice(staff,Syed, Montree)
teachesTwice(staff,Tandoc, Latonya)
teachesTwice(staff,Taxis, Candias)
teachesTwice(staff,Thomason, Mark)
teachesTwice(staff,Threlkeld, Tamika)
teachesTwice(staff,Toida, Sonny)
teachesTwice(staff,Tokarz, Deveda)
teachesTwice(staff,Tran, Gustavo)
teachesTwice(staff,Travaglio, Amil)
teachesTwice(staff,Treto, Xiaoming)
teachesTwice(staff,Tsai, Anthony)
teachesTwice(staff,Tubyangye, Charissa)
teachesTwice(staff,Turkhia, Graham)
teachesTwice(staff,Uecker, Yu-chieh)
teachesTwice(staff,Valentine, Edmundo)
teachesTwice(staff,Vann, Rhonda)
teachesTwice(staff,Vannatta, Pamela)
teachesTwice(staff,Velasquez, Adam)
teachesTwice(staff,Veney, Paul)
teachesTwice(staff,Waddell, Jaysen)
teachesTwice(staff,Wade, Travis)
teachesTwice(staff,Waldecker, Arthur)
teachesTwice(staff,Wall, Jenifer)
teachesTwice(staff,Washington, Rajesh)
teachesTwice(staff,Webb, Charissa)
teachesTwice(staff,Weddington, Lauren)
teachesTwice(staff,Weller, Sabria)
teachesTwice(staff,Weller, Terra)
teachesTwice(staff,Wetherington, Delvin)
teachesTwice(staff,Whiley, Tameishaon)
teachesTwice(staff,Whitehead, Marcus)
teachesTwice(staff,Winslow, Christin)
teachesTwice(staff,Witherspoon,, Satyam)
teachesTwice(staff,Witherspoon,, Tara)
teachesTwice(staff,Withycomb, Samuel)
teachesTwice(staff,Wittges, Kivondra)
teachesTwice(staff,Wolford, Gena)
teachesTwice(staff,Wolfson, Rhonda)
teachesTwice(staff,Woodland, Chen-chang)
teachesTwice(staff,Woods, Shaneka)
teachesTwice(staff,Wooten, Yusong)
teachesTwice(staff,Yang, Stephen)
teachesTwice(staff,Yankanwich, Jonathon)
teachesTwice(staff,Yi, Debbie)
teachesTwice(staff,Yoder, Brian)
teachesTwice(staff,Yoder, Ranjit)
teachesTwice(staff,Yoon, Chen-chang)
teachesTwice(staff,Young, Heidi)
teachesTwice(staff,Zamora, Sheng)
teachesTwice(staff,Zang, Fu-sheng)
teachesTwice(staff,Zhai, Arthur)
