Copyright (C) 1999-2025 Daniel Diaz
GNU Prolog 1.5.0 (64 bits)
takes(Aadhan, Lujain,cs101D)
takes(Abadam, Faiz,cs150)
takes(Abadam, Faiz,cs270)
takes(Abbott, Sadina,cs101D)
takes(Abdel, Marvis,cs150)
takes(Abdel, Tariq,cs101D)
takes(Abou, Analyn,cs150)
takes(Acker, Jaysen,cs250)
takes(Acker, Jaysen,cs270)
takes(Acker, Jaysen,cs300U)
takes(Adams, Alphonso,cs667)
takes(Adapala, Quinn,cs101D)
takes(Adapala, Renate,cs281)
takes(Adapala, Renate,cs300U)
takes(Adapala, Renate,cs410)
takes(Adapala, Renate,cs495)
takes(Adapala, Yo,cs149D)
takes(Adler, Amol,cs149D)
takes(Affa, Akia,cs150)
takes(Ahmed, Lujain,cs149D)
takes(Aiken, Roberto,cs150)
takes(Aiken, Roberto,cs395)
takes(Aksu, Zhipeng,cs101D)
takes(Al-dahash, Amod,cs101D)
takes(Al-douli, Allen,cs270)
takes(Al-douli, Allen,cs281)
takes(Al-douli, Gustavo,cs150)
takes(Al-douli, Suwit,cs300U)
takes(Al-hajri, Marc,cs250)
takes(Al-hajri, Marc,cs270)
takes(Al-khaled, Jeremiah,cs101D)
takes(Al-mhsoon, Abdulkarim,cs101D)
takes(Al-mhsoon, Colin,cs101D)
takes(Al-mhsoon, Emad,cs149D)
takes(Al-mutairi, Damien,cs899)
takes(Al-qallaf, Jianqiu,cs101D)
takes(Al-sajary, Tyrone,cs101D)
takes(Al-theneyan, Shelby,cs149D)
takes(Al-wazzan, Kelvin,cs779)
takes(Alharbi, Dagim,cs101D)
takes(Allen, Latasha,cs687)
takes(Allison, Chen-chang,cs355)
takes(Alrashidi, Sheila,cs101D)
takes(Alrashoud, Arijit,cs101D)
takes(Alston, Angela,cs150)
takes(Alston, Kalpesh,cs101D)
takes(Althouse, Glenn,cs270)
takes(Althouse, Glenn,cs281)
takes(Althouse, Kristina,cs149D)
takes(Althouse, Kristina,cs150)
takes(Althouse, Liana,cs101D)
takes(Althouse, Suparna,cs101D)
takes(Alvarez, I,cs101D)
takes(Alvarez, Toan,cs101D)
takes(Aman, Danielle,cs150)
takes(Aman, Samuel,cs150)
takes(Ambrose, Randy,cs665)
takes(Ambrose, Randy,cs778)
takes(Amburn, Donald,cs250)
takes(Ames, Xiaoming,cs101D)
takes(Ammay, Sudheer,cs101D)
takes(An, Chethana,cs250)
takes(An, Chethana,cs270)
takes(An, Chethana,cs300U)
takes(Anan, Denita,cs101D)
takes(Anan, Geneva,cs101D)
takes(Anan, Hilaryalexan,cs101D)
takes(Anan, Jucoby,cs149D)
takes(Anan, Ryan,cs101D)
takes(Andam, Deveda,cs149D)
takes(Andam, Deveda,cs250)
takes(Anderson, Nathan,cs101D)
takes(Andey, Sandeep,cs149D)
takes(Angeles, Clelia,cs149D)
takes(Angeles, Eric,cs355)
takes(Angeles, Sonny,cs471)
takes(Annih, Jaysen,cs150)
takes(Antonio, Deveda,cs101D)
takes(Antonucci, Jing,cs101D)
takes(Aranha, Quintana,cs270)
takes(Arnold, Hayley,cs395)
takes(Arnold, Hayley,cs417)
takes(Arnold, Hayley,cs471)
takes(Arocho, Tameishaon,cs150)
takes(Arrington, Althea,cs149D)
takes(Arsenault, Florin,cs150)
takes(Arthur, Carol,cs101D)
takes(Arthur, Emile,cs361)
takes(Arthur, Emile,cs495)
takes(Arthur, Jocelyn,cs150)
takes(Arthur, Victor,cs101D)
takes(Ashby, Gustavo,cs101D)
takes(Ashwell, Leilani,cs149D)
takes(Askew, Tariq,cs361)
takes(Askew, Tariq,cs451)
takes(Aspiras, Leslie,cs101D)
takes(Assefa, Trent,cs101D)
takes(Atherley, Justin,cs410)
takes(Atherley, Justin,cs450)
takes(Atherley, Justin,cs455)
takes(Atherley, Justin,cs471)
takes(Atherley, Justin,cs495)
takes(Augeri, Sara,cs101D)
takes(Austin, Sheffan,cs101D)
takes(Ayres,, Erica,cs149D)
takes(Azarian, Joyce,cs361)
takes(Azarian, Joyce,cs395)
takes(Baank, Pavan,cs744)
takes(Bach, Ruth,cs150)
takes(Back, Marc,cs250)
takes(Back, Marc,cs270)
takes(Bader, Eugene,cs150)
takes(Bagley, Sonny,cs101D)
takes(Bailey, Tenesha,cs101D)
takes(Baines, Rhonda,cs150)
takes(Baker, Aisha,cs149D)
takes(Baldwin, Gustavo,cs368)
takes(Baldwin, Gustavo,cs471)
takes(Balingit, Catherine,cs270)
takes(Balingit, Catherine,cs355)
takes(Ball, Christin,cs101D)
takes(Bannon, Carlin,cs355)
takes(Bannon, Carlin,cs368)
takes(Bannon, Carlin,cs410)
takes(Bannon, Carlin,cs417)
takes(Bannon, Carlin,cs471)
takes(Bannon, Latricia,cs101D)
takes(Bannon, Qiaoling,cs149D)
takes(Bannon, Shaun,cs101D)
takes(Bao, Deandre,cs667)
takes(Barber, Kalpesh,cs149D)
takes(Barber, Rhonda,cs101D)
takes(Barbour, Sarah-jean,cs368)
takes(Barcarse, Sonny,cs395)
takes(Barner, Mason,cs471)
takes(Barner, Mason,cs791)
takes(Barnes, Abdullah,cs149D)
takes(Barnes, Beyhan,cs101D)
takes(Barnes, Cary,cs101D)
takes(Barnes, Maria,cs300U)
takes(Barnes, Maria,cs355)
takes(Barnes, Maria,cs455)
takes(Barnes, Rizwan,cs101D)
takes(Barnes, Shannon,cs101D)
takes(Barnett, Tasha,cs149D)
takes(Barrs, Derek,cs101D)
takes(Bartlett, Linda,cs250)
takes(Barton, Gustavo,cs281)
takes(Barton, Gustavo,cs471)
takes(Barwick, Dwight,cs149D)
takes(Bauzon, Kimberly,cs495)
takes(Beasley, Ruth,cs417)
takes(Beaty, Althea,cs101D)
takes(Beavers, Alexandre,cs791)
takes(Beeler, Sir,cs300U)
takes(Behl, Shawn,cs495)
takes(Beidel, Lance,cs656)
takes(Bell, Darlene,cs150)
takes(Belur, Shirley,cs150)
takes(Belur, Shirley,cs281)
takes(Belur, Shirley,cs395)
takes(Bennett, Hesham,cs361)
takes(Bergan, Lakesha,cs390)
takes(Bergan, Lakesha,cs450)
takes(Berry, Neleh,cs101D)
takes(Bhaktaram, Tawanda,cs660)
takes(Bhate, Jaysen,cs150)
takes(Bhavsar, Ariane,cs250)
takes(Bhoopalam, Zhipeng,cs101D)
takes(Biascan, Tyrone,cs101D)
takes(Bice, Annie,cs149D)
takes(Billy, Latisha,cs101D)
takes(Billy, Patrick,cs149D)
takes(Bilodeau, Ricardo,cs300U)
takes(Bilyou, Jeremy,cs101D)
takes(Black, Adrienne,cs656)
takes(Blackmon, Markeese,cs687)
takes(Blackmon, Markeese,cs791)
takes(Blackwell, Chen-chang,cs150)
takes(Blais, Oscar,cs250)
takes(Blankenship, Kelly,cs150)
takes(Bock, Liceny,cs101D)
takes(Bogedain, Satyam,cs150)
takes(Boland, Ilya,cs101D)
takes(Bolch, Ehsan,cs101D)
takes(Bolden, Carie,cs149D)
takes(Bolden, Latrice,cs101D)
takes(Bollapally, Rhonda,cs149D)
takes(Bolton, Dean,cs149D)
takes(Borden, Courteney,cs149D)
takes(Bordick, Juanita,cs250)
takes(Bostic, Gustavo,cs250)
takes(Bostic, Gustavo,cs270)
takes(Bostic, Kishore,cs361)
takes(Bostic, Misty,cs250)
takes(Bowman, Deanna,cs101D)
takes(Bowser, Thomasina,cs150)
takes(Boxley, Nam,cs149D)
takes(Boykin, Dagim,cs779)
takes(Bracy, Faiz,cs149D)
takes(Bradney, Alicia-janel,cs101D)
takes(Brammer, Jucoby,cs101D)
takes(Branch, Jianqiu,cs150)
takes(Branham, Jaysen,cs270)
takes(Branham, Jaysen,cs778)
takes(Breeden, Christie,cs395)
takes(Bremerman, Anthony,cs495)
takes(Bright, John,cs101D)
takes(Brill, Shamonda,cs150)
takes(Brillantes, Rosalee,cs101D)
takes(Brinsfield, Debra,cs149D)
takes(Britt, Trent,cs101D)
takes(Britt, Vivek,cs390)
takes(Britt, Vivek,cs417)
takes(Britt, Vivek,cs495)
takes(Britton, Divyesh,cs101D)
takes(Britton, Jaysen,cs101D)
takes(Britton, Louis,cs101D)
takes(Britton, Sabria,cs270)
takes(Britton, Sabria,cs778)
takes(Britton, Sabria,cs779)
takes(Britton, Tawana,cs150)
takes(Brock, Vadim,cs665)
takes(Brooke, Tawana,cs250)
takes(Brown, Carrie,cs101D)
takes(Bruber, Byron,cs149D)
takes(Bruce, Terrence,cs250)
takes(Bruce, Terrence,cs270)
takes(Bryant, Deborah,cs101D)
takes(Bryant, Krista,cs101D)
takes(Bryant, Natasha,cs355)
takes(Bryant, Vishal,cs101D)
takes(Bueno, Ahmed,cs101D)
takes(Bueno, Anya,cs270)
takes(Bueno, Anya,cs361)
takes(Bueno, Anya,cs368)
takes(Bueno, Benjamin,cs495)
takes(Bueno, Jasmine,cs101D)
takes(Bueno, Juanita,cs417)
takes(Bueno, Juanita,cs471)
takes(Bueno, Juanita,cs495)
takes(Bueno, Shamika,cs149D)
takes(Bueno, Taimur,cs149D)
takes(Bueno, Xiaoming,cs149D)
takes(Buettner, Geneva,cs149D)
takes(Bunch, Mingxia,cs368)
takes(Bunch, Srinivas,cs149D)
takes(Burgess, Der,cs101D)
takes(Burgess, Diamond,cs101D)
takes(Burgess, Juanda,cs270)
takes(Burgess, Juanda,cs281)
takes(Burgess, Lara,cs101D)
takes(Burgess, Margaret,cs101D)
takes(Burgess, Seema,cs101D)
takes(Burkett, Joshua,cs150)
takes(Burnett, Analyn,cs150)
takes(Burnett, Analyn,cs300U)
takes(Burnette, Jianing,cs665)
takes(Burns, Brad,cs149D)
takes(Burr, Jared,cs281)
takes(Burrell, Kathleen,cs101D)
takes(Burris, Audrey,cs101D)
takes(Bush, Jill,cs311)
takes(Bush, Jill,cs450)
takes(Butler, Julie,cs281)
takes(Butler, Julie,cs361)
takes(Butts, Rajiv,cs250)
takes(Byers, Sonny,cs150)
takes(Byrd, Barbara,cs656)
takes(Byrd, Barbara,cs791)
takes(Caasi, Ilya,cs495)
takes(Cadwallader, Arijit,cs101D)
takes(Cahill, Kendall,cs101D)
takes(Cahill, Shang-lin,cs101D)
takes(Cai, Anjlica,cs150)
takes(Cai, Audrey,cs150)
takes(Cai, Candaice,cs355)
takes(Cai, Candaice,cs367)
takes(Cai, Evans,cs101D)
takes(Caimol, Sarah-jean,cs150)
takes(Cairns, Brandy,cs395)
takes(Calabrese, Kristin,cs101D)
takes(Calderon, Sherri,cs471)
takes(Calderon, Sherri,cs665)
takes(Calderon, Sherri,cs791)
takes(Cali, Gustavo,cs250)
takes(Campbell, Chris,cs150)
takes(Campbell, Daqing,cs410)
takes(Campbell, Daqing,cs417)
takes(Campbell, Daqing,cs495)
takes(Campbell, Michie,cs250)
takes(Canada, Ransford,cs471)
takes(Cancado, Fahad,cs150)
takes(Candies, Iman,cs355)
takes(Candies, Iman,cs367)
takes(Candies, Iman,cs495)
takes(Candies, Jon,cs150)
takes(Canova, Arthur,cs495)
takes(Caplinger, Ashley,cs101D)
takes(Caplinger, Latashia,cs150)
takes(Caplinger, Navnit,cs149D)
takes(Caplinger, Tawana,cs270)
takes(Caplinger, Tawana,cs300U)
takes(Caplinger, Tawana,cs410)
takes(Caplinger, Tawana,cs495)
takes(Carpenter, Balaje,cs101D)
takes(Carr, Basiru,cs101D)
takes(Carrion, Carl,cs149D)
takes(Carson, Natalie,cs149D)
takes(Carter, Amanda,cs270)
takes(Carter, Amanda,cs300U)
takes(Carter, Amanda,cs361)
takes(Carter, Amanda,cs417)
takes(Casey, Catherine,cs281)
takes(Castillo, Chandrika,cs101D)
takes(Castillo, Collin,cs150)
takes(Castillo, Fahad,cs455)
takes(Castillo, Fahad,cs471)
takes(Castro, Yo,cs101D)
takes(Cecil, Balaje,cs101D)
takes(Chadwick, Constantinos,cs149D)
takes(Chafin, Chandra,cs361)
takes(Chaganti, Joel,cs150)
takes(Chaklader, Surendar,cs395)
takes(Chan, Gladys,cs101D)
takes(Chandran, Balaje,cs101D)
takes(Chandrasekaran, Brian,cs150)
takes(Chang, Sherrina,cs150)
takes(Channon, Lujain,cs101D)
takes(Chapman, Gustavo,cs665)
takes(Charpentier, Anthony,cs101D)
takes(Chatkaewmorakot, Ricardo,cs150)
takes(Chatman, Lashema,cs101D)
takes(Chen, Nancy,cs150)
takes(Cherinka, Sonny,cs270)
takes(Chertov, Liyat,cs660)
takes(Chiang, Donell,cs150)
takes(Chien, Lucy,cs101D)
takes(Chigodora, Panniko,cs101D)
takes(Choi, Ezra,cs270)
takes(Chokshi, Tina,cs101D)
takes(Christiansen, Irma,cs101D)
takes(Circle, Deveda,cs250)
takes(Clark, Tameishaon,cs300U)
takes(Clayton, Rajiv,cs660)
takes(Clayton, Rajiv,cs690)
takes(Clement, Tameishaon,cs150)
takes(Cohea, Ruey-kae,cs250)
takes(Colborne, Temarie,cs471)
takes(Cole, Ricardo,cs101D)
takes(Coleman, Stacey,cs149D)
takes(Coleman, Xiaobing,cs101D)
takes(Collins, Clifton,cs656)
takes(Collins, Clifton,cs665)
takes(Combs, Clinton,cs101D)
takes(Conaway, Kiran,cs101D)
takes(Conyers, Lyn,cs250)
takes(Cook, Terri,cs149D)
takes(Cooke, Tonya,cs101D)
takes(Cooper, Balaje,cs149D)
takes(Copeland, Rudolf,cs101D)
takes(Cordner, Glenn,cs150)
takes(Cornelison, Vladimir,cs367)
takes(Cornelison, Vladimir,cs417)
takes(Cornelison, Vladimir,cs471)
takes(Cornelison, Vladimir,cs495)
takes(Cornetski, Haiyan,cs417)
takes(Cornetski, Haiyan,cs471)
takes(Cors, Gretchen,cs149D)
takes(Cortez, Darrell,cs361)
takes(Corton, Lawanda,cs355)
takes(Corton, Lawanda,cs417)
takes(Corton, Lawanda,cs451)
takes(Corton, Marty,cs311)
takes(Cosio, Sonny,cs101D)
takes(Cotter, Gustavo,cs149D)
takes(Cotton, Selena,cs101D)
takes(Courtney, Sabria,cs150)
takes(Coverdale, Emory,cs150)
takes(Cox, Prashanth,cs101D)
takes(Craft, Jessie,cs150)
takes(Craft, Jianqiu,cs149D)
takes(Cramblit, Gerald,cs101D)
takes(Cramblit, Lasharon,cs101D)
takes(Crane, Neil,cs149D)
takes(Crawford, Amy,cs270)
takes(Crawford, Amy,cs455)
takes(Creedon, Jaysen,cs101D)
takes(Creekmore, Jaysen,cs101D)
takes(Crenshaw, Jeremiah,cs149D)
takes(Crichton, Sonny,cs899)
takes(Crisostomo, Lawrence,cs665)
takes(Crognale, Harvey,cs101D)
takes(Crouch, Shaun,cs149D)
takes(Crumb, Balaje,cs149D)
takes(Cucchiara, Rolando,cs101D)
takes(Cuckov, Lakia,cs361)
takes(Cuckov, Lakia,cs471)
takes(Cuckov, Lakia,cs791)
takes(Cuffee, Latoya,cs250)
takes(Cummings, Jena,cs101D)
takes(Cunningham, Nayda,cs665)
takes(Cushing, Donald,cs101D)
takes(Cushing, Glory-jane,cs395)
takes(Cushing, Lakesha,cs101D)
takes(Custis, Amber,cs101D)
takes(Custis, Jason,cs150)
takes(Cyriac, Glen,cs101D)
takes(DAmico, Balaje,cs150)
takes(Dacruz, Jaime,cs150)
takes(Dais, Roland,cs361)
takes(Dais, Roland,cs417)
takes(Dais, Roland,cs495)
takes(Dammalapati, Grant,cs101D)
takes(Dammalapati, Tameishaon,cs355)
takes(Dammalapati, Tameishaon,cs390)
takes(Dang, Tawana,cs495)
takes(Dang, Tawana,cs656)
takes(Dang, Tawana,cs665)
takes(Dani, Tyrone,cs250)
takes(Das, Catherine,cs150)
takes(Daugherty, Nabil,cs101D)
takes(Daughtry, Gustavo,cs101D)
takes(Davidson, Janelle,cs665)
takes(Davidson, Janelle,cs690)
takes(Davidson, Janelle,cs791)
takes(Davis, Analyn,cs101D)
takes(Dean, Wayne,cs149D)
takes(Deaner, Dagim,cs101D)
takes(Deensie, Mohamed,cs101D)
takes(Degraaf, Calvin,cs101D)
takes(Degraaf, Toan,cs150)
takes(Deguzman, Dorathy,cs150)
takes(Dela, Darrell,cs149D)
takes(Deloach, Vuong,cs417)
takes(Deloach, Vuong,cs450)
takes(Deloach, Vuong,cs495)
takes(Demagu, Kathryn,cs149D)
takes(Demetroudes, Russel,cs250)
takes(Dempsey, Jonita,cs150)
takes(Dennis, Syed,cs150)
takes(Dent, Xiaobing,cs101D)
takes(Determan, Angela,cs149D)
takes(Determan, Glen,cs101D)
takes(Determan, Md,cs150)
takes(Determan, Md,cs300U)
takes(Devaney, Qiaoling,cs101D)
takes(Dews, Lyn,cs149D)
takes(Dharanikota, Amy,cs101D)
takes(Dharanikota, Jaysen,cs368)
takes(Dharanikota, Jaysen,cs471)
takes(Dharanikota, Jaysen,cs495)
takes(Dharanikota, Jonathon,cs101D)
takes(Dharanikota, Nazneen,cs149D)
takes(Dharanikota, Patty,cs150)
takes(Dharanikota, Rodel,cs250)
takes(Dibble, Chaitanya,cs101D)
takes(Dickenson, Nichole,cs250)
takes(Dickenson, Nichole,cs270)
takes(Didier, Jianqiu,cs101D)
takes(Diehl, Adam,cs300U)
takes(Diehl, Adam,cs311)
takes(Diehl, Adam,cs361)
takes(Diemont, Chen-chang,cs101D)
takes(Diggs, Tierra,cs250)
takes(Diggs, Tierra,cs270)
takes(Diggs, Tierra,cs281)
takes(Ding, Sherman,cs899)
takes(Disanto, Gustavo,cs150)
takes(Divers, Donald,cs361)
takes(Dixon, Gustavo,cs361)
takes(Dixon, Gustavo,cs455)
takes(Dmuchowski, Tyrone,cs101D)
takes(Do, Audrey,cs395)
takes(Do, Jonathon,cs150)
takes(Doan, Corie,cs149D)
takes(Dobrian, Rajiv,cs101D)
takes(Dobrydnev, Denise,cs150)
takes(Dobrydnev, Dorothy,cs281)
takes(Dobrydnev, Phillip,cs361)
takes(Dolt, Allison,cs311)
takes(Doody, W,cs690)
takes(Doody, W,cs779)
takes(Dooley, Aimee,cs101D)
takes(Dozier, Emily,cs149D)
takes(Drummond, Danielle,cs101D)
takes(Dryer, Craig,cs899)
takes(Duckworth, Dobson,cs101D)
takes(Dunn, Amy,cs150)
takes(Dupree, Leigha,cs300U)
takes(Dye, Xin,cs656)
takes(Dye, Xin,cs697)
takes(Dye, Xin,cs778)
takes(Dyer, Nikkia,cs150)
takes(Eberlin, Xiaobing,cs270)
takes(Eble, Jermaine,cs149D)
takes(Echevarria, Prem,cs656)
takes(Echevarria, Prem,cs778)
takes(Echevarria, Prem,cs791)
takes(Eddleman, Abdullah,cs101D)
takes(Edgerton, Mong-tuyen,cs150)
takes(Edmonds, Temarie,cs150)
takes(Edwards, Tameishaon,cs150)
takes(Egan, Clairesse,cs101D)
takes(Ehrich, Kari,cs101D)
takes(Ejike, Agustin,cs665)
takes(Ejike, Agustin,cs697)
takes(El-hammouchi, Lashema,cs150)
takes(Elam, Denetra,cs149D)
takes(Ellington, Lakesha,cs455)
takes(Elliott, Valerie,cs149D)
takes(Ellis, Arthur,cs455)
takes(Ellis, Arthur,cs471)
takes(Elmiligui, Moizhussain,cs471)
takes(Elmore, Ramon,cs101D)
takes(Elsey, Shunta,cs149D)
takes(Ely, Jennifer,cs101D)
takes(Endsley, Filip,cs270)
takes(Endsley, Filip,cs367)
takes(Engstrand, Amol,cs101D)
takes(Engstrand, Angela,cs150)
takes(Engstrand, Balaje,cs101D)
takes(Engstrand, Han,cs101D)
takes(Engstrand, Kathy,cs475)
takes(Engstrand, Tameishaon,cs270)
takes(Engstrand, Tameishaon,cs361)
takes(Escobar, Bijay,cs149D)
takes(Espaillat, Garry,cs101D)
takes(Espinoza, Frederick,cs101D)
takes(Espinoza, Rachel,cs250)
takes(Espiritu, Glenn,cs101D)
takes(Estes, Garry,cs149D)
takes(Evans, Ronda,cs150)
takes(Evans, Ronda,cs300U)
takes(Fagan, Chol,cs101D)
takes(Faison, Gustavo,cs300U)
takes(Faison, Gustavo,cs417)
takes(Fajota, Rhonda,cs150)
takes(Fajota, Thomas,cs150)
takes(Farag, Jeff,cs281)
takes(Farag, Jeff,cs395)
takes(Farag, Jeff,cs495)
takes(Farjam, Derrick,cs150)
takes(Farjam, Lashema,cs101D)
takes(Farrell, Kalita,cs395)
takes(Farrell, Teonette,cs300U)
takes(Fathi, Ian,cs150)
takes(Faulks, Joseph,cs150)
takes(Fauver, Lekeshia,cs300U)
takes(Fauver, Samuel,cs250)
takes(Faxio, Michael,cs270)
takes(Fei, Ramzy,cs250)
takes(Fei, Ramzy,cs270)
takes(Fei, Tawana,cs300U)
takes(Fei, Tawana,cs355)
takes(Fei, Tawana,cs390)
takes(Fender, Randolph,cs101D)
takes(Ferlazzo, Alan,cs150)
takes(Fernandez, Corrigan,cs471)
takes(Ferris, Ezra,cs149D)
takes(Field, Abdullah,cs150)
takes(Fields, Valerie,cs101D)
takes(Finerfrock, Ebony,cs690)
takes(Finerfrock, Ebony,cs899)
takes(Finman, Richelle,cs250)
takes(Finman, Richelle,cs281)
takes(Finman, Richelle,cs395)
takes(Fisher, Kelly,cs150)
takes(Fitzgerald, Danielle,cs101D)
takes(Fix, Xiaobing,cs250)
takes(Flake, Tariq,cs300U)
takes(Flake, Tariq,cs367)
takes(Flake, Tariq,cs495)
takes(Fleming, Lakeisha,cs899)
takes(Flinn, Ahmad,cs250)
takes(Flis, Brian,cs149D)
takes(Flood, Sarah,cs150)
takes(Floodeen, Tangela,cs101D)
takes(Florin, Jianqiu,cs101D)
takes(Fomunyoh, Ronald,cs101D)
takes(Fomunyoh, Sunil,cs101D)
takes(Fonseca, Carolyne,cs101D)
takes(Fontimayor, Li,cs899)
takes(Fontimayor, Tavaras,cs361)
takes(Forbes, Dalia,cs656)
takes(Ford, Donald,cs660)
takes(Fox, Barton,cs300U)
takes(Foy, Young,cs101D)
takes(Francis, Courteney,cs101D)
takes(Franklin, Clifford,cs300U)
takes(Franzen, Angela,cs361)
takes(Freeman, Ray,cs150)
takes(Frisby, Samuel,cs101D)
takes(Frost, Jay,cs101D)
takes(Fu, Srikanth,cs101D)
takes(Fulmer, Jianqiu,cs395)
takes(Gaertner, Sonny,cs149D)
takes(Gaffos, Dapeng,cs395)
takes(Galderisi, Brian,cs149D)
takes(Galligan, Ellen,cs395)
takes(Garcia, Anna,cs150)
takes(Garrett, Gustavo,cs250)
takes(Garrett, Gustavo,cs281)
takes(Gary, Anthony,cs355)
takes(Gary, Anthony,cs495)
takes(Gary, Brett,cs281)
takes(Gary, Brett,cs361)
takes(Gathje, Elizabeth,cs149D)
takes(Gefrich, Deveda,cs101D)
takes(Gerard, Taylor,cs361)
takes(Gerber, Rhoda,cs665)
takes(Germono, Zubair,cs101D)
takes(Geronimo, Tyler,cs101D)
takes(Ghanem, Soumya,cs149D)
takes(Ghazanfar, Turkesa,cs150)
takes(Gibbs, Ilya,cs451)
takes(Gibbs, Yohannes,cs270)
takes(Gibbs, Yohannes,cs281)
takes(Gibson, Mohammad,cs150)
takes(Giese, Brian,cs150)
takes(Gifford, Marc,cs101D)
takes(Gifford, Ravikumar,cs150)
takes(Gilbert, Malvin,cs270)
takes(Gilbert, Malvin,cs361)
takes(Gillespie, Liana,cs250)
takes(Gills, Bangfei,cs250)
takes(Gills, Bangfei,cs281)
takes(Gilmartin, Ahmad,cs270)
takes(Gilmartin, Ahmad,cs361)
takes(Gipson, Roy,cs101D)
takes(Givens, Iman,cs101D)
takes(Givens, Kathy,cs281)
takes(Givens, Kathy,cs395)
takes(Glaves, Jonathan,cs150)
takes(Glenn, Brian,cs101D)
takes(Goff, Allen,cs690)
takes(Goldstein, Courtney,cs698)
takes(Goldstein, Courtney,cs699)
takes(Goldstein, Courtney,cs778)
takes(Gomez, Megan,cs150)
takes(Gonzalez, Ahmad,cs101D)
takes(Good, Madhusudan,cs101D)
takes(Good, Ruth,cs250)
takes(Good, Tameishaon,cs101D)
takes(Goodman, Brian,cs101D)
takes(Goodwyn, Surendar,cs101D)
takes(Gopal, Jillian,cs281)
takes(Gopal, Jillian,cs361)
takes(Goral, Zubair,cs101D)
takes(Gordon, Sean,cs101D)
takes(Gore, Julio,cs101D)
takes(Gorozabel, Luz,cs660)
takes(Gorozabel, Luz,cs698)
takes(Gorozabel, Luz,cs699)
takes(Gorozabel, Luz,cs744)
takes(Gover, Yusong,cs250)
takes(Graham, Donell,cs390)
takes(Graham, Donell,cs495)
takes(Granger, Rania,cs101D)
takes(Grantham, Jianqiu,cs250)
takes(Grantz, Son,cs270)
takes(Grantz, Son,cs471)
takes(Grasso, Tammy,cs150)
takes(Graves, Rong,cs150)
takes(Gray, Catherine,cs150)
takes(Graybill, Ahmad,cs270)
takes(Graybill, Ahmad,cs390)
takes(Greaves, Waleed,cs665)
takes(Greaves, Waleed,cs791)
takes(Greco, Philip,cs367)
takes(Greco, Philip,cs410)
takes(Green, Maximo,cs101D)
takes(Greiber, Ann,cs149D)
takes(Gresham, Cheryl,cs101D)
takes(Griffin, Rajiv,cs101D)
takes(Griffith, Francis,cs390)
takes(Griffith, Francis,cs455)
takes(Grindley, Tanya,cs150)
takes(Grindstaff, Douglas,cs665)
takes(Grosch, Rhonda,cs149D)
takes(Grosz, Frank,cs665)
takes(Grosz, Frank,cs698)
takes(Grosz, Frank,cs699)
takes(Gucwa, Barton,cs250)
takes(Gucwa, Barton,cs270)
takes(Guess, Darren,cs101D)
takes(Guess, Deveda,cs149D)
takes(Guess, Jose,cs150)
takes(Guess, Keriann,cs101D)
takes(Guess, Koushika,cs101D)
takes(Gulick, Adam,cs101D)
takes(Gulla, Mahmoud,cs270)
takes(Gulla, Mahmoud,cs300U)
takes(Guntuka, Hiren,cs149D)
takes(Guntur, Deana,cs101D)
takes(Gwartney, Sheila,cs101D)
takes(Haile, Shahid,cs250)
takes(Hairston, Viet,cs667)
takes(Hakim, Richard,cs150)
takes(Halbauer, Deborah,cs101D)
takes(Hall, Hamad,cs250)
takes(Hall, Hamad,cs281)
takes(Hampton, Heather,cs281)
takes(Han, Endia,cs451)
takes(Hanna, Paolo,cs250)
takes(Hanna, Paolo,cs270)
takes(Hannon, Khang,cs101D)
takes(Harcum, Erin,cs250)
takes(Harcum, Erin,cs270)
takes(Harcum, Melissa,cs101D)
takes(Hard, Subhash,cs101D)
takes(Hare, Jaysen,cs101D)
takes(Hargrove, Brett,cs150)
takes(Hargrove, Lakesha,cs250)
takes(Hari, Dana,cs149D)
takes(Hari, Kara,cs149D)
takes(Harmon, Kim,cs300U)
takes(Harms, Sonny,cs250)
takes(Harms, Sonny,cs270)
takes(Harper, Shejun,cs361)
takes(Harrell, Mathew,cs656)
takes(Harrell, Mathew,cs665)
takes(Harrell, Mathew,cs690)
takes(Harrigan, Derick,cs101D)
takes(Harrington, Amy,cs101D)
takes(Harrington, Earl,cs101D)
takes(Harrington, Hung-an,cs101D)
takes(Harris, Andrae,cs311)
takes(Hartl, Maximo,cs101D)
takes(Hartless, Erald,cs270)
takes(Harvey, Samuel,cs150)
takes(Harwood, Ellena,cs101D)
takes(Hatcher, Mayra,cs149D)
takes(Hawkins, Anjlica,cs149D)
takes(Hawkins, George,cs101D)
takes(Hawkins, Tyla,cs101D)
takes(Hayes, Rajiv,cs101D)
takes(Haynes, Christine,cs149D)
takes(Haywood, Anjlica,cs495)
takes(Haywood, Eid,cs101D)
takes(Haywood, Glenn,cs101D)
takes(Haywood, Jayakumar,cs471)
takes(He, Lashema,cs150)
takes(Headley, Deborah,cs149D)
takes(Heath, Leon,cs101D)
takes(Hedgepeth, Hieu,cs101D)
takes(Hedrick, Dagim,cs150)
takes(Heidari, Balaji,cs250)
takes(Heidari, Balaji,cs270)
takes(Helm, Mattanyah,cs150)
takes(Hendrick, Audrey,cs101D)
takes(Henninger, Christin,cs270)
takes(Henninger, Christin,cs471)
takes(Henry, Catherine,cs270)
takes(Hensberger, Kamuanga,cs656)
takes(Hensberger, Kamuanga,cs796)
takes(Hensil, Tameishaon,cs150)
takes(Hensil, Tameishaon,cs270)
takes(Hensley, Misbahuddin,cs150)
takes(Herbert, Nhu,cs361)
takes(Herrmann, Keriann,cs101D)
takes(Hester, Tameishaon,cs150)
takes(Hetland, Kyle,cs250)
takes(Hetland, Kyle,cs270)
takes(Hetland, Kyle,cs281)
takes(Higgins, Kevin,cs150)
takes(Hill, Corrie,cs101D)
takes(Hill, Glenn,cs250)
takes(Hinton, Monique,cs101D)
takes(Hitt, Boaz,cs101D)
takes(Hitt, Chen-chang,cs149D)
takes(Hitt, Hung-an,cs101D)
takes(Hitt, Iii,cs150)
takes(Hitt, Niya,cs101D)
takes(Hitt, Robert,cs149D)
takes(Hitt, Ronak,cs101D)
takes(Hitt, Rory,cs101D)
takes(Hobson, Judith,cs270)
takes(Hobson, Judith,cs471)
takes(Hobson, Judith,cs744)
takes(Hodgson, Dorae,cs361)
takes(Hodgson, Dorae,cs665)
takes(Hodgson, Dorae,cs690)
takes(Hodgson, Dorae,cs779)
takes(Hodkins, Ricardo,cs150)
takes(Hoferkamp, Kurt,cs150)
takes(Hoffmann, Rachael,cs355)
takes(Hoffmann, Rachael,cs361)
takes(Hoilman, Glen,cs451)
takes(Hoilman, Glen,cs455)
takes(Holland, Gustavo,cs150)
takes(Holland, Gustavo,cs270)
takes(Holliday, Randal,cs495)
takes(Holman, Myka,cs300U)
takes(Holmes, Tameishaon,cs149D)
takes(Holton, Sarah-jean,cs150)
takes(Holtzclaw, Scott,cs150)
takes(Holtzclaw, Yun,cs149D)
takes(Hong, Gholam,cs665)
takes(Hong, Gholam,cs779)
takes(Hong, Gholam,cs791)
takes(Hong, Gholam,cs796)
takes(Hong, Robin,cs665)
takes(Hood, Ricardo,cs150)
takes(Hooper, Krystyn,cs101D)
takes(Hopkins, Terrence,cs101D)
takes(Hospodar, Sonny,cs149D)
takes(Houdershell, Esther,cs101D)
takes(Howard, Rajiv,cs150)
takes(Howard, Rajiv,cs270)
takes(Howell, Christophe,cs690)
takes(Howell, Christophe,cs899)
takes(Howland, Ricardo,cs101D)
takes(Hoyt, Martez,cs101D)
takes(Hsu, Jianqiu,cs101D)
takes(Hu, Wei-hsue,cs101D)
takes(Huang, Laura,cs361)
takes(Hubbard, Melanie,cs101D)
takes(Huff, Lakesha,cs281)
takes(Huff, Lakesha,cs361)
takes(Huff, Lakesha,cs471)
takes(Huggins, Kary,cs300U)
takes(Hughes, Ahmad,cs150)
takes(Hughes, Balaje,cs101D)
takes(Hulick, Darrell,cs361)
takes(Hulsandra, Joseph,cs101D)
takes(Hummeldorf, Johnelle,cs101D)
takes(Hunter, Harold,cs270)
takes(Hunter, Harold,cs361)
takes(Hussein, Thepiolus,cs150)
takes(Hutchison, Tawana,cs101D)
takes(Hux, Ki,cs361)
takes(Huynh, Belainesh,cs150)
takes(Hyder, Catherine,cs150)
takes(Hyder, Catherine,cs311)
takes(Hysom, Theodore,cs149D)
takes(Ianuzi, Roshonda,cs150)
takes(Imtiaz, Dagim,cs149D)
takes(Imtiaz, Rhonda,cs150)
takes(Irintchev, Adel,cs355)
takes(Irintchev, Adel,cs361)
takes(Irintchev, Chihyun,cs250)
takes(Irintchev, Chihyun,cs270)
takes(Irintchev, Chihyun,cs281)
takes(Irintchev, Jr.,cs281)
takes(Irintchev, Kerrin,cs101D)
takes(Irintchev, Shailendra,cs101D)
takes(Ishfaq, Abdullah,cs300U)
takes(Ishfaq, Abdullah,cs355)
takes(Ishfaq, Abdullah,cs361)
takes(Ishom, Janice,cs149D)
takes(Ishom, Juanita,cs101D)
takes(Iverson, Samuel,cs149D)
takes(Jackson, Praveen,cs101D)
takes(Jacobs, Lyn,cs101D)
takes(Jakatdar, Candaice,cs270)
takes(Jakatdar, Cary,cs149D)
takes(Jakatdar, Ezra,cs495)
takes(James, Brook,cs270)
takes(Janda, Tanisha,cs150)
takes(Jank, Edmundo,cs270)
takes(Jank, Edmundo,cs300U)
takes(Jank, Edmundo,cs417)
takes(Janosko, Suheil,cs150)
takes(Jarrett, Candaice,cs101D)
takes(Jefferson, Adam,cs150)
takes(Jefferson, Adam,cs300U)
takes(Jefferson, Audrey,cs101D)
takes(Jenkins, Mohammad,cs667)
takes(Jenkins, Sonia,cs270)
takes(Jensen, Shanda,cs150)
takes(Jewett, Torria,cs150)
takes(Jiang, Cruz,cs101D)
takes(Joa, Tameishaon,cs101D)
takes(Johnson, Jeremy,cs150)
takes(Jones, Lakesha,cs250)
takes(Joyner, Svinurai,cs101D)
takes(Jung, Andre,cs270)
takes(Jung, Andre,cs451)
takes(Junio, Tamas,cs697)
takes(Kadidal, Wagnus,cs101D)
takes(Kaiser, Mary,cs471)
takes(Kaiser, Mary,cs665)
takes(Kalemdaroglu, Scott,cs101D)
takes(Kamara, Dafei,cs101D)
takes(Kandimalla, Cruz,cs101D)
takes(Kane, Rhonda,cs149D)
takes(Karande, Gustavo,cs270)
takes(Karande, Gustavo,cs300U)
takes(Karande, Gustavo,cs361)
takes(Karpeev, Audrey,cs101D)
takes(Katragadda, Rufeng,cs101D)
takes(Katsuki, Jianqiu,cs250)
takes(Katsuki, Jianqiu,cs270)
takes(Kearney, Tequilla,cs101D)
takes(Keefe, Fernando,cs101D)
takes(Keller, Lindelwa,cs667)
takes(Keller, Nicholas,cs667)
takes(Kelly, Christopher,cs250)
takes(Kelly, Christopher,cs281)
takes(Keltner, Rose,cs101D)
takes(Kertesz, Rajiv,cs150)
takes(Keshava, Jaysen,cs150)
takes(Keshava, Marie,cs101D)
takes(Khan, Madhusudan,cs149D)
takes(Kholief, Catherine,cs390)
takes(Kholief, Catherine,cs417)
takes(Kholief, Catherine,cs450)
takes(Kholief, Catherine,cs455)
takes(Kholief, Catherine,cs495)
takes(Kidd, Ahmad,cs355)
takes(Kidd, Ahmad,cs417)
takes(Kidd, Ahmad,cs455)
takes(Kidd, Hui-ling,cs101D)
takes(Kidd, Jacqueline,cs101D)
takes(Kidd, Jane,cs149D)
takes(Kidd, Jeremiah,cs150)
takes(Kidd, Kermit,cs101D)
takes(Kidd, Shanti,cs150)
takes(Kidd, Venkat,cs101D)
takes(Kim, Nabil,cs149D)
takes(King, Sonny,cs149D)
takes(Kinjarapu, Kevin,cs450)
takes(Kinjarapu, Sharron,cs101D)
takes(Klepatzki, Angela,cs250)
takes(Klucznik, Daniel,cs149D)
takes(Klutch, Rhonda,cs101D)
takes(Knepp, Tyla,cs101D)
takes(Knight, Lorraine,cs250)
takes(Koch, Jr,cs665)
takes(Koerber, Raymond,cs149D)
takes(Koh, Amol,cs101D)
takes(Koh, Nehemiah,cs368)
takes(Koh, Nehemiah,cs417)
takes(Koh, Nehemiah,cs495)
takes(Komna, Trelane,cs270)
takes(Komna, Trelane,cs361)
takes(Konduri, Audrey,cs101D)
takes(Konishi, Misty,cs250)
takes(Koodallur, Jamell,cs150)
takes(Koodallur, Tequilla,cs101D)
takes(Kopmann, Fred,cs250)
takes(Korink, Kenneth,cs149D)
takes(Kormath, Isam,cs149D)
takes(Kormath, Rhonda,cs300U)
takes(Kost, Jodi,cs150)
takes(Kost, Pervez,cs665)
takes(Koulermou, Amee,cs361)
takes(Kovalcik, Paige,cs250)
takes(Kowalsky, Hesham,cs475)
takes(Kowalsky, Hesham,cs495)
takes(Kozoyed, Jun,cs656)
takes(Kozoyed, Jun,cs665)
takes(Kuftic, Dean,cs665)
takes(Kulkarni, Trent,cs101D)
takes(Kumar, Roy,cs101D)
takes(Kvachadze, Audrey,cs250)
takes(Kyzer, Gustavo,cs899)
takes(La, Angela,cs101D)
takes(La, Guifen,cs101D)
takes(Lacy, Caryn,cs101D)
takes(Lagisetty, Mark,cs150)
takes(Lambert, Rosalee,cs150)
takes(Lan, Andrea,cs250)
takes(Lan, Han,cs101D)
takes(Lancaon, Jonathon,cs101D)
takes(Lankford, Ricardo,cs149D)
takes(Larossa, Yang,cs660)
takes(Larossa, Yang,cs665)
takes(Laucks, Lujain,cs101D)
takes(Lawrence, Soumya,cs101D)
takes(Lawson, Judy,cs455)
takes(Lawson, Judy,cs471)
takes(Lawson, Timothy,cs270)
takes(Lawson, Timothy,cs690)
takes(Leavitt, Carolyne,cs149D)
takes(Lebeau, Surendar,cs150)
takes(Lee, Brandi,cs101D)
takes(Legeckis, Cruz,cs101D)
takes(Legg, Lakesha,cs355)
takes(Legg, Lakesha,cs390)
takes(Leifer, Jaysen,cs149D)
takes(Lenda, Rahmi,cs281)
takes(Lester, Angela,cs368)
takes(Lester, Angela,cs417)
takes(Lester, Angela,cs471)
takes(Levine, Prasad,cs101D)
takes(Levow, Sahar,cs311)
takes(Lewandowski, Ramanjit,cs150)
takes(Lewis, Lakesha,cs150)
takes(Li, Lawson,cs355)
takes(Lighthart, Mayranne,cs150)
takes(Lima, Quiana,cs101D)
takes(Lina, Xiaoming,cs101D)
takes(Lindley, Jianqiu,cs250)
takes(Lindley, Jianqiu,cs270)
takes(Linthicum, Chien-liang,cs690)
takes(Linthicum, Chien-liang,cs698)
takes(Linthicum, Chien-liang,cs699)
takes(Linthicum, Chien-liang,cs778)
takes(Linthicum, Dun,cs250)
takes(Linthicum, Ralph,cs667)
takes(Linthicum, Ralph,cs698)
takes(Linthicum, Ralph,cs699)
takes(Little, Zubair,cs281)
takes(Littrell, Teresa,cs270)
takes(Littrell, Teresa,cs355)
takes(Littrell, Teresa,cs361)
takes(Liu, Jonathon,cs101D)
takes(Livingston, Deveda,cs101D)
takes(Lobo, Hesham,cs150)
takes(Locke, Nunthaporn,cs101D)
takes(Logan, Cecilia,cs101D)
takes(Loggins, Masudur,cs101D)
takes(Logue, Lakesha,cs150)
takes(Loi, Kari,cs149D)
takes(Long, Julian,cs495)
takes(Long, Rajiv,cs101D)
takes(Lopez, Audra,cs150)
takes(Lopez, Audra,cs300U)
takes(Lopez, Clinton,cs149D)
takes(Lopez, Cruz,cs101D)
takes(Lopez, Donald,cs149D)
takes(Lopez, Roy,cs101D)
takes(Lopez, Sudeep,cs101D)
takes(Lopez, Tariq,cs270)
takes(Lopez, Tariq,cs281)
takes(Lopez, Tariq,cs300U)
takes(Lopez, Tariq,cs361)
takes(Lora, Herbert,cs250)
takes(Lota, Kathy,cs150)
takes(Lowery, Ginny,cs150)
takes(Lowery, Han,cs150)
takes(Lowery, Ricardo,cs361)
takes(Lowery, Ricardo,cs390)
takes(Lowery, Ricardo,cs451)
takes(Lu, Lakesha,cs791)
takes(Lucas, Erica,cs101D)
takes(Lucas, Haishi,cs101D)
takes(Lundblom, Mandi,cs395)
takes(Lundquist, Gustavo,cs101D)
takes(Lungrin, Gustavo,cs390)
takes(Lunsford, Clelia,cs101D)
takes(Luo, Corie,cs101D)
takes(Luopa, Cruz,cs250)
takes(Luster, Chunhong,cs361)
takes(Lutman, Geoffrey,cs899)
takes(Lutman, Gustavo,cs660)
takes(Lutz, Christina,cs150)
takes(Lymbouris, Sonny,cs149D)
takes(Lynn, Seyed,cs101D)
takes(Macdonald, Tameishaon,cs101D)
takes(Mack, Bridget,cs101D)
takes(Mack, Lakesha,cs355)
takes(Mack, Lakesha,cs410)
takes(Mack, Lakesha,cs495)
takes(Magalski, Audrey,cs101D)
takes(Mahmuda, Fatemah,cs361)
takes(Mahmuda, Fatemah,cs665)
takes(Mahmuda, Grazia,cs150)
takes(Majithia, Yvonne,cs667)
takes(Major, Abdul,cs101D)
takes(Major, Audrey,cs101D)
takes(Major, Balaje,cs250)
takes(Major, Balaje,cs281)
takes(Major, Catherine,cs101D)
takes(Major, Ezaz,cs101D)
takes(Major, Glenn,cs101D)
takes(Major, Jianqiu,cs149D)
takes(Major, Kelly,cs149D)
takes(Major, Kristi,cs101D)
takes(Major, Rhonda,cs101D)
takes(Major, Rhonda,cs149D)
takes(Major, Ricardo,cs149D)
takes(Major, Samuel,cs150)
takes(Major, Tiffany,cs101D)
takes(Malik, Niya,cs368)
takes(Malik, Niya,cs390)
takes(Malik, Niya,cs495)
takes(Malkin, Derek,cs250)
takes(Malkin, Derek,cs281)
takes(Malla, Samuel,cs101D)
takes(Mallavaram, Anthony,cs150)
takes(Mallet, Wei-hsue,cs149D)
takes(Maloney, April,cs149D)
takes(Manke, Maximo,cs744)
takes(Manning, Tameishaon,cs149D)
takes(Mansfield, Catherine,cs390)
takes(Mansfield, Catherine,cs471)
takes(Marable, Tameishaon,cs150)
takes(Maratos, Samuel,cs101D)
takes(Maratos, Srihari,cs101D)
takes(Marcelino, Magambo,cs101D)
takes(Marchand, Tyrone,cs656)
takes(Marino, Chad,cs471)
takes(Marino, Trudy,cs656)
takes(Marino, Trudy,cs665)
takes(Marino, Trudy,cs791)
takes(Marmon, Manoharreddy,cs149D)
takes(Marr, Darice,cs455)
takes(Marr, Darice,cs495)
takes(Marshall, Gustavo,cs270)
takes(Marshall, Gustavo,cs300U)
takes(Martin, Anthony,cs149D)
takes(Martinez, Verdette,cs150)
takes(Masiello, Rhoda,cs250)
takes(Mason, Jenifer,cs355)
takes(Mason, Jenifer,cs451)
takes(Mason, Jenifer,cs495)
takes(Mathias, Nabil,cs101D)
takes(Matsko, Angela,cs150)
takes(Matsko, Angela,cs270)
takes(Matthews, Gustavo,cs150)
takes(Mavram, Bhaktaram,cs149D)
takes(Maxey, Sonny,cs150)
takes(Mays, Billylee,cs250)
takes(Mays, Billylee,cs665)
takes(Mayur, Candis,cs149D)
takes(Mcadoo, Gladys,cs101D)
takes(Mcalister, Percy,cs667)
takes(Mccarthy, Sonny,cs149D)
takes(Mcclellan, Khuram,cs149D)
takes(Mcclish, Jianqiu,cs150)
takes(Mccormack, Christin,cs355)
takes(Mccurdy, Emechete,cs250)
takes(Mcdonald, Rudolf,cs149D)
takes(Mcghee, Tariq,cs101D)
takes(Mcghee, Valentina,cs355)
takes(Mcghee, Valentina,cs390)
takes(Mcgill, Rhonda,cs270)
takes(Mcgill, Rhonda,cs361)
takes(Mchone, Derek,cs101D)
takes(Mckee, Tariq,cs150)
takes(Mcmullen, Heath,cs149D)
takes(Mcnaull, Mandi,cs150)
takes(Mcneece, Rhonda,cs150)
takes(Mcneely, Shana,cs101D)
takes(Mcpherson, Lucy,cs361)
takes(Mcpherson, Lucy,cs455)
takes(Mcvicker, Gustavo,cs390)
takes(Mcvicker, Gustavo,cs451)
takes(Mcvicker, Gustavo,cs471)
takes(Medapati, Boris,cs150)
takes(Medapati, Boris,cs395)
takes(Medina, Ilya,cs149D)
takes(Meehan, Rhonda,cs250)
takes(Mei, Jeremiah,cs270)
takes(Mei, Jeremiah,cs361)
takes(Meinertzhagen, Wei,cs250)
takes(Meinertzhagen, Wei,cs270)
takes(Meinertzhagen, Wei,cs281)
takes(Melkonian, Xiaobing,cs410)
takes(Melkonian, Xiaobing,cs455)
takes(Melkonian, Xiaobing,cs475)
takes(Mendonsa, Fahad,cs149D)
takes(Mengert, Lemar,cs395)
takes(Mengert, Lemar,cs417)
takes(Mengert, Lemar,cs471)
takes(Mengert, Yolanda,cs250)
takes(Mengert, Yolanda,cs395)
takes(Mengert, Yolanda,cs417)
takes(Menio, Yunchuan,cs471)
takes(Mercer, Surendar,cs101D)
takes(Merkison, Kelli,cs101D)
takes(Merrill, Brian,cs281)
takes(Mervicker, Christin,cs281)
takes(Mervicker, Christin,cs361)
takes(Miamee, Amol,cs101D)
takes(Miano, Jaysen,cs101D)
takes(Mikango, Patrycja,cs101D)
takes(Miller, Crystal,cs270)
takes(Miller, Crystal,cs355)
takes(Mills, Adrian,cs281)
takes(Mills, Adrian,cs361)
takes(Mills, Jinghua,cs300U)
takes(Mills, Jinghua,cs355)
takes(Mills, Jinghua,cs417)
takes(Mills, Jinghua,cs455)
takes(Mills, Jinghua,cs495)
takes(Mills, Kerry,cs665)
takes(Mills, Kerry,cs698)
takes(Mills, Kerry,cs699)
takes(Mills, Sachie,cs150)
takes(Mimms, Chester,cs149D)
takes(Minett, Vikas,cs101D)
takes(Minor, Glenn,cs355)
takes(Mitchell, Jeremiah,cs300U)
takes(Mitchell, Jeremiah,cs355)
takes(Mitchell, Jeremiah,cs390)
takes(Mitchell, Jeremiah,cs471)
takes(Mitchell, Latashia,cs150)
takes(Mohamed, Ramachandran,cs101D)
takes(Mohammad, Irhonda,cs361)
takes(Mohammad, Irhonda,cs395)
takes(Mohammed, Sonny,cs149D)
takes(Mojica, Ahmad,cs150)
takes(Mojica, Clinton,cs150)
takes(Mojica, Robert,cs101D)
takes(Mojica, Susan,cs149D)
takes(Monrreal, Rudolf,cs101D)
takes(Monsi, Janel,cs471)
takes(Montgomery, Balaje,cs101D)
takes(Moon, Jimmy,cs101D)
takes(Moore, Casey,cs149D)
takes(Morales, Rajiv,cs149D)
takes(Moren, Odell,cs270)
takes(Morgan, Amol,cs101D)
takes(Moro, Davi,cs149D)
takes(Morris, Curtis,cs361)
takes(Morris, Mohamed,cs250)
takes(Morrisette, Rhonda,cs281)
takes(Morrison, Ramon,cs101D)
takes(Moseley, Kerry,cs150)
takes(Moseley, Vinay,cs101D)
takes(Moustafa, Showna,cs150)
takes(Mozingo, Adam,cs150)
takes(Muhammad, Gustavo,cs455)
takes(Muhammad, Gustavo,cs495)
takes(Mukherjee, Cynthia,cs471)
takes(Mukherjee, Cynthia,cs495)
takes(Mulamba, Jonathon,cs150)
takes(Mundell, Cecilia,cs495)
takes(Mundell, Christian,cs150)
takes(Munden, Terrence,cs101D)
takes(Munroe, Mckinley,cs101D)
takes(Murphy, Ngoc,cs687)
takes(Murray, Gregg,cs101D)
takes(Musselman, Warren,cs471)
takes(Musser, Edmundo,cs899)
takes(Naidu, Kalpesh,cs149D)
takes(Nanjundaswamy, Bradley,cs101D)
takes(Nanjundaswamy, Tariq,cs149D)
takes(Narra, Althea,cs101D)
takes(Narra, Amy,cs149D)
takes(Narra, Julie,cs390)
takes(Narra, Julie,cs471)
takes(Natividad, Ricardo,cs368)
takes(Naujoks, Abigail,cs656)
takes(Navarro, Latron,cs667)
takes(Nazar, Matt,cs150)
takes(Nazar, Matt,cs270)
takes(Neathery, Hesham,cs149D)
takes(Neathery, Qi,cs149D)
takes(Neathery, Rico,cs250)
takes(Neathery, Rico,cs270)
takes(Neblitt, Jaysen,cs101D)
takes(Negron, Nirel,cs101D)
takes(Neil, Christin,cs101D)
takes(Neil, Shaun,cs101D)
takes(Nell, Khariim,cs149D)
takes(Nelson, Andre,cs101D)
takes(Neveu, Stefan,cs101D)
takes(New, Mudit,cs361)
takes(Newcott, Monica,cs101D)
takes(Newsome, Clement,cs101D)
takes(Nganga, Chen-chang,cs149D)
takes(Ngo, Marc,cs101D)
takes(Nguy, Jane,cs250)
takes(Nguyen, Ahmad,cs101D)
takes(Nicely, Lakesha,cs475)
takes(Nichols, Anthony,cs270)
takes(Nichols, Anthony,cs300U)
takes(Niepraschk, Lakesha,cs101D)
takes(Niepraschk, Tawana,cs101D)
takes(Noble, Jillian,cs744)
takes(Noble, Jillian,cs779)
takes(Nocelo, Kalpesh,cs101D)
takes(Noe, Brandon,cs101D)
takes(Nolde, Jianjun,cs361)
takes(Noonan, Jo,cs101D)
takes(Nowak, Vikram,cs495)
takes(Nuckols, Santosh,cs101D)
takes(Nunnally, Madhusudan,cs101D)
takes(Nurney, Lujain,cs150)
takes(O Reilly Chunxiang,cs698)
takes(O Reilly Chunxiang,cs699)
takes(OReilly, Chunxiang,cs697)
takes(Ogunleye, Tameishaon,cs150)
takes(Oliverio, Cindy,cs101D)
takes(Oliverio, Nasrin,cs300U)
takes(Olson, Dexter,cs667)
takes(Olszyk, Fu-sheng,cs300U)
takes(Orenuga, Alicia,cs101D)
takes(Osborn, Omran,cs149D)
takes(Osborne, Audrey,cs101D)
takes(Ost, Xiaobing,cs281)
takes(Ost, Xiaobing,cs300U)
takes(Ostrem, Candaice,cs270)
takes(Ostrem, Candaice,cs300U)
takes(Ostrem, Candaice,cs495)
takes(Ostrem, Candaice,cs497)
takes(Outlaw, Yohannes,cs101D)
takes(Owen, Latha,cs150)
takes(Owens, Marcellus,cs101D)
takes(Paganelli, Adnan,cs150)
takes(Pagano, Marco,cs150)
takes(Page, Sumant,cs281)
takes(Page, Sumant,cs455)
takes(Paige, Xiaobing,cs150)
takes(Pak, Derek,cs101D)
takes(Pal, Christy,cs101D)
takes(Palmer, Robert,cs311)
takes(Panek, Hussain,cs149D)
takes(Panek, Jo,cs101D)
takes(Panek, Ricardo,cs270)
takes(Panek, Ricardo,cs300U)
takes(Panek, Ricardo,cs361)
takes(Papisetty, Soneya,cs250)
takes(Papisetty, Soneya,cs270)
takes(Parinas, Svinurai,cs250)
takes(Parinas, Svinurai,cs270)
takes(Parker, Bor-wen,cs101D)
takes(Parker, Christin,cs101D)
takes(Parker, Holly,cs656)
takes(Parker, Jaysen,cs101D)
takes(Parker, Kailash,cs150)
takes(Parker, Kailash,cs270)
takes(Parker, Leonard,cs101D)
takes(Parker, Sarah-jean,cs149D)
takes(Parker, Sheffan,cs149D)
takes(Parker, Vadim,cs660)
takes(Parrott, Corie,cs250)
takes(Parrott, Corie,cs270)
takes(Pascarosa, Adam,cs149D)
takes(Pascual, Muhammad,cs311)
takes(Pascual, Sean,cs101D)
takes(Pascual, Sonny,cs495)
takes(Pasko, Brent,cs791)
takes(Patel, Jaysen,cs250)
takes(Patel, Sarah-jean,cs150)
takes(Patel, Sarah-jean,cs281)
takes(Patel, Sarah-jean,cs300U)
takes(Paul, Catherine,cs281)
takes(Paul, Catherine,cs471)
takes(Paysinger, Raj,cs361)
takes(Paysinger, Raj,cs660)
takes(Paysinger, Raj,cs779)
takes(Pearson, Nicole,cs665)
takes(Pearson, Nicole,cs690)
takes(Pearson, Nicole,cs779)
takes(Pearson, Nicole,cs796)
takes(Pedersen, Derek,cs101D)
takes(Pellett, Catherine,cs149D)
takes(Peprah, Latashia,cs250)
takes(Pereras, Elron,cs150)
takes(Perry, Calvin,cs101D)
takes(Pezzetti, Yusong,cs150)
takes(Pfahlert, Julie,cs101D)
takes(Pham, Gerard,cs250)
takes(Pham, Gerard,cs281)
takes(Phillips, Jianqiu,cs150)
takes(Pickerel, Sonny,cs101D)
takes(Pidugu, Kaesha,cs150)
takes(Piland, Shanmuganand,cs101D)
takes(Pilides, Jianqiu,cs101D)
takes(Pingel, Erikka,cs101D)
takes(Pintar, Rebecca,cs665)
takes(Pitchford, Ezra,cs250)
takes(Pittman, Ii,cs361)
takes(Pittman, Ii,cs471)
takes(Pittman, Ii,cs791)
takes(Pizzillo, Tameishaon,cs150)
takes(Plank, Katherine,cs101D)
takes(Plecinski, Samuel,cs101D)
takes(Ploskina, Rosalee,cs250)
takes(Plucinski, Olawale,cs101D)
takes(Plummer, Tameishaon,cs101D)
takes(Podruchny, Nakeista,cs250)
takes(Podruchny, Nakeista,cs270)
takes(Poe, Angela,cs355)
takes(Poe, Angela,cs471)
takes(Pogue, Andrey,cs361)
takes(Pogue, Andrey,cs495)
takes(Pogue, Brahmadatt,cs361)
takes(Pogue, Brahmadatt,cs495)
takes(Pogue, Yuta,cs101D)
takes(Pope, Dorathy,cs250)
takes(Porreca, Wendy,cs101D)
takes(Porter, Aretha,cs355)
takes(Porteria, Lhe,cs250)
takes(Porteria, Lhe,cs270)
takes(Potluri, Arijit,cs101D)
takes(Potluri, Catherine,cs281)
takes(Potter, Gustavo,cs270)
takes(Potter, Gustavo,cs368)
takes(Potter, Gustavo,cs390)
takes(Poulson, Gustavo,cs250)
takes(Powell, Cleveland,cs150)
takes(Powles, Tawana,cs495)
takes(Poyner, Ahmad,cs149D)
takes(Pratt, Michalakis,cs101D)
takes(Preston, Hung-an,cs101D)
takes(Preston, Samuel,cs270)
takes(Principe, Jeffrey,cs311)
takes(Prioleau, Andrea,cs101D)
takes(Pucher, Andrian,cs149D)
takes(Pucher, Brian,cs101D)
takes(Pucher, Derrick,cs250)
takes(Pucher, Derrick,cs270)
takes(Pucher, Salvacion,cs101D)
takes(Purvis, Vernon,cs250)
takes(Pyle, Chi,cs101D)
takes(Querimit, Jeremiah,cs150)
takes(Querol, Tiffany,cs101D)
takes(Query, Tameishaon,cs281)
takes(Quimby, Gustavo,cs101D)
takes(Quinn, Desiree,cs101D)
takes(Rafal, Roy,cs101D)
takes(Raines, Corrigan,cs355)
takes(Raines, Corrigan,cs471)
takes(Rajan, Rhonda,cs149D)
takes(Ramirez, Candias,cs270)
takes(Ramirez, Candias,cs281)
takes(Randolph, Darrah,cs250)
takes(Randolph, Darrah,cs281)
takes(Randolph, Darrah,cs395)
takes(Rankin, Tia,cs150)
takes(Rapp, Veronica,cs149D)
takes(Rashid, Temarie,cs417)
takes(Rashid, Temarie,cs471)
takes(Rashid, Yusong,cs101D)
takes(Ravichandran, Yunzhe,cs455)
takes(Rawal, Doris,cs101D)
takes(Raymond, Balaje,cs101D)
takes(Reardon, Lakesha,cs101D)
takes(Reasor, Hamid,cs355)
takes(Reasor, Hamid,cs361)
takes(Reasor, Hamid,cs390)
takes(Reasor, Tierra,cs101D)
takes(Reasor, Tierra,cs149D)
takes(Reaves, Xiaoming,cs101D)
takes(Redmond, Patrycja,cs744)
takes(Reed, Celeste,cs101D)
takes(Reeves, Ahmad,cs150)
takes(Reid, Teerasak,cs495)
takes(Render, Arvind,cs101D)
takes(Reyburn, Darice,cs101D)
takes(Reyes, Gustavo,cs270)
takes(Reyes, Gustavo,cs355)
takes(Reyes, Gustavo,cs471)
takes(Rezendes, Tariq,cs149D)
takes(Rhea, Jarrett,cs101D)
takes(Rice, Denita,cs101D)
takes(Richardson, Candice,cs656)
takes(Richardson, Candice,cs665)
takes(Richardson, Candice,cs690)
takes(Richardson, Juan,cs270)
takes(Richter, Sheffan,cs101D)
takes(Ricks, Qingwen,cs101D)
takes(Riddick, Tameishaon,cs665)
takes(Riddick, Tameishaon,cs744)
takes(Riddick, Tameishaon,cs779)
takes(Riley, Mohsina,cs281)
takes(Rithamel, Avery,cs660)
takes(Rivera, Jesse,cs660)
takes(Rivera, Jesse,cs779)
takes(Rivero, Rhonda,cs101D)
takes(Rizvi, Ahmad,cs250)
takes(Rizvi, Ahmad,cs270)
takes(Roberson, Brett,cs471)
takes(Roberson, Brett,cs495)
takes(Roberts, Noel,cs101D)
takes(Robertson, Gerard,cs495)
takes(Robertson, Karen,cs250)
takes(Robertson, Karen,cs281)
takes(Robertson, Min,cs395)
takes(Robertson, Min,cs417)
takes(Robertson, Min,cs471)
takes(Robinson, Tawana,cs495)
takes(Robison, Tawana,cs656)
takes(Robison, Tawana,cs665)
takes(Robison, Tawana,cs779)
takes(Rocci, Gustavo,cs355)
takes(Rocci, Gustavo,cs361)
takes(Rocha, Rashad,cs250)
takes(Rocha, Rashad,cs270)
takes(Rocha, Rashad,cs300U)
takes(Rodriguez, Desmond,cs101D)
takes(Rogers, Andrew,cs149D)
takes(Rohrer, Eliott,cs101D)
takes(Rollins, Amy,cs300U)
takes(Rollins, Amy,cs355)
takes(Rollins, Amy,cs361)
takes(Rollins, Amy,cs390)
takes(Rollins, Amy,cs455)
takes(Romain, Khang,cs150)
takes(Rose, Philip,cs101D)
takes(Rosenfeld, Tu,cs101D)
takes(Roth, Patrycja,cs101D)
takes(Rouse,, Jana,cs149D)
takes(Rouse,, Jana,cs150)
takes(Ruble, Centrella,cs101D)
takes(Rudd, Sheffan,cs101D)
takes(Rudder, Glory-jane,cs101D)
takes(Rudder, Robert,cs101D)
takes(Rusak, Odell,cs300U)
takes(Rusak, Ricardo,cs355)
takes(Rusak, Ricardo,cs417)
takes(Rusak, Ricardo,cs471)
takes(Rusak, Ricardo,cs495)
takes(Russell, Jongsoon,cs250)
takes(Russell, Jongsoon,cs281)
takes(Russell, Jongsoon,cs300U)
takes(Ryland, Narong,cs361)
takes(Saavedra, Deborah,cs101D)
takes(Sabir, Catherine,cs250)
takes(Sabir, Catherine,cs270)
takes(Sabir, Ernest,cs150)
takes(Saddi, Deveda,cs270)
takes(Saddi, Deveda,cs355)
takes(Sadowski, Samantha,cs150)
takes(Sagedy, Richard,cs150)
takes(Sait, Cruz,cs149D)
takes(Salacup, Xiaobing,cs665)
takes(Salaita, Divyesh,cs101D)
takes(Salamanca, Lonnie,cs250)
takes(Sample, Derek,cs149D)
takes(Santiago, Hung-an,cs101D)
takes(Sarutzki, Naveed,cs395)
takes(Satchell, Trelane,cs390)
takes(Sattar, Anh,cs471)
takes(Sattar, Anh,cs665)
takes(Sattar, Anh,cs796)
takes(Sattar, Shaker,cs791)
takes(Saucier, Ling,cs101D)
takes(Sause, Rajiv,cs355)
takes(Sause, Rajiv,cs367)
takes(Sause, Rajiv,cs390)
takes(Sause, Rajiv,cs450)
takes(Sause, Rajiv,cs495)
takes(Sayles, Rajiv,cs149D)
takes(Scarpelli, Preston,cs656)
takes(Scarpelli, Preston,cs665)
takes(Schoonover, Suzanne,cs270)
takes(Schuhmann, Surendar,cs250)
takes(Schuhmann, Surendar,cs300U)
takes(Schuhmann, Surendar,cs395)
takes(Schultz, Lory,cs101D)
takes(Schwartz, Garry,cs101D)
takes(Schwartz, L,cs150)
takes(Scott, Neleh,cs101D)
takes(Seaborn, Lindsay,cs150)
takes(Seals, Dwayne,cs150)
takes(Seavey, Dilip,cs744)
takes(Seavey, Dilip,cs779)
takes(Seavey, Rajiv,cs150)
takes(Seawell, Hiren,cs250)
takes(Seawell, Hiren,cs270)
takes(Seran, Hung-an,cs149D)
takes(Settar, James,cs149D)
takes(Settar, Stacie,cs355)
takes(Settar, Stacie,cs367)
takes(Settar, Stacie,cs417)
takes(Seyoum, Xkoshan,cs361)
takes(Seyoum, Xkoshan,cs471)
takes(Seyoum, Xkoshan,cs791)
takes(Shabazz, Lan,cs150)
takes(Shahidzadeh, Geneva,cs101D)
takes(Shaik, Tamara,cs270)
takes(Shao, Latisha,cs101D)
takes(Shawnik, Darrell,cs101D)
takes(Shawnik, Josephine,cs656)
takes(Shawnik, Lujain,cs150)
takes(Shawnik, Woudineh,cs471)
takes(Shealy, Gustavo,cs300U)
takes(Shell, Jessica,cs361)
takes(Shelton, Kennie,cs150)
takes(Shi, Nichelle,cs281)
takes(Shi, Nichelle,cs355)
takes(Shi, Nichelle,cs361)
takes(Shi, Nichelle,cs395)
takes(Shirley, Zaki,cs149D)
takes(Shreve, Geneva,cs101D)
takes(Shreves, Ilya,cs250)
takes(Shuniak, Tameishaon,cs355)
takes(Shurtz, Cherese,cs149D)
takes(Shutt, Charlene,cs101D)
takes(Sigua, Lee,cs101D)
takes(Silagyi, Milind,cs899)
takes(Simcoe, Andrea,cs660)
takes(Simcoe, Anthony,cs471)
takes(Simcoe, Carla,cs101D)
takes(Simcoe, Garry,cs101D)
takes(Simcoe, Gustavo,cs101D)
takes(Simcoe, Gustavo,cs150)
takes(Simcoe, Janet,cs101D)
takes(Simcoe, Karitta,cs101D)
takes(Simcoe, Kenneth,cs101D)
takes(Simcoe, Nikolay,cs150)
takes(Simcoe, Ramesh,cs149D)
takes(Simcoe, Rhonda,cs665)
takes(Simcoe, Ricardo,cs150)
takes(Simcoe, Roneshe,cs471)
takes(Simcoe, Roneshe,cs656)
takes(Simcoe, Roneshe,cs665)
takes(Simcoe, Roneshe,cs690)
takes(Simcoe, Rosalee,cs101D)
takes(Simcoe, Serkan,cs101D)
takes(Simcoe, Shameka,cs149D)
takes(Simcoe, Talal,cs101D)
takes(Simcoe, Tariq,cs150)
takes(Simcoe, Timeka,cs270)
takes(Simcoe, Timeka,cs410)
takes(Simmons, Lakesha,cs149D)
takes(Simpkins, Chata,cs270)
takes(Simpkins, Chata,cs311)
takes(Simpkins, Chata,cs410)
takes(Simpkins, Chata,cs417)
takes(Singh, Demontae,cs101D)
takes(Singleton, Jefrado,cs150)
takes(Siripant, Hugh,cs667)
takes(Slade, Shwante,cs101D)
takes(Slight, Dmitry,cs667)
takes(Smith, Michelle,cs149D)
takes(Smolewski, Lena,cs899)
takes(Smyth, Abolawole,cs450)
takes(Smyth, Abolawole,cs495)
takes(Snead, Tameishaon,cs690)
takes(Snead, Tameishaon,cs899)
takes(Snellings, Catherine,cs250)
takes(Snellings, Catherine,cs270)
takes(Snellings, Catherine,cs311)
takes(Snider, Neleh,cs101D)
takes(Snow, Candaice,cs150)
takes(Snow, Enrique,cs150)
takes(Snow, Gustavo,cs101D)
takes(Snow, Xiaoming,cs149D)
takes(Solis, Matthew,cs101D)
takes(Somu, Clement,cs101D)
takes(Sonkin, Saba,cs101D)
takes(Sontag, Mohammed,cs101D)
takes(Sorrell, Cenk,cs150)
takes(Soskel, Balaje,cs101D)
takes(Sotomayor, Stacy,cs355)
takes(Sotomayor, Stacy,cs368)
takes(Sotomayor, Stacy,cs495)
takes(Southard, Jianqiu,cs150)
takes(Southerland, Gustavo,cs150)
takes(Spahnie, Dagim,cs150)
takes(Sparks, Gustavo,cs150)
takes(Sparmo, Orlertta,cs149D)
takes(Spiker, Hau,cs250)
takes(Spinella, Clelia,cs101D)
takes(Spracklin, Sridevi,cs250)
takes(Spracklin, Sridevi,cs270)
takes(Spratley, Jaysen,cs150)
takes(Squyres, Kristen,cs395)
takes(Srimushnam, Cuc,cs300U)
takes(Stacks, Anthony,cs149D)
takes(Stafford, Andrea,cs250)
takes(Stamaria, Koura,cs417)
takes(Stamaria, Koura,cs455)
takes(Stamaria, Koura,cs471)
takes(Stancill, Dennison,cs451)
takes(Starr, Dawn,cs361)
takes(Starr, Dawn,cs471)
takes(Starr, Dawn,cs665)
takes(Starr, Joy,cs690)
takes(Steeley, Kristin,cs101D)
takes(Steeley, Oscar,cs101D)
takes(Stewart, Ricardo,cs101D)
takes(Stinson, Ricardo,cs150)
takes(Stith, Nabil,cs101D)
takes(Stocks, Jeffery,cs101D)
takes(Stone, Katie,cs101D)
takes(Stoner, Kalpesh,cs101D)
takes(Stoner, Natia,cs281)
takes(Stoner, Natia,cs300U)
takes(Stoner, Natia,cs361)
takes(Stover, Glenn,cs250)
takes(Stover, Glenn,cs270)
takes(Stratton, Secoria,cs899)
takes(Stricker, Louis,cs101D)
takes(Strosahl, Latashia,cs149D)
takes(Stuckey, Audrey,cs101D)
takes(Stuckey, Lisa,cs101D)
takes(Stuckey, Xavier,cs101D)
takes(Sturm, Lara,cs150)
takes(Suggs, Christine,cs281)
takes(Suhre, Tameishaon,cs101D)
takes(Sullivan, Dennison,cs355)
takes(Sullivan, Dennison,cs390)
takes(Sullivan, Dennison,cs495)
takes(Suoudi, Jacob,cs395)
takes(Sura, Elvin,cs150)
takes(Surratt, Tameishaon,cs250)
takes(Sutherland, Jaysen,cs101D)
takes(Svetahor, Brielle,cs667)
takes(Svetahor, Sultana,cs250)
takes(Svetahor, Sultana,cs270)
takes(Svetahor, Sultana,cs281)
takes(Swamy, Juanda,cs270)
takes(Swaney, Alex,cs150)
takes(Swann, Jay,cs101D)
takes(Swao, Barbara,cs660)
takes(Swao, Barbara,cs690)
takes(Swao, Barbara,cs697)
takes(Swegan, Vincent,cs361)
takes(Syed, Derek,cs101D)
takes(Syed, Montree,cs250)
takes(Szvetics, Audrey,cs101D)
takes(Tajima, Srikanth,cs101D)
takes(Taliaferro, Keriann,cs101D)
takes(Talkad, Tawana,cs101D)
takes(Tan, Manoharreddy,cs101D)
takes(Tandoc, Latonya,cs150)
takes(Tarafdar, Annie,cs149D)
takes(Tarafdar, Catherine,cs495)
takes(Taxis, Candias,cs150)
takes(Taxis, Fatmata,cs101D)
takes(Taxis, Samuel,cs270)
takes(Taxis, Samuel,cs281)
takes(Taylor, Balaje,cs149D)
takes(Teachey, Jianqiu,cs149D)
takes(Teachey, Tyrone,cs471)
takes(Tenia, Addiel,cs300U)
takes(Terry, Eliott,cs101D)
takes(Thepvongsa, Nabil,cs101D)
takes(Thomas, Danielle,cs101D)
takes(Thomason, Mark,cs250)
takes(Thomason, Terrence,cs101D)
takes(Thompson, Sreesha,cs101D)
takes(Threlkeld, Tamika,cs250)
takes(Threlkeld, Tamika,cs270)
takes(Throckmorton, Surendar,cs149D)
takes(Thymides, Andrea,cs101D)
takes(Thymides, Glen,cs281)
takes(Tirol, Kyra,cs698)
takes(Tirol, Kyra,cs699)
takes(Titiz, Amy,cs101D)
takes(Titus, Derek,cs101D)
takes(Tobey, Ricardo,cs101D)
takes(Todd, Sumant,cs101D)
takes(Toida, Sonny,cs150)
takes(Tokarz, Deveda,cs250)
takes(Tokarz, Deveda,cs270)
takes(Tomioka, Gerhard,cs697)
takes(Tomioka, Gerhard,cs779)
takes(Tomioka, Gerhard,cs796)
takes(Tomioka, Vaibhav,cs311)
takes(Tomioka, Vaibhav,cs455)
takes(Tran, Gustavo,cs250)
takes(Travaglio, Amil,cs150)
takes(Travaglio, Peter,cs361)
takes(Treto, Sheffan,cs149D)
takes(Treto, Xiaoming,cs250)
takes(Treto, Xiaoming,cs270)
takes(Trimarchi, Deveda,cs300U)
takes(Trimarchi, Deveda,cs395)
takes(Trimarchi, Deveda,cs471)
takes(Trimarchi, Deveda,cs495)
takes(Tsai, Anthony,cs150)
takes(Tuason, Dagim,cs417)
takes(Tubman, Wamda,cs101D)
takes(Tubyangye, Charissa,cs150)
takes(Tubyangye, Stanley,cs101D)
takes(Tucker, Michele,cs149D)
takes(Turkhia, Graham,cs250)
takes(Turner, Donna,cs101D)
takes(Tyer, Dagim,cs475)
takes(Tyson, Christoher,cs101D)
takes(Tytell, Isamu,cs101D)
takes(Uecker, Yu-chieh,cs150)
takes(Upadhyay, Tarah,cs656)
takes(Upadhyay, Tarah,cs690)
takes(Upadhyay, Tarah,cs779)
takes(Upton, Clinton,cs101D)
takes(Valentine, Edmundo,cs250)
takes(Valentine, Edmundo,cs270)
takes(Valete, Liceny,cs149D)
takes(Vallabh, Abdulkarim,cs101D)
takes(Van, Joseph,cs390)
takes(Vangala, Jaysen,cs270)
takes(Vangala, Jaysen,cs361)
takes(Vangraafeiland, Nabil,cs101D)
takes(Vann, Rhonda,cs150)
takes(Vannatta, Pamela,cs250)
takes(Vannatta, Pamela,cs270)
takes(Varkala, Shaun,cs101D)
takes(Vasconcelos, Tameishaon,cs101D)
takes(Vatsa, Joseph,cs101D)
takes(Vaughan, Sabria,cs149D)
takes(Velasco, Bryan,cs101D)
takes(Velasquez, Adam,cs150)
takes(Venable, Larry,cs101D)
takes(Veney, Paul,cs150)
takes(Vera, Gustavo,cs149D)
takes(Vernon, Esling,cs899)
takes(Vincent, Yohannes,cs101D)
takes(Vines, Aazhi,cs101D)
takes(Vines, Latisha,cs101D)
takes(Virata, Cindy,cs361)
takes(Voightritter, Wanda,cs471)
takes(Vu, Catherine,cs270)
takes(Vu, Catherine,cs300U)
takes(Vuong, Denita,cs101D)
takes(Waddell, Jaysen,cs150)
takes(Waddy, Jolanda,cs101D)
takes(Wade, Travis,cs150)
takes(Wainwright, Fan,cs101D)
takes(Wajid, Teressa,cs101D)
takes(Waldecker, Arthur,cs250)
takes(Waldecker, Arthur,cs270)
takes(Waldecker, Arthur,cs281)
takes(Waldecker, Arthur,cs300U)
takes(Waldo, Balaje,cs270)
takes(Waldo, Balaje,cs455)
takes(Walia, Kshama,cs270)
takes(Walker, Allen,cs311)
takes(Wall, Jenifer,cs250)
takes(Walters, Candaice,cs779)
takes(Walton, David,cs149D)
takes(Wang, Askia,cs101D)
takes(Wang, Julio,cs101D)
takes(Ward, Alisa,cs300U)
takes(Ward, Alisa,cs355)
takes(Ward, Alisa,cs410)
takes(Ward, Alisa,cs495)
takes(Warner, Teerasak,cs101D)
takes(Warren, Reginald,cs101D)
takes(Washington, Rajesh,cs150)
takes(Waters, Cary,cs101D)
takes(Waters, Jeremy,cs495)
takes(Watson, Jamie,cs101D)
takes(Watts, Cary,cs101D)
takes(Watzlavick, Don,cs101D)
takes(Waun, Usman,cs455)
takes(Waun, Usman,cs495)
takes(Weaver, Rhonda,cs149D)
takes(Webb, Charissa,cs150)
takes(Weber, Amy,cs101D)
takes(Weddington, Lauren,cs150)
takes(Weller, Sabria,cs150)
takes(Weller, Terra,cs250)
takes(Wells, Donell,cs101D)
takes(West, Bernard,cs390)
takes(West, Bernard,cs495)
takes(Wetherington, Delvin,cs150)
takes(Wheatley-adler, Chi,cs101D)
takes(Wheeler, Aaron,cs390)
takes(Whiley, Mohamed,cs101D)
takes(Whiley, Tameishaon,cs250)
takes(Whiley, Tameishaon,cs270)
takes(Whiley, Vin-jun,cs101D)
takes(White, Catherine,cs101D)
takes(Whitehead, Marcus,cs250)
takes(Whitehead, Marcus,cs270)
takes(Whitt, Sonny,cs410)
takes(Whitt, Sonny,cs417)
takes(Wigfield, Donald,cs149D)
takes(Wigfield, Tu,cs101D)
takes(Wigginton, Donell,cs270)
takes(Wigginton, Donell,cs311)
takes(Wilkins, Nura,cs101D)
takes(Wilkinson, Rosalee,cs149D)
takes(Williams, Keith,cs656)
takes(Williams, Keith,cs665)
takes(Williams, Keith,cs690)
takes(Williams, Keith,cs698)
takes(Williams, Keith,cs699)
takes(Willis, Rhonda,cs101D)
takes(Wilson, Sherry,cs101D)
takes(Wingler, Nadia,cs101D)
takes(Winslow, Catherine,cs101D)
takes(Winslow, Christin,cs150)
takes(Wiroteurairuang, Yuta,cs101D)
takes(Witcher, Xiaobing,cs101D)
takes(Witham, Victoria,cs101D)
takes(Witherspoon,, Satyam,cs150)
takes(Witherspoon,, Tara,cs250)
takes(Witherspoon,, Tara,cs270)
takes(Withycomb, Samuel,cs150)
takes(Wittges, Iii,cs101D)
takes(Wittges, Kivondra,cs150)
takes(Wolford, Gena,cs150)
takes(Wolfson, Rhonda,cs150)
takes(Wolnitzek, Hua,cs101D)
takes(Woltz, Jullanar,cs270)
takes(Woltz, Jullanar,cs281)
takes(Woltz, Jullanar,cs300U)
takes(Wood, Balaje,cs101D)
takes(Woodbury, Jeffrey,cs698)
takes(Woodbury, Jeffrey,cs699)
takes(Woodbury, Jeffrey,cs744)
takes(Woodbury, Jeffrey,cs778)
takes(Woodland, Chen-chang,cs150)
takes(Woods, Charles,cs270)
takes(Woods, Claude,cs665)
takes(Woods, Claude,cs791)
takes(Woods, Claude,cs796)
takes(Woods, Dan,cs495)
takes(Woods, Roderick,cs665)
takes(Woods, Shaneka,cs250)
takes(Woods, Shaneka,cs270)
takes(Woods, Wei,cs149D)
takes(Woods, Yunhai,cs665)
takes(Woody, Divyesh,cs101D)
takes(Wooley, Balaje,cs101D)
takes(Wooten, Yusong,cs250)
takes(Wright, Cruz,cs451)
takes(Wright, Cruz,cs455)
takes(Wu, Deana,cs361)
takes(Xu, Clinton,cs101D)
takes(Yamashita, Jaysen,cs101D)
takes(Yan, Rosalee,cs101D)
takes(Yang, Stephen,cs150)
takes(Yankanwich, Jonathon,cs250)
takes(Yankanwich, Jonathon,cs281)
takes(Yayla, Akia,cs361)
takes(Yayla, Akia,cs796)
takes(Yeatts, Albert,cs281)
takes(Yelluri, Jaysen,cs300U)
takes(Yi, Debbie,cs250)
takes(Yildirimturk, Donald,cs101D)
takes(Yirga, Juanita,cs475)
takes(Yoder, Brian,cs150)
takes(Yoder, Gustavo,cs355)
takes(Yoder, Gustavo,cs410)
takes(Yoder, Gustavo,cs495)
takes(Yoder, Ranjit,cs150)
takes(Yoon, Chen-chang,cs150)
takes(Yoon, Rhonda,cs270)
takes(Young, Heidi,cs150)
takes(Yue, Nabil,cs101D)
takes(Zachos, Brian,cs101D)
takes(Zachos, Rosalee,cs149D)
takes(Zahir, Cryshel,cs471)
takes(Zahir, Gustavo,cs149D)
takes(Zaini, Trennell,cs390)
takes(Zamora, Sheng,cs150)
takes(Zang, Fu-sheng,cs150)
takes(Zeher, Alfred,cs270)
takes(Zeher, Alfred,cs281)
takes(Zeher, Alfred,cs361)
takes(Zhai, Arthur,cs150)
takes(Zhang, Amol,cs101D)
takes(Zhao, Balaje,cs101D)
takes(Zhu, Shunta,cs101D)
takes(Zimmerebner, Ayako,cs101D)
takes(Zotikos, Danu,cs101D)
takes(Zwicker, Dennis,cs101D)
