Allison, Chen-chang
Angeles, Eric
Balingit, Catherine
Bannon, Carlin
Barnes, Maria
Bryant, Natasha
Cai, Candaice
Candies, Iman
Corton, Lawanda
Dammalapati, Tameishaon
Fei, Tawana
Gary, Anthony
Hoffmann, Rachael
Irintchev, Adel
Ishfaq, Abdullah
Kidd, Ahmad
Legg, Lakesha
Li, Lawson
Littrell, Teresa
Mack, Lakesha
Mason, Jenifer
Mccormack, Christin
Mcghee, Valentina
Miller, Crystal
Mills, Jinghua
Minor, Glenn
Mitchell, Jeremiah
Poe, Angela
Porter, Aretha
Raines, Corrigan
Reasor, Hamid
Reyes, Gustavo
Rocci, Gustavo
Rollins, Amy
Rusak, Ricardo
Saddi, Deveda
Sause, Rajiv
Settar, Stacie
Shi, Nichelle
Shuniak, Tameishaon
Sullivan, Dennison
Ward, Alisa
Yoder, Gustavo
no
